\BOOKMARK [1][-]{section.1}{\376\377\200\003\160\271\0001\000:\154\342\122\250\163\207\137\256\173\021}{}% 1
\BOOKMARK [2][-]{Item.4}{\376\377\230\230\123\367\0001\200\003\133\337\000:\000\040\167\013\155\250\000-\167\013\215\314\147\037\147\103\136\163\116\367\121\163\174\373}{section.1}% 2
\BOOKMARK [2][-]{Item.8}{\376\377\230\230\123\367\0002\200\003\133\337\000:\000\040\000S\000t\000i\000c\000k\000y\000\040\000S\000t\000r\000i\000k\000e\000\040\000R\000u\000l\000e\000\040\166\204\150\070\137\303\120\107\213\276}{section.1}% 3
\BOOKMARK [2][-]{Item.12}{\376\377\230\230\123\367\0003\200\003\133\337\000:\000\040\000B\000S\000M\000\040\152\041\127\213\127\050\131\004\164\006\226\234\170\215\147\037\147\103\377\010\162\171\122\053\146\057\116\012\123\107\121\372\134\100\147\037\147\103\377\011\145\366\166\204\134\100\226\120\140\047}{section.1}% 4
\BOOKMARK [2][-]{Item.16}{\376\377\230\230\123\367\0004\200\003\133\337\000:\000\040\215\047\136\001\147\037\147\103\154\342\122\250\163\207\137\256\173\021}{section.1}% 5
\BOOKMARK [2][-]{Item.20}{\376\377\230\230\123\367\0005\200\003\133\337\000:\000\040\215\047\136\001\147\037\147\103\154\342\122\250\163\207\137\256\173\021}{section.1}% 6
\BOOKMARK [2][-]{Item.24}{\376\377\230\230\123\367\0006\200\003\133\337\000:\000\040\200\241\171\150\147\037\147\103\154\342\122\250\163\207\137\256\173\021}{section.1}% 7
\BOOKMARK [2][-]{Item.28}{\376\377\230\230\123\367\0007\200\003\133\337\000:\000\040\154\342\122\250\163\207\137\256\173\021\116\016\147\037\147\033\167\355\177\072\377\010\000E\000S\377\011}{section.1}% 8
\BOOKMARK [2][-]{Item.32}{\376\377\230\230\123\367\0008\200\003\133\337\000:\000\040\147\037\147\103\133\232\116\367\116\055\166\204\154\342\122\250\163\207\137\256\173\021}{section.1}% 9
\BOOKMARK [2][-]{Item.36}{\376\377\230\230\123\367\0009\200\003\133\337\000:\000\040\140\122\133\232\154\342\122\250\163\207\120\107\213\276\116\013\166\204\226\220\124\053\154\342\122\250\163\207\117\116\117\060}{section.1}% 10
\BOOKMARK [2][-]{Item.40}{\376\377\230\230\123\367\0001\0000\200\003\133\337\000:\000\040\215\047\136\001\147\037\147\103\154\342\122\250\163\207\137\256\173\021\116\016\147\201\172\357\116\367\150\074\123\330\122\250\230\204\147\037}{section.1}% 11
\BOOKMARK [2][-]{Item.44}{\376\377\230\230\123\367\0001\0001\200\003\133\337\000:\000\040\000B\000S\000M\000\040\152\041\127\213\127\050\131\004\164\006\226\234\170\215\147\037\147\103\377\010\162\171\122\053\146\057\116\012\123\107\121\372\134\100\147\037\147\103\377\011\145\366\166\204\134\100\226\120\140\047}{section.1}% 12
\BOOKMARK [2][-]{Item.48}{\376\377\230\230\123\367\0001\0002\200\003\133\337\000:\000\040\167\013\155\250\000-\167\013\215\314\147\037\147\103\136\163\116\367\121\163\174\373}{section.1}% 13
\BOOKMARK [2][-]{Item.52}{\376\377\230\230\123\367\0001\0003\200\003\133\337\000:\000\040\200\241\171\150\147\037\147\103\154\342\122\250\163\207\137\256\173\021\116\016\147\037\147\033\167\355\177\072\377\010\000E\000S\377\011}{section.1}% 14
\BOOKMARK [2][-]{Item.56}{\376\377\230\230\123\367\0001\0004\200\003\133\337\000:\000\040\200\241\171\150\147\037\147\103\133\232\116\367\116\055\166\204\154\342\122\250\163\207\137\256\173\021\116\016\147\037\147\033\167\355\177\072\377\010\000E\000S\377\011}{section.1}% 15
\BOOKMARK [2][-]{Item.60}{\376\377\230\230\123\367\0001\0005\200\003\133\337\000:\000\040\147\037\147\103\133\232\116\367\116\055\166\204\154\342\122\250\163\207\137\256\173\021}{section.1}% 16
\BOOKMARK [2][-]{Item.64}{\376\377\230\230\123\367\0001\0006\200\003\133\337\000:\000\040\154\107\163\207\147\037\147\103\154\342\122\250\163\207\137\256\173\021}{section.1}% 17
\BOOKMARK [2][-]{Item.68}{\376\377\230\230\123\367\0001\0007\200\003\133\337\000:\000\040\154\107\163\207\147\037\147\103\154\342\122\250\163\207\137\256\173\021\116\016\147\037\147\033\167\355\177\072\377\010\000E\000S\377\011}{section.1}% 18
\BOOKMARK [2][-]{Item.72}{\376\377\230\230\123\367\0001\0008\200\003\133\337\000:\000\040\226\220\124\053\154\342\122\250\163\207\146\362\227\142\116\016\154\342\122\250\163\207\147\037\226\120\176\323\147\204}{section.1}% 19
\BOOKMARK [2][-]{Item.76}{\376\377\230\230\123\367\0001\0009\200\003\133\337\000:\000\040\221\315\131\047\116\213\116\366\133\371\147\037\147\103\154\342\122\250\163\207\146\362\176\277\166\204\137\161\124\315}{section.1}% 20
\BOOKMARK [2][-]{Item.80}{\376\377\230\230\123\367\0002\0000\200\003\133\337\000:\000\040\154\107\163\207\122\006\136\003\166\204\215\205\230\235\134\360\136\246\116\016\147\037\147\103\116\367\150\074}{section.1}% 21
\BOOKMARK [2][-]{Item.84}{\376\377\230\230\123\367\0002\0001\200\003\133\337\000:\000\040\215\104\116\247\154\342\122\250\163\207\130\236\122\240\133\371\121\154\123\370\116\367\120\074\166\204\137\161\124\315}{section.1}% 22
