\BOOKMARK [1][-]{section.1}{\376\377\200\003\160\271\0001\000:\122\051\165\050\147\037\226\120\176\323\147\204\152\041\127\213\217\333\210\114\131\127\122\051\133\232\116\367}{}% 1
\BOOKMARK [2][-]{Item.4}{\376\377\230\230\123\367\0001\200\003\133\337\000:\000\040\000\040\164\006\211\343\230\316\226\151\173\241\164\006\377\032\146\364\121\163\154\350\141\017\131\026\143\137\131\061\200\014\227\136\230\204\147\037\143\137\131\061\000\040}{section.1}% 2
\BOOKMARK [2][-]{Item.8}{\376\377\230\230\123\367\0002\200\003\133\337\000:\000\040\000\040\164\006\211\343\230\316\226\151\116\055\140\047\133\232\116\367\377\032\215\104\116\247\116\345\145\340\230\316\226\151\122\051\163\207\130\236\225\177\000\040}{section.1}% 3
\BOOKMARK [2][-]{Item.12}{\376\377\230\230\123\367\0003\200\003\133\337\000:\000\040\000\040\164\006\211\343\230\316\226\151\116\055\140\047\133\232\116\367\377\032\150\071\143\156\137\123\122\115\116\367\150\074\213\241\173\227\151\202\163\207\000\040}{section.1}% 4
\BOOKMARK [2][-]{Item.16}{\376\377\230\230\123\367\0004\200\003\133\337\000:\000\040\000\040\143\214\143\341\116\214\123\311\150\021\133\232\116\367\377\032\150\071\143\156\230\316\226\151\116\055\140\047\151\202\163\207\213\241\173\227\147\037\147\103\116\367\120\074\000\040}{section.1}% 5
\BOOKMARK [2][-]{Item.20}{\376\377\230\230\123\367\0005\200\003\133\337\000:\000\040\000\040\164\006\211\343\000B\000S\000M\152\041\127\213\134\100\226\120\377\032\120\072\122\070\116\367\150\074\147\011\116\012\226\120\377\014\154\342\122\250\163\207\227\136\136\070\145\160\000\040}{section.1}% 6
\BOOKMARK [2][-]{Item.24}{\376\377\230\230\123\367\0006\200\003\133\337\000:\000\040\000\040\164\006\211\343\126\372\133\232\145\066\166\312\133\232\116\367\377\032\123\357\215\116\126\336\120\072\122\070\147\011\116\012\226\120\377\014\145\366\225\364\225\364\226\224\137\161\124\315\174\276\136\246\000\040}{section.1}% 7
\BOOKMARK [2][-]{Item.28}{\376\377\230\230\123\367\0007\200\003\133\337\000:\000\040\000\040\143\214\143\341\116\214\123\311\150\021\133\232\116\367\377\032\200\003\206\121\142\100\147\011\215\357\137\204\166\204\151\202\163\207\124\214\142\230\163\260\000\040}{section.1}% 8
\BOOKMARK [2][-]{Item.32}{\376\377\230\230\123\367\0008\200\003\133\337\000:\000\040\000\040\143\214\143\341\147\037\147\103\133\232\116\367\377\032\150\071\143\156\230\316\226\151\116\055\140\047\151\202\163\207\213\241\173\227\147\037\147\033\145\066\166\312\000\040}{section.1}% 9
\BOOKMARK [2][-]{Item.36}{\376\377\230\230\123\367\0009\200\003\133\337\000:\000\040\000\040\164\006\211\343\121\370\140\047\145\110\136\224\377\032\000J\000e\000n\000s\000e\000n\116\015\173\111\137\017\133\374\201\364\147\037\147\033\142\230\163\260\131\047\116\216\142\230\163\260\147\037\147\033\000\040}{section.1}% 10
\BOOKMARK [2][-]{Item.40}{\376\377\230\230\123\367\0001\0000\200\003\133\337\000:\000\040\000\040\164\006\211\343\123\357\126\336\125\056\120\072\122\070\377\032\121\167\147\011\153\143\121\370\140\047\377\014\226\120\122\066\116\013\215\314\230\316\226\151\000\040}{section.1}% 11
\BOOKMARK [2][-]{Item.44}{\376\377\230\230\123\367\0001\0001\200\003\133\337\000:\000\040\000\040\164\006\211\343\147\037\147\103\133\232\116\367\377\032\154\342\122\250\163\207\215\212\232\330\377\014\147\037\147\103\116\367\150\074\215\212\232\330\000\040}{section.1}% 12
\BOOKMARK [2][-]{Item.48}{\376\377\230\230\123\367\0001\0002\200\003\133\337\000:\000\040\000\040\164\006\211\343\000B\000S\000M\152\041\127\213\134\100\226\120\377\032\120\072\122\070\116\367\150\074\147\011\116\012\226\120\377\014\154\342\122\250\163\207\227\136\136\070\145\160\000\040}{section.1}% 13
\BOOKMARK [2][-]{Item.52}{\376\377\230\230\123\367\0001\0003\200\003\133\337\000:\000\040\000\040\143\214\143\341\116\214\123\311\150\021\152\041\127\213\377\032\117\177\165\050\230\316\226\151\116\055\140\047\151\202\163\207\213\241\173\227\147\037\147\103\116\367\120\074\000\040}{section.1}% 14
\BOOKMARK [2][-]{Item.56}{\376\377\230\230\123\367\0001\0004\200\003\133\337\000:\000\040\000\040\164\006\211\343\230\316\226\151\116\055\140\047\133\232\116\367\377\032\117\177\230\204\147\037\142\230\163\260\116\367\120\074\173\111\116\216\136\002\127\072\116\367\150\074\000\040}{section.1}% 15
\BOOKMARK [1][-]{section.2}{\376\377\200\003\160\271\0002\000:\230\204\147\037\060\001\230\316\226\151\156\242\116\367\060\001\121\370\140\047\124\214\147\037\226\120\176\323\147\204\166\204\137\142\162\266}{}% 16
\BOOKMARK [2][-]{Item.60}{\376\377\230\230\123\367\0001\200\003\133\337\000:\000\040\121\370\140\047\116\016\147\037\226\120}{section.2}% 17
\BOOKMARK [2][-]{Item.64}{\376\377\230\230\123\367\0002\200\003\133\337\000:\000\040\123\163\147\037\122\051\163\207\213\241\173\227}{section.2}% 18
\BOOKMARK [2][-]{Item.68}{\376\377\230\230\123\367\0003\200\003\133\337\000:\000\040\121\370\140\047\116\016\147\037\226\120\121\163\174\373}{section.2}% 19
\BOOKMARK [2][-]{Item.72}{\376\377\230\230\123\367\0004\200\003\133\337\000:\000\040\226\366\140\157\120\072\133\232\116\367\116\016\230\316\226\151\156\242\116\367}{section.2}% 20
\BOOKMARK [2][-]{Item.76}{\376\377\230\230\123\367\0005\200\003\133\337\000:\000\040\226\366\140\157\120\072\133\232\116\367\116\016\230\316\226\151\156\242\116\367}{section.2}% 21
\BOOKMARK [1][-]{section.3}{\376\377\200\003\160\271\0003\000:\147\037\226\120\176\323\147\204\152\041\127\213\377\032\157\002\171\373\124\214\154\342\122\250\140\047\122\006\136\003}{}% 22
\BOOKMARK [2][-]{Item.81}{\376\377\230\230\123\367\0001\200\003\133\337\000:\000\040\152\041\127\213\0001\116\016\152\041\127\213\0002\153\324\217\203}{section.3}% 23
\BOOKMARK [2][-]{Item.85}{\376\377\230\230\123\367\0002\200\003\133\337\000:\000\040\127\107\120\074\126\336\131\015\116\016\176\317\155\116\155\210\140\157}{section.3}% 24
\BOOKMARK [2][-]{Item.89}{\376\377\230\230\123\367\0003\200\003\133\337\000:\000\040\000V\000a\000s\000i\000c\000e\000k\152\041\127\213\122\051\163\207\150\021\213\241\173\227}{section.3}% 25
\BOOKMARK [2][-]{Item.93}{\376\377\230\230\123\367\0004\200\003\133\337\000:\000\040\000M\000o\000d\000e\000l\000\040\0002\122\051\163\207\150\021\213\241\173\227}{section.3}% 26
\BOOKMARK [2][-]{Item.97}{\376\377\230\230\123\367\0005\200\003\133\337\000:\000\040\000M\000o\000d\000e\000l\000\040\0001\122\051\163\207\150\021\213\241\173\227}{section.3}% 27
\BOOKMARK [2][-]{Item.101}{\376\377\230\230\123\367\0006\200\003\133\337\000:\000\040\000M\000o\000d\000e\000l\000\040\0002\122\051\163\207\150\021\202\202\160\271\213\241\173\227}{section.3}% 28
\BOOKMARK [2][-]{Item.105}{\376\377\230\230\123\367\0007\200\003\133\337\000:\000\040\000H\000o\000-\000L\000e\000e\152\041\127\213\122\051\163\207\150\021\213\241\173\227}{section.3}% 29
\BOOKMARK [2][-]{Item.109}{\376\377\230\230\123\367\0008\200\003\133\337\000:\000\040\215\037\122\051\163\207\131\004\164\006\145\271\154\325}{section.3}% 30
\BOOKMARK [2][-]{Item.113}{\376\377\230\230\123\367\0009\200\003\133\337\000:\000\040\145\366\225\364\166\370\121\163\154\342\122\250\163\207\152\041\127\213}{section.3}% 31
\BOOKMARK [2][-]{Item.117}{\376\377\230\230\123\367\0001\0000\200\003\133\337\000:\000\040\000H\000o\000-\000L\000e\000e\152\041\127\213\116\016\133\371\145\160\153\143\140\001\152\041\127\213}{section.3}% 32
\BOOKMARK [2][-]{Item.121}{\376\377\230\230\123\367\0001\0001\200\003\133\337\000:\000\040\122\051\163\207\152\041\127\213\162\171\140\047\153\324\217\203}{section.3}% 33
\BOOKMARK [2][-]{Item.125}{\376\377\230\230\123\367\0001\0002\200\003\133\337\000:\000\040\145\340\157\002\171\373\152\041\127\213\122\051\163\207\123\330\122\250}{section.3}% 34
\BOOKMARK [2][-]{Item.129}{\376\377\230\230\123\367\0001\0003\200\003\133\337\000:\000\040\000M\000o\000d\000e\000l\000\040\0001\122\051\163\207\150\021\202\202\160\271\213\241\173\227}{section.3}% 35
\BOOKMARK [2][-]{Item.133}{\376\377\230\230\123\367\0001\0004\200\003\133\337\000:\000\040\000M\000o\000d\000e\000l\000\040\0002\122\051\163\207\150\021\202\202\160\271\213\241\173\227}{section.3}% 36
\BOOKMARK [2][-]{Item.137}{\376\377\230\230\123\367\0001\0005\200\003\133\337\000:\000\040\000M\000o\000d\000e\000l\000\040\0002\122\051\163\207\150\021\213\241\173\227}{section.3}% 37
\BOOKMARK [2][-]{Item.141}{\376\377\230\230\123\367\0001\0006\200\003\133\337\000:\000\040\000M\000o\000d\000e\000l\000\040\0001\122\051\163\207\150\021\213\241\173\227}{section.3}% 38
\BOOKMARK [2][-]{Item.145}{\376\377\230\230\123\367\0001\0007\200\003\133\337\000:\000\040\000M\000o\000d\000e\000l\000\040\0001\122\051\163\207\150\021\213\241\173\227}{section.3}% 39
\BOOKMARK [2][-]{Item.149}{\376\377\230\230\123\367\0001\0008\200\003\133\337\000:\000\040\000M\000o\000d\000e\000l\000\040\0002\122\051\163\207\150\021\213\241\173\227}{section.3}% 40
\BOOKMARK [2][-]{Item.153}{\376\377\230\230\123\367\0001\0009\200\003\133\337\000:\000\040\145\340\157\002\171\373\152\041\127\213\122\051\163\207\152\041\142\337}{section.3}% 41
\BOOKMARK [2][-]{Item.157}{\376\377\230\230\123\367\0002\0000\200\003\133\337\000:\000\040\230\316\226\151\126\340\175\040\116\244\116\222\122\006\147\220}{section.3}% 42
\BOOKMARK [2][-]{Item.161}{\376\377\230\230\123\367\0002\0001\200\003\133\337\000:\000\040\230\316\226\151\156\242\116\367\120\072\122\070\116\367\150\074\123\330\123\026}{section.3}% 43
\BOOKMARK [2][-]{Item.165}{\376\377\230\230\123\367\0002\0002\200\003\133\337\000:\000\040\000H\000o\000-\000L\000e\000e\152\041\127\213\157\002\171\373\162\171\140\047}{section.3}% 44
\BOOKMARK [2][-]{Item.169}{\376\377\230\230\123\367\0002\0003\200\003\133\337\000:\000\040\000V\000a\000s\000i\000c\000e\000k\152\041\127\213\127\107\120\074\126\336\131\015\116\016\157\002\171\373}{section.3}% 45
\BOOKMARK [2][-]{Item.173}{\376\377\230\230\123\367\0002\0004\200\003\133\337\000:\000\040\000M\000o\000d\000e\000l\000\040\0002\157\002\171\373\116\016\230\316\226\151\156\242\116\367}{section.3}% 46
\BOOKMARK [2][-]{Item.177}{\376\377\230\230\123\367\0002\0005\200\003\133\337\000:\000\040\000C\000I\000R\152\041\127\213\122\051\163\207\123\330\122\250\213\241\173\227}{section.3}% 47
\BOOKMARK [2][-]{Item.181}{\376\377\230\230\123\367\0002\0006\200\003\133\337\000:\000\040\000V\000a\000s\000i\000c\000e\000k\152\041\127\213\150\021\166\204\151\202\163\207\213\276\133\232}{section.3}% 48
\BOOKMARK [2][-]{Item.185}{\376\377\230\230\123\367\0002\0007\200\003\133\337\000:\000\040\000H\000o\000-\000L\000e\000e\152\041\127\213\122\051\163\207\150\021\213\241\173\227}{section.3}% 49
\BOOKMARK [2][-]{Item.189}{\376\377\230\230\123\367\0002\0008\200\003\133\337\000:\000\040\000C\000I\000R\152\041\127\213\154\342\122\250\163\207\120\107\213\276}{section.3}% 50
\BOOKMARK [2][-]{Item.193}{\376\377\230\230\123\367\0002\0009\200\003\133\337\000:\000\040\133\371\145\160\153\143\140\001\152\041\127\213\154\342\122\250\163\207\162\171\140\047}{section.3}% 51
\BOOKMARK [2][-]{Item.197}{\376\377\230\230\123\367\0003\0000\200\003\133\337\000:\000\040\000C\000I\000R\152\041\127\213\167\355\147\037\122\051\163\207\213\241\173\227}{section.3}% 52
\BOOKMARK [2][-]{Item.201}{\376\377\230\230\123\367\0003\0001\200\003\133\337\000:\000\040\000C\000I\000R\152\041\127\213\154\342\122\250\163\207\116\016\227\136\215\037\140\047}{section.3}% 53
\BOOKMARK [1][-]{section.4}{\376\377\200\003\160\271\0005\000:\000V\000a\000s\000i\000c\000e\000k\000a\000n\000d\000\040\000G\000a\000u\000s\000s\000+\000\040\152\041\127\213}{}% 54
\BOOKMARK [2][-]{Item.205}{\376\377\230\230\123\367\0001\200\003\133\337\000:\000\040\123\357\215\116\126\336\120\072\122\070\162\171\140\047\217\250\147\220}{section.4}% 55
\BOOKMARK [2][-]{Item.209}{\376\377\230\230\123\367\0002\200\003\133\337\000:\000\040\000V\000a\000s\000i\000c\000e\000k\152\041\127\213\202\202\160\271\213\241\173\227}{section.4}% 56
