\BOOKMARK [1][-]{section.1}{\376\377\000F\000a\000c\000t\000o\000r\000\040\000T\000h\000e\000o\000r\000y}{}% 1
\BOOKMARK [2][-]{subsection.1.1}{\376\377\000F\000a\000c\000t\000o\000r\000\040\000T\000h\000e\000o\000r\000y\000\040\126\340\133\120\164\006\213\272}{section.1}% 2
\BOOKMARK [3][-]{subsubsection.1.1.1}{\376\377\000F\000a\000c\000t\000o\000r\000\040\000t\000h\000e\000o\000r\000y}{subsection.1.1}% 3
\BOOKMARK [3][-]{subsubsection.1.1.2}{\376\377\000C\000A\000P\000M}{subsection.1.1}% 4
\BOOKMARK [3][-]{subsubsection.1.1.3}{\376\377\000M\000u\000l\000t\000i\000f\000a\000c\000t\000o\000r\000\040\000m\000o\000d\000e\000l\000s}{subsection.1.1}% 5
\BOOKMARK [3][-]{subsubsection.1.1.4}{\376\377\000C\000A\000P\000M\000\040\000\050\000C\000o\000n\000t\000.\000\051}{subsection.1.1}% 6
\BOOKMARK [3][-]{subsubsection.1.1.5}{\376\377\000T\000h\000e\000\040\000f\000a\000l\000l\000\040\000o\000f\000\040\000e\000f\000f\000i\000c\000i\000e\000n\000t\000\040\000m\000a\000r\000k\000e\000t\000\040\000t\000h\000e\000o\000r\000y}{subsection.1.1}% 7
\BOOKMARK [2][-]{subsection.1.2}{\376\377\000F\000a\000c\000t\000o\000r\000s}{section.1}% 8
\BOOKMARK [3][-]{subsubsection.1.2.1}{\376\377\000T\000y\000p\000e\000s\000\040\000o\000f\000\040\000f\000a\000c\000t\000o\000r\000s}{subsection.1.2}% 9
\BOOKMARK [3][-]{subsubsection.1.2.2}{\376\377\000M\000a\000c\000r\000o\000\040\000f\000a\000c\000t\000o\000r\000s}{subsection.1.2}% 10
\BOOKMARK [3][-]{subsubsection.1.2.3}{\376\377\000D\000y\000n\000a\000m\000i\000c\000\040\000f\000a\000c\000t\000o\000r\000s}{subsection.1.2}% 11
\BOOKMARK [3][-]{subsubsection.1.2.4}{\376\377\000S\000i\000z\000e\000\040\000f\000a\000c\000t\000o\000r\000s}{subsection.1.2}% 12
\BOOKMARK [3][-]{subsubsection.1.2.5}{\376\377\000V\000a\000l\000u\000e\000\040\000f\000a\000c\000t\000o\000r\000s}{subsection.1.2}% 13
\BOOKMARK [3][-]{subsubsection.1.2.6}{\376\377\000M\000o\000m\000e\000n\000t\000u\000m\000\040\000f\000a\000c\000t\000o\000r\000s}{subsection.1.2}% 14
\BOOKMARK [3][-]{subsubsection.1.2.7}{\376\377\000S\000u\000m\000m\000a\000r\000i\000e\000s\000\040\000a\000b\000o\000u\000t\000\040\000d\000y\000n\000a\000m\000i\000c\000\040\000f\000a\000c\000t\000o\000r\000s}{subsection.1.2}% 15
\BOOKMARK [2][-]{subsection.1.3}{\376\377\000A\000l\000p\000h\000a\000\040\000\050\000a\000n\000d\000\040\000t\000h\000e\000\040\000L\000o\000w\000-\000R\000i\000s\000k\000\040\000A\000n\000o\000m\000a\000l\000y\000\051}{section.1}% 16
\BOOKMARK [3][-]{subsubsection.1.3.1}{\376\377\000A\000c\000t\000i\000v\000e\000\040\000m\000a\000n\000a\000g\000e\000m\000e\000n\000t}{subsection.1.3}% 17
\BOOKMARK [3][-]{subsubsection.1.3.2}{\376\377\000B\000e\000n\000c\000h\000m\000a\000r\000k\000s}{subsection.1.3}% 18
\BOOKMARK [3][-]{subsubsection.1.3.3}{\376\377\000L\000o\000w\000-\000r\000i\000s\000k\000\040\000a\000n\000o\000m\000a\000l\000y}{subsection.1.3}% 19
\BOOKMARK [1][-]{section.2}{\376\377\000P\000o\000r\000t\000f\000o\000l\000i\000o\000\040\000r\000i\000s\000k\000\040\000M\000a\000n\000a\000g\000e\000m\000e\000n\000t}{}% 20
\BOOKMARK [2][-]{subsection.2.1}{\376\377\000P\000o\000r\000t\000f\000o\000l\000i\000o\000\040\000C\000o\000n\000s\000t\000r\000u\000c\000t\000i\000o\000n}{section.2}% 21
\BOOKMARK [3][-]{subsubsection.2.1.1}{\376\377\0005\000\040\000i\000n\000p\000u\000t\000s\000\040\000t\000o\000\040\000t\000h\000e\000\040\000p\000o\000r\000t\000f\000o\000l\000i\000o\000\040\000c\000o\000n\000s\000t\000r\000u\000c\000t\000i\000o\000n\000\040\000p\000r\000o\000c\000e\000s\000s}{subsection.2.1}% 22
\BOOKMARK [3][-]{subsubsection.2.1.2}{\376\377\000R\000e\000f\000i\000n\000i\000n\000g\000\040\000a\000l\000p\000h\000a\000s}{subsection.2.1}% 23
\BOOKMARK [3][-]{subsubsection.2.1.3}{\376\377\000A\000c\000t\000i\000v\000e\000\040\000r\000i\000s\000k\000\040\000a\000v\000e\000r\000s\000i\000o\000n}{subsection.2.1}% 24
\BOOKMARK [3][-]{subsubsection.2.1.4}{\376\377\000T\000r\000a\000n\000s\000a\000c\000t\000i\000o\000n\000\040\000c\000o\000s\000t\000s}{subsection.2.1}% 25
\BOOKMARK [3][-]{subsubsection.2.1.5}{\376\377\000P\000o\000r\000t\000f\000o\000l\000i\000o\000\040\000c\000o\000n\000s\000t\000r\000u\000c\000t\000i\000o\000n\000\040\000t\000e\000c\000h\000n\000i\000q\000u\000e\000s}{subsection.2.1}% 26
\BOOKMARK [3][-]{subsubsection.2.1.6}{\376\377\000C\000a\000u\000s\000e\000s\000\040\000a\000n\000d\000\040\000M\000e\000t\000h\000o\000d\000s\000\040\000f\000o\000r\000\040\000D\000i\000s\000p\000e\000r\000s\000i\000o\000n}{subsection.2.1}% 27
\BOOKMARK [2][-]{subsection.2.2}{\376\377\000P\000o\000r\000t\000f\000o\000l\000i\000o\000\040\000R\000i\000s\000k\000:\000\040\000A\000n\000a\000l\000y\000t\000i\000c\000a\000l\000\040\000M\000e\000t\000h\000o\000d\000s}{section.2}% 28
\BOOKMARK [3][-]{subsubsection.2.2.1}{\376\377\000P\000o\000r\000t\000f\000o\000l\000i\000o\000\040\000V\000a\000R\000\040\000m\000e\000a\000s\000u\000r\000e\000s}{subsection.2.2}% 29
\BOOKMARK [3][-]{subsubsection.2.2.2}{\376\377\000V\000a\000R\000\040\000t\000o\000o\000l\000s}{subsection.2.2}% 30
\BOOKMARK [3][-]{subsubsection.2.2.3}{\376\377\000R\000i\000s\000k\000\040\000m\000a\000n\000a\000g\000e\000m\000e\000n\000t}{subsection.2.2}% 31
\BOOKMARK [2][-]{subsection.2.3}{\376\377\000V\000a\000R\000\040\000a\000n\000d\000\040\000R\000i\000s\000k\000\040\000B\000u\000d\000g\000e\000t\000i\000n\000g\000\040\000i\000n\000\040\000I\000n\000v\000e\000s\000t\000m\000e\000n\000t\000\040\000M\000a\000n\000a\000g\000e\000m\000e\000n\000t}{section.2}% 32
\BOOKMARK [3][-]{subsubsection.2.3.1}{\376\377\000T\000y\000p\000e\000s\000\040\000o\000f\000\040\000r\000i\000s\000k\000s}{subsection.2.3}% 33
\BOOKMARK [3][-]{subsubsection.2.3.2}{\376\377\000A\000b\000s\000o\000l\000u\000t\000e\000\040\000v\000s\000.\000\040\000r\000e\000l\000a\000t\000i\000v\000e\000\040\000r\000i\000s\000k}{subsection.2.3}% 34
\BOOKMARK [3][-]{subsubsection.2.3.3}{\376\377\000P\000o\000l\000i\000c\000y\000-\000m\000i\000x\000\040\000v\000s\000.\000\040\000a\000c\000t\000i\000v\000e\000-\000m\000a\000n\000a\000g\000e\000m\000e\000n\000t}{subsection.2.3}% 35
\BOOKMARK [3][-]{subsubsection.2.3.4}{\376\377\000F\000u\000n\000d\000i\000n\000g\000\040\000r\000i\000s\000k}{subsection.2.3}% 36
\BOOKMARK [3][-]{subsubsection.2.3.5}{\376\377\000F\000u\000n\000d\000i\000n\000g\000\040\000r\000i\000s\000k\000\040\000-\000\040\000s\000u\000r\000p\000l\000u\000s}{subsection.2.3}% 37
\BOOKMARK [3][-]{subsubsection.2.3.6}{\376\377\000F\000u\000n\000d\000i\000n\000g\000\040\000r\000i\000s\000k\000\040\000-\000\040\000S\000a\000R}{subsection.2.3}% 38
\BOOKMARK [3][-]{subsubsection.2.3.7}{\376\377\000F\000u\000n\000d\000i\000n\000g\000\040\000r\000i\000s\000k\000\040\000-\000\040\000C\000o\000n\000f\000i\000d\000e\000n\000c\000e\000\040\000i\000n\000t\000e\000r\000v\000a\000l}{subsection.2.3}% 39
\BOOKMARK [3][-]{subsubsection.2.3.8}{\376\377\000F\000u\000n\000d\000i\000n\000g\000\040\000r\000i\000s\000k}{subsection.2.3}% 40
\BOOKMARK [3][-]{subsubsection.2.3.9}{\376\377\000V\000a\000R\000\040\000a\000p\000p\000l\000i\000c\000a\000t\000i\000o\000n\000s\000\040\000t\000o\000\040\000i\000n\000v\000e\000s\000t\000m\000e\000n\000t\000\040\000m\000a\000n\000a\000g\000e\000m\000e\000n\000t}{subsection.2.3}% 41
\BOOKMARK [3][-]{subsubsection.2.3.10}{\376\377\000U\000s\000i\000n\000g\000\040\000V\000a\000R\000\040\000t\000o\000\040\000m\000o\000n\000i\000t\000o\000r\000\040\000a\000n\000d\000\040\000c\000o\000n\000t\000r\000o\000l\000\040\000r\000i\000s\000k\000s}{subsection.2.3}% 42
\BOOKMARK [3][-]{subsubsection.2.3.11}{\376\377\000R\000i\000s\000k\000\040\000b\000u\000d\000g\000e\000t\000i\000n\000g}{subsection.2.3}% 43
\BOOKMARK [3][-]{subsubsection.2.3.12}{\376\377\000R\000i\000s\000k\000\040\000b\000u\000d\000g\000e\000t\000i\000n\000g\000\040\000-\000\040\000a\000c\000r\000o\000s\000s\000\040\000a\000s\000s\000e\000t\000\040\000c\000l\000a\000s\000s\000e\000s}{subsection.2.3}% 44
\BOOKMARK [3][-]{subsubsection.2.3.13}{\376\377\000R\000i\000s\000k\000\040\000b\000u\000d\000g\000e\000t\000i\000n\000g\000\040\000-\000\040\000a\000c\000r\000o\000s\000s\000\040\000a\000c\000t\000i\000v\000e\000\040\000m\000a\000n\000a\000g\000e\000r\000s}{subsection.2.3}% 45
\BOOKMARK [2][-]{subsection.2.4}{\376\377\000R\000i\000s\000k\000\040\000M\000o\000n\000i\000t\000o\000r\000i\000n\000g\000\040\000a\000n\000d\000\040\000P\000e\000r\000f\000o\000r\000m\000a\000n\000c\000e\000\040\000M\000e\000a\000s\000u\000r\000e\000m\000e\000n\000t}{section.2}% 46
\BOOKMARK [3][-]{subsubsection.2.4.1}{\376\377\000V\000a\000R\000\040\000v\000s\000.\000\040\000T\000r\000a\000c\000k\000i\000n\000g\000\040\000e\000r\000r\000o\000r}{subsection.2.4}% 47
\BOOKMARK [3][-]{subsubsection.2.4.2}{\376\377\000T\000h\000r\000e\000e\000-\000l\000e\000g\000g\000e\000d\000\040\000r\000i\000s\000k\000\040\000m\000a\000n\000a\000g\000e\000m\000e\000n\000t\000\040\000s\000t\000o\000o\000l}{subsection.2.4}% 48
\BOOKMARK [3][-]{subsubsection.2.4.3}{\376\377\000R\000i\000s\000k\000\040\000m\000a\000n\000a\000g\000e\000m\000e\000n\000t\000\040\000u\000n\000i\000t\000s\000\040\000\050\000R\000M\000U\000s\000\051}{subsection.2.4}% 49
\BOOKMARK [3][-]{subsubsection.2.4.4}{\376\377\000L\000i\000q\000u\000i\000d\000i\000t\000y\000\040\000C\000o\000n\000s\000i\000d\000e\000r\000a\000t\000i\000o\000n\000s}{subsection.2.4}% 50
\BOOKMARK [3][-]{subsubsection.2.4.5}{\376\377\000P\000e\000r\000f\000o\000r\000m\000a\000n\000c\000e\000\040\000m\000e\000a\000s\000u\000r\000e\000m\000e\000n\000t}{subsection.2.4}% 51
\BOOKMARK [2][-]{subsection.2.5}{\376\377\000P\000o\000r\000t\000f\000o\000l\000i\000o\000\040\000P\000e\000r\000f\000o\000r\000m\000a\000n\000c\000e\000\040\000E\000v\000a\000l\000u\000a\000t\000i\000o\000n}{section.2}% 52
\BOOKMARK [3][-]{subsubsection.2.5.1}{\376\377\000R\000e\000t\000u\000r\000n\000\040\000c\000a\000l\000c\000u\000l\000a\000t\000i\000o\000n}{subsection.2.5}% 53
\BOOKMARK [3][-]{subsubsection.2.5.2}{\376\377\000R\000i\000s\000k\000-\000a\000d\000j\000u\000s\000t\000e\000d\000\040\000p\000e\000r\000f\000o\000r\000m\000a\000n\000c\000e\000\040\000m\000e\000a\000s\000u\000r\000e\000s}{subsection.2.5}% 54
\BOOKMARK [3][-]{subsubsection.2.5.3}{\376\377\000M\000a\000r\000k\000e\000t\000\040\000t\000i\000m\000i\000n\000g}{subsection.2.5}% 55
\BOOKMARK [3][-]{subsubsection.2.5.4}{\376\377\000P\000e\000r\000f\000o\000r\000m\000a\000n\000c\000e\000\040\000a\000t\000t\000r\000i\000b\000u\000t\000i\000o\000n}{subsection.2.5}% 56
\BOOKMARK [1][-]{section.3}{\376\377\000H\000e\000d\000g\000e\000\040\000f\000u\000n\000d\000s}{}% 57
\BOOKMARK [2][-]{subsection.3.1}{\376\377\000H\000e\000d\000g\000e\000\040\000F\000u\000n\000d\000\040\133\371\121\262\127\372\221\321}{section.3}% 58
\BOOKMARK [3][-]{subsubsection.3.1.1}{\376\377\000C\000h\000a\000r\000a\000c\000t\000e\000r\000i\000s\000t\000i\000c\000s\000\040\000o\000f\000\040\000h\000e\000d\000g\000e\000\040\000f\000u\000n\000d\000s}{subsection.3.1}% 59
\BOOKMARK [3][-]{subsubsection.3.1.2}{\376\377\000D\000a\000t\000a\000b\000a\000s\000e\000s\000\040\000o\000f\000\040\000h\000e\000d\000g\000e\000\040\000f\000u\000n\000d\000s}{subsection.3.1}% 60
\BOOKMARK [3][-]{subsubsection.3.1.3}{\376\377\000E\000v\000o\000l\000u\000t\000i\000o\000n\000\040\000o\000f\000\040\000h\000e\000d\000g\000e\000\040\000f\000u\000n\000d\000\040\000i\000n\000d\000u\000s\000t\000r\000y}{subsection.3.1}% 61
\BOOKMARK [3][-]{subsubsection.3.1.4}{\376\377\000H\000e\000d\000g\000e\000\040\000f\000u\000n\000d\000\040\000s\000t\000r\000a\000t\000e\000g\000i\000e\000s}{subsection.3.1}% 62
\BOOKMARK [3][-]{subsubsection.3.1.5}{\376\377\000H\000e\000d\000g\000e\000\040\000f\000u\000n\000d\000\040\000p\000e\000r\000f\000o\000r\000m\000a\000n\000c\000e}{subsection.3.1}% 63
\BOOKMARK [3][-]{subsubsection.3.1.6}{\376\377\000C\000o\000n\000v\000e\000r\000g\000e\000n\000c\000e\000\040\000o\000f\000\040\000r\000i\000s\000k\000\040\000f\000a\000c\000t\000o\000r\000s}{subsection.3.1}% 64
\BOOKMARK [3][-]{subsubsection.3.1.7}{\376\377\000A\000g\000e\000n\000c\000y\000\040\000p\000r\000o\000b\000l\000e\000m}{subsection.3.1}% 65
\BOOKMARK [2][-]{subsection.3.2}{\376\377\000P\000e\000r\000f\000o\000r\000m\000i\000n\000g\000\040\000D\000u\000e\000\040\000D\000i\000l\000i\000g\000e\000n\000c\000e\000\040\000o\000n\000\040\000S\000p\000e\000c\000i\000f\000i\000c\000\040\000M\000a\000n\000a\000g\000e\000r\000s\000\040\000a\000n\000d\000\040\000F\000u\000n\000d\000s}{section.3}% 66
\BOOKMARK [3][-]{subsubsection.3.2.1}{\376\377\000D\000u\000e\000\040\000d\000i\000l\000i\000g\000e\000n\000c\000e\000\040\000b\000a\000s\000i\000c\000s}{subsection.3.2}% 67
\BOOKMARK [3][-]{subsubsection.3.2.2}{\376\377\000R\000e\000a\000s\000o\000n\000s\000\040\000f\000o\000r\000\040\000f\000a\000i\000l\000u\000r\000e\000s\000\040\000o\000f\000\040\000f\000u\000n\000d\000s\000\040\000i\000n\000\040\000t\000h\000e\000\040\000p\000a\000s\000t}{subsection.3.2}% 68
\BOOKMARK [3][-]{subsubsection.3.2.3}{\376\377\000E\000l\000e\000m\000e\000n\000t\000s\000\040\000o\000f\000\040\000t\000h\000e\000\040\000d\000u\000e\000\040\000d\000i\000l\000i\000g\000e\000n\000c\000e\000\040\000p\000r\000o\000c\000e\000s\000s}{subsection.3.2}% 69
\BOOKMARK [3][-]{subsubsection.3.2.4}{\376\377\000I\000n\000v\000e\000s\000t\000m\000e\000n\000t\000\040\000m\000a\000n\000a\000g\000e\000m\000e\000n\000t}{subsection.3.2}% 70
\BOOKMARK [3][-]{subsubsection.3.2.5}{\376\377\000R\000i\000s\000k\000\040\000m\000a\000n\000a\000g\000e\000m\000e\000n\000t\000\040\000e\000v\000a\000l\000u\000a\000t\000i\000o\000n}{subsection.3.2}% 71
\BOOKMARK [3][-]{subsubsection.3.2.6}{\376\377\000O\000p\000e\000r\000a\000t\000i\000o\000n\000a\000l\000\040\000e\000n\000v\000i\000r\000o\000n\000m\000e\000n\000t}{subsection.3.2}% 72
\BOOKMARK [3][-]{subsubsection.3.2.7}{\376\377\000B\000u\000s\000i\000n\000e\000s\000s\000\040\000m\000o\000d\000e\000l\000\040\000r\000i\000s\000k\000\040\000a\000n\000d\000\040\000f\000r\000a\000u\000d\000\040\000r\000i\000s\000k}{subsection.3.2}% 73
\BOOKMARK [3][-]{subsubsection.3.2.8}{\376\377\000D\000u\000e\000\040\000d\000i\000l\000i\000g\000e\000n\000c\000e\000\040\000q\000u\000e\000s\000t\000i\000o\000n\000n\000a\000i\000r\000e}{subsection.3.2}% 74
\BOOKMARK [2][-]{subsection.3.3}{\376\377\000F\000i\000n\000d\000i\000n\000g\000\040\000B\000e\000r\000n\000i\000e\000\040\000M\000a\000d\000o\000f\000f\000:\000\040\000D\000e\000t\000e\000c\000t\000i\000n\000g\000\040\000F\000r\000a\000u\000d\000\040\000b\000y\000\040\000I\000n\000v\000e\000s\000t\000m\000e\000n\000t\000\040\000M\000a\000n\000a\000g\000e\000r\000s}{section.3}% 75
\BOOKMARK [3][-]{subsubsection.3.3.1}{\376\377\000F\000r\000a\000u\000d\000\040\000b\000y\000\040\000i\000n\000v\000e\000s\000t\000m\000e\000n\000t\000\040\000m\000a\000n\000a\000g\000e\000r\000s}{subsection.3.3}% 76
\BOOKMARK [3][-]{subsubsection.3.3.2}{\376\377\000I\000n\000f\000o\000r\000m\000a\000t\000i\000o\000n\000\040\000d\000i\000s\000c\000l\000o\000s\000u\000r\000e}{subsection.3.3}% 77
\BOOKMARK [3][-]{subsubsection.3.3.3}{\376\377\000P\000r\000e\000d\000i\000c\000t\000i\000n\000g\000\040\000f\000r\000a\000u\000d}{subsection.3.3}% 78
\BOOKMARK [3][-]{subsubsection.3.3.4}{\376\377\000C\000o\000m\000p\000e\000n\000s\000a\000t\000e\000d\000\040\000f\000o\000r\000\040\000f\000r\000a\000u\000d\000\040\000r\000i\000s\000k}{subsection.3.3}% 79
\BOOKMARK [3][-]{subsubsection.3.3.5}{\376\377\000B\000a\000r\000r\000i\000e\000r\000s\000\040\000a\000n\000d\000\040\000c\000o\000s\000t\000s}{subsection.3.3}% 80
\BOOKMARK [3][-]{subsubsection.3.3.6}{\376\377\000I\000m\000p\000r\000o\000v\000i\000n\000g\000\040\000w\000a\000y\000s}{subsection.3.3}% 81
