\BOOKMARK [1][-]{section.1}{\376\377\200\003\160\271\0001\000:\126\340\133\120\164\006\213\272}{}% 1
\BOOKMARK [2][-]{Item.4}{\376\377\230\230\123\367\0001\200\003\133\337\000:\000\040\000C\000A\000P\000M\152\041\127\213\122\006\147\220}{section.1}% 2
\BOOKMARK [2][-]{Item.8}{\376\377\230\230\123\367\0002\200\003\133\337\000:\000\040\215\104\116\247\230\316\226\151\162\171\137\201\122\006\147\220}{section.1}% 3
\BOOKMARK [2][-]{Item.12}{\376\377\230\230\123\367\0003\200\003\133\337\000:\000\040\127\117\145\366\147\037\145\066\166\312\116\016\230\204\147\037\126\336\142\245\121\163\174\373}{section.1}% 4
\BOOKMARK [2][-]{Item.16}{\376\377\230\230\123\367\0004\200\003\133\337\000:\000\040\221\321\207\215\123\161\147\072\122\035\147\037\121\163\225\056\126\340\175\040\213\306\122\053}{section.1}% 5
\BOOKMARK [2][-]{Item.20}{\376\377\230\230\123\367\0005\200\003\133\337\000:\000\040\127\372\121\306\122\051\163\207\166\204\172\063\120\145\140\047}{section.1}% 6
\BOOKMARK [2][-]{Item.24}{\376\377\230\230\123\367\0006\200\003\133\337\000:\000\040\000V\000a\000R\116\016\217\271\226\105\000V\000a\000R\213\241\173\227}{section.1}% 7
\BOOKMARK [2][-]{Item.28}{\376\377\230\230\123\367\0007\200\003\133\337\000:\000\040\000C\000A\000P\000M\230\316\226\151\126\340\133\120\146\264\227\062}{section.1}% 8
\BOOKMARK [2][-]{Item.32}{\376\377\230\230\123\367\0008\200\003\133\337\000:\000\040\142\225\215\104\176\304\124\010\230\316\226\151\137\161\124\315\126\340\175\040}{section.1}% 9
\BOOKMARK [2][-]{Item.36}{\376\377\230\230\123\367\0009\200\003\133\337\000:\000\040\147\011\145\110\136\002\127\072\120\107\213\364\123\312\121\166\211\343\221\312}{section.1}% 10
\BOOKMARK [2][-]{Item.40}{\376\377\230\230\123\367\0001\0000\200\003\133\337\000:\000\040\000C\000A\000P\000M\120\107\213\276\134\100\226\120\140\047}{section.1}% 11
\BOOKMARK [2][-]{Item.44}{\376\377\230\230\123\367\0001\0001\200\003\133\337\000:\000\040\126\340\133\120\164\006\213\272\116\011\131\047\150\070\137\303\140\035\140\363}{section.1}% 12
\BOOKMARK [2][-]{Item.48}{\376\377\230\230\123\367\0001\0002\200\003\133\337\000:\000\040\126\340\133\120\166\204\133\232\116\111\116\016\213\306\122\053}{section.1}% 13
\BOOKMARK [2][-]{Item.52}{\376\377\230\230\123\367\0001\0003\200\003\133\337\000:\000\040\117\116\215\035\130\124\143\320\123\107\122\006\145\143\123\026}{section.1}% 14
\BOOKMARK [1][-]{section.2}{\376\377\200\003\160\271\0002\000:\126\340\133\120}{}% 15
\BOOKMARK [2][-]{Item.56}{\376\377\230\230\123\367\0001\200\003\133\337\000:\000\040\133\371\121\262\154\342\122\250\140\047\230\316\226\151\173\126\165\145}{section.2}% 16
\BOOKMARK [2][-]{Item.60}{\376\377\230\230\123\367\0002\200\003\133\337\000:\000\040\154\342\122\250\140\047\133\217\211\302\126\340\133\120\162\171\137\201}{section.2}% 17
\BOOKMARK [2][-]{Item.64}{\376\377\230\230\123\367\0003\200\003\133\337\000:\000\040\133\217\211\302\126\340\133\120\377\032\116\272\123\343\116\016\145\077\154\273\230\316\226\151}{section.2}% 18
\BOOKMARK [2][-]{Item.68}{\376\377\230\230\123\367\0004\200\003\133\337\000:\000\040\133\217\211\302\126\340\133\120\116\016\215\104\116\247\210\150\163\260\121\163\174\373}{section.2}% 19
\BOOKMARK [2][-]{Item.72}{\376\377\230\230\123\367\0005\200\003\133\337\000:\000\040\116\367\120\074\142\225\215\104\172\063\133\232\215\104\116\247\116\367\150\074}{section.2}% 20
\BOOKMARK [2][-]{Item.76}{\376\377\230\230\123\367\0006\200\003\133\337\000:\000\040\000F\000a\000m\000a\000-\000F\000r\000e\000n\000c\000h\116\011\126\340\133\120\152\041\127\213\162\171\137\201}{section.2}% 21
\BOOKMARK [2][-]{Item.80}{\376\377\230\230\123\367\0007\200\003\133\337\000:\000\040\215\104\116\247\174\173\122\053\116\016\176\317\155\116\124\150\147\037\126\336\142\245}{section.2}% 22
\BOOKMARK [2][-]{Item.84}{\376\377\230\230\123\367\0008\200\003\133\337\000:\000\040\154\342\122\250\163\207\173\126\165\145\116\016\230\316\226\151\145\136\123\343}{section.2}% 23
\BOOKMARK [1][-]{section.3}{\376\377\200\003\160\271\0003\000:\000A\000l\000p\000h\000a\124\214\117\116\230\316\226\151\137\002\214\141}{}% 24
\BOOKMARK [2][-]{Item.88}{\376\377\230\230\123\367\0001\200\003\133\337\000:\000\040\227\136\176\277\140\047\173\126\165\145\166\204\000a\000l\000p\000h\000a\213\304\117\060}{section.3}% 25
\BOOKMARK [2][-]{Item.92}{\376\377\230\230\123\367\0002\200\003\133\337\000:\000\040\000C\000A\000P\000M\116\016\000F\000a\000m\000a\000-\000F\000r\000e\000n\000c\000h\230\316\150\074\126\336\137\122\122\006\147\220}{section.3}% 26
\BOOKMARK [2][-]{Item.96}{\376\377\230\230\123\367\0003\200\003\133\337\000:\000\040\127\372\121\306\142\225\215\104\176\304\124\010\126\336\137\122\116\016\147\103\221\315\176\246\147\137}{section.3}% 27
\BOOKMARK [2][-]{Item.100}{\376\377\230\230\123\367\0004\200\003\133\337\000:\000\040\215\337\216\052\213\357\135\356\213\241\173\227\121\154\137\017}{section.3}% 28
\BOOKMARK [2][-]{Item.104}{\376\377\230\230\123\367\0005\200\003\133\337\000:\000\040\117\116\230\316\226\151\137\002\214\141\166\204\133\236\213\301\145\110\136\224}{section.3}% 29
\BOOKMARK [2][-]{Item.108}{\376\377\230\230\123\367\0006\200\003\133\337\000:\000\040\131\032\126\340\133\120\126\336\137\122\166\204\166\356\166\204}{section.3}% 30
\BOOKMARK [2][-]{Item.112}{\376\377\230\230\123\367\0007\200\003\133\337\000:\000\040\230\316\226\151\137\002\214\141\166\204\142\020\126\340}{section.3}% 31
\BOOKMARK [2][-]{Item.116}{\376\377\230\230\123\367\0008\200\003\133\337\000:\000\040\116\073\122\250\173\241\164\006\127\372\147\054\133\232\137\213}{section.3}% 32
\BOOKMARK [2][-]{Item.120}{\376\377\230\230\123\367\0009\200\003\133\337\000:\000\040\230\316\226\151\137\002\214\141\166\204\164\006\213\272\211\343\221\312}{section.3}% 33
\BOOKMARK [2][-]{Item.124}{\376\377\230\230\123\367\0001\0000\200\003\133\337\000:\000\040\116\073\122\250\173\241\164\006\127\372\147\054\133\232\137\213\166\204\134\100\226\120}{section.3}% 34
\BOOKMARK [2][-]{Item.128}{\376\377\230\230\123\367\0001\0001\200\003\133\337\000:\000\040\117\116\230\316\226\151\137\002\214\141\116\016\000C\000A\000P\000M\121\163\174\373}{section.3}% 35
\BOOKMARK [2][-]{Item.132}{\376\377\230\230\123\367\0001\0002\200\003\133\337\000:\000\040\230\316\150\074\122\006\147\220\117\030\177\072\160\271}{section.3}% 36
\BOOKMARK [2][-]{Item.136}{\376\377\230\230\123\367\0001\0003\200\003\133\337\000:\000\040\122\250\221\317\126\340\133\120\225\177\147\037\145\066\166\312\172\201\121\372}{section.3}% 37
\BOOKMARK [2][-]{Item.140}{\376\377\230\230\123\367\0001\0004\200\003\133\337\000:\000\040\127\372\121\306\136\224\121\167\131\007\166\204\162\171\137\201}{section.3}% 38
\BOOKMARK [2][-]{Item.144}{\376\377\230\230\123\367\0001\0005\200\003\133\337\000:\000\040\117\341\140\157\153\324\163\207\213\241\173\227\116\016\136\224\165\050}{section.3}% 39
\BOOKMARK [2][-]{Item.148}{\376\377\230\230\123\367\0001\0006\200\003\133\337\000:\000\040\000a\000l\000p\000h\000a\213\241\173\227\116\016\117\116\154\342\122\250\127\372\221\321\213\304\117\060}{section.3}% 40
\BOOKMARK [2][-]{Item.152}{\376\377\230\230\123\367\0001\0007\200\003\133\337\000:\000\040\000G\000r\000i\000n\000o\000l\000d\133\232\137\213\116\013\117\341\140\157\153\324\163\207\213\241\173\227}{section.3}% 41
