\BOOKMARK [1][-]{section.1}{\376\377\200\003\160\271\0001\000:\117\341\165\050\230\316\226\151\173\241\164\006}{}% 1
\BOOKMARK [2][-]{Item.1}{\376\377\230\230\123\367\0001\200\003\133\337\000:\000\040}{section.1}% 2
\BOOKMARK [1][-]{section.2}{\376\377\200\003\160\271\0002\000:\210\115\165\037\124\301\117\341\165\050\230\316\226\151}{}% 3
\BOOKMARK [2][-]{Item.2}{\376\377\230\230\123\367\0001\200\003\133\337\000:\000\040}{section.2}% 4
\BOOKMARK [1][-]{section.3}{\376\377\200\003\160\271\0003\000:\176\323\147\204\123\026\117\341\165\050\116\247\124\301}{}% 5
\BOOKMARK [2][-]{Item.6}{\376\377\230\230\123\367\0001\200\003\133\337\000:\000\040\153\041\215\067\213\301\122\070\123\026\116\055\123\321\215\167\116\272\116\016\133\211\143\222\116\272\116\113\225\364\166\204\117\341\140\157\116\015\133\371\171\360}{section.3}% 6
\BOOKMARK [2][-]{Item.10}{\376\377\230\230\123\367\0002\200\003\133\337\000:\000\040\213\301\122\070\123\026\116\247\124\301\163\260\221\321\155\101\122\006\221\115\166\204\117\030\121\110\176\247\230\172\136\217}{section.3}% 7
\BOOKMARK [2][-]{Item.14}{\376\377\230\230\123\367\0003\200\003\133\337\000:\000\040\117\341\165\050\130\236\176\247\377\010\000C\000r\000e\000d\000i\000t\000\040\000E\000n\000h\000a\000n\000c\000e\000m\000e\000n\000t\377\011\166\204\133\232\116\111}{section.3}% 8
\BOOKMARK [2][-]{Item.18}{\376\377\230\230\123\367\0004\200\003\133\337\000:\000\040\000C\000B\000O\377\010\000C\000o\000l\000l\000a\000t\000e\000r\000a\000l\000i\000z\000e\000d\000\040\000B\000o\000n\000d\000\040\000O\000b\000l\000i\000g\000a\000t\000i\000o\000n\377\011\166\204\162\171\137\201}{section.3}% 9
\BOOKMARK [2][-]{Item.22}{\376\377\230\230\123\367\0005\200\003\133\337\000:\000\040\217\335\176\246\151\202\163\207\116\012\123\107\133\371\200\241\147\103\134\102\124\214\131\071\134\102\176\247\000V\000a\000R\166\204\137\161\124\315}{section.3}% 10
\BOOKMARK [2][-]{Item.26}{\376\377\230\230\123\367\0006\200\003\133\337\000:\000\040\213\301\122\070\123\026\116\247\124\301\166\204\117\341\165\050\124\214\155\101\122\250\140\047\230\316\226\151\173\241\164\006}{section.3}% 11
\BOOKMARK [2][-]{Item.30}{\376\377\230\230\123\367\0007\200\003\133\337\000:\000\040\153\041\215\067\213\301\122\070\123\026\136\002\127\072\116\055\166\204\144\151\144\346\126\340\175\040}{section.3}% 12
\BOOKMARK [2][-]{Item.34}{\376\377\230\230\123\367\0008\200\003\133\337\000:\000\040\153\041\215\067\213\301\122\070\123\026\136\002\127\072\116\055\166\204\144\151\144\346\126\340\175\040}{section.3}% 13
\BOOKMARK [2][-]{Item.38}{\376\377\230\230\123\367\0009\200\003\133\337\000:\000\040\217\335\176\246\151\202\163\207\116\013\226\115\124\214\166\370\121\163\140\047\116\012\123\107\133\371\200\241\147\103\134\102\124\214\232\330\176\247\134\102\166\204\137\161\124\315}{section.3}% 14
\BOOKMARK [2][-]{Item.42}{\376\377\230\230\123\367\0001\0000\200\003\133\337\000:\000\040\153\041\215\067\213\301\122\070\123\026\116\055\166\204\117\341\165\050\130\236\176\247\147\072\122\066}{section.3}% 15
\BOOKMARK [2][-]{Item.46}{\376\377\230\230\123\367\0001\0001\200\003\133\337\000:\000\040\145\340\217\375\175\042\147\103\121\372\125\056\215\067\153\076\166\204\137\161\124\315}{section.3}% 16
\BOOKMARK [2][-]{Item.50}{\376\377\230\230\123\367\0001\0002\200\003\133\337\000:\000\040\153\041\215\067\123\161\147\072\116\055\153\041\176\247\134\102\176\247\217\335\176\246\133\371\142\100\147\011\134\102\176\247\142\225\215\104\200\005\166\204\137\161\124\315}{section.3}% 17
\BOOKMARK [2][-]{Item.54}{\376\377\230\230\123\367\0001\0003\200\003\133\337\000:\000\040\217\335\176\246\166\370\121\163\140\047\116\012\123\107\133\371\232\330\176\247\134\102\124\214\200\241\147\103\134\102\166\204\137\161\124\315}{section.3}% 18
\BOOKMARK [2][-]{Item.58}{\376\377\230\230\123\367\0001\0004\200\003\133\337\000:\000\040\213\301\122\070\123\026\116\247\124\301\116\055\166\204\215\104\147\054\176\323\147\204\162\171\137\201}{section.3}% 19
\BOOKMARK [2][-]{Item.62}{\376\377\230\230\123\367\0001\0005\200\003\133\337\000:\000\040\215\042\122\241\126\360\130\203\145\366\232\330\176\247\120\072\124\214\153\041\176\247\120\072\166\204\145\136\123\343\162\171\137\201}{section.3}% 20
\BOOKMARK [2][-]{Item.66}{\376\377\230\230\123\367\0001\0006\200\003\133\337\000:\000\040\116\073\142\020\122\006\122\006\147\220\166\204\173\054\116\214\226\066\153\265\145\271\154\325}{section.3}% 21
\BOOKMARK [2][-]{Item.70}{\376\377\230\230\123\367\0001\0007\200\003\133\337\000:\000\040\215\042\122\241\126\360\130\203\145\366\153\041\176\247\120\072\166\204\210\114\116\072\162\171\137\201}{section.3}% 22
\BOOKMARK [2][-]{Item.74}{\376\377\230\230\123\367\0001\0008\200\003\133\337\000:\000\040\217\335\176\246\145\117\141\037\140\047\166\204\213\241\173\227\145\271\154\325}{section.3}% 23
\BOOKMARK [2][-]{Item.78}{\376\377\230\230\123\367\0001\0009\200\003\133\337\000:\000\040\220\032\217\307\000S\000P\000E\226\224\171\273\230\316\226\151\142\225\215\104\166\204\117\030\177\072\160\271}{section.3}% 24
\BOOKMARK [2][-]{Item.82}{\376\377\230\230\123\367\0002\0000\200\003\133\337\000:\000\040\224\366\210\114\213\301\122\070\123\026\215\067\153\076\166\204\000C\000D\000O\176\323\147\204\220\011\142\351}{section.3}% 25
\BOOKMARK [2][-]{Item.86}{\376\377\230\230\123\367\0002\0001\200\003\133\337\000:\000\040\153\041\215\067\213\301\122\070\123\026\116\055\166\204\143\137\131\061\154\342\122\250\140\047\162\171\137\201}{section.3}% 26
\BOOKMARK [2][-]{Item.90}{\376\377\230\230\123\367\0002\0002\200\003\133\337\000:\000\040\215\205\230\235\142\265\142\274\215\046\142\067\166\204\213\241\173\227\145\271\154\325}{section.3}% 27
\BOOKMARK [2][-]{Item.94}{\376\377\230\230\123\367\0002\0003\200\003\133\337\000:\000\040\142\265\142\274\215\067\153\076\145\057\143\001\213\301\122\070\166\204\122\240\147\103\136\163\127\107\147\037\226\120\213\241\173\227\145\271\154\325}{section.3}% 28
\BOOKMARK [2][-]{Item.98}{\376\377\230\230\123\367\0002\0004\200\003\133\337\000:\000\040\136\164\143\320\122\115\217\330\153\076\163\207\217\154\143\142\116\072\147\010\143\320\122\115\217\330\153\076\163\207}{section.3}% 29
\BOOKMARK [2][-]{Item.102}{\376\377\230\230\123\367\0002\0005\200\003\133\337\000:\000\040\117\341\165\050\123\141\120\072\122\241\213\301\122\070\123\026\166\204\176\323\147\204\162\171\137\201}{section.3}% 30
\BOOKMARK [2][-]{Item.106}{\376\377\230\230\123\367\0002\0006\200\003\133\337\000:\000\040\000A\000B\000S\166\204\117\341\165\050\130\236\176\247\147\072\122\066}{section.3}% 31
\BOOKMARK [2][-]{Item.110}{\376\377\230\230\123\367\0002\0007\200\003\133\337\000:\000\040\123\321\215\167\116\272\117\335\165\131\173\054\116\000\143\137\131\061\220\350\122\006\166\204\142\100\147\011\147\103\166\204\123\237\126\340}{section.3}% 32
\BOOKMARK [2][-]{Item.114}{\376\377\230\230\123\367\0002\0008\200\003\133\337\000:\000\040\121\205\220\350\117\341\165\050\130\236\176\247\116\016\131\026\220\350\117\341\165\050\130\236\176\247\166\204\123\072\122\053}{section.3}% 33
\BOOKMARK [2][-]{Item.118}{\376\377\230\230\123\367\0002\0009\200\003\133\337\000:\000\040\000P\000S\000A\152\041\127\213\116\013\166\204\147\010\143\320\122\115\217\330\153\076\163\207}{section.3}% 34
\BOOKMARK [2][-]{Item.122}{\376\377\230\230\123\367\0003\0000\200\003\133\337\000:\000\040\117\341\165\050\200\124\176\323\171\150\143\156\377\010\000C\000r\000e\000d\000i\000t\000-\000L\000i\000n\000k\000e\000d\000\040\000N\000o\000t\000e\377\011\166\204\145\066\166\312\162\171\137\201}{section.3}% 35
\BOOKMARK [2][-]{Item.126}{\376\377\230\230\123\367\0003\0001\200\003\133\337\000:\000\040\142\130\173\241\116\272\124\214\123\327\142\130\116\272\127\050\213\301\122\070\123\026\217\307\172\013\116\055\166\204\122\051\166\312\121\262\172\201}{section.3}% 36
\BOOKMARK [2][-]{Item.130}{\376\377\230\230\123\367\0003\0002\200\003\133\337\000:\000\040\133\146\165\037\215\067\153\076\213\301\122\070\123\026\166\204\210\141\221\317\143\007\150\007}{section.3}% 37
\BOOKMARK [2][-]{Item.134}{\376\377\230\230\123\367\0003\0003\200\003\133\337\000:\000\040\142\265\142\274\215\067\153\076\213\301\122\070\123\026\166\204\176\317\155\116\145\110\166\312}{section.3}% 38
\BOOKMARK [2][-]{Item.138}{\376\377\230\230\123\367\0003\0004\200\003\133\337\000:\000\040\176\323\147\204\140\047\142\225\215\104\135\345\121\167\377\010\000S\000I\000V\000s\377\011\166\204\117\134\165\050}{section.3}% 39
\BOOKMARK [2][-]{Item.142}{\376\377\230\230\123\367\0003\0005\200\003\133\337\000:\000\040\215\205\230\235\142\265\142\274\166\204\133\232\116\111}{section.3}% 40
\BOOKMARK [2][-]{Item.146}{\376\377\230\230\123\367\0003\0006\200\003\133\337\000:\000\040\0003\0000\0000\000\045\000\040\000P\000S\000A\152\041\127\213\116\013\231\226\147\010\143\320\122\115\217\330\153\076\221\321\230\235\166\204\213\241\173\227\145\271\154\325}{section.3}% 41
\BOOKMARK [2][-]{Item.150}{\376\377\230\230\123\367\0003\0007\200\003\133\337\000:\000\040\117\341\165\050\123\141\120\072\122\241\213\301\122\070\123\026\166\204\176\323\147\204\220\011\142\351}{section.3}% 42
\BOOKMARK [2][-]{Item.154}{\376\377\230\230\123\367\0003\0008\200\003\133\337\000:\000\040\122\240\147\103\136\163\127\107\171\150\140\157\117\116\116\216\142\225\215\104\200\005\171\150\140\157\145\366\215\104\116\247\154\140\166\204\145\057\116\330\200\375\122\233}{section.3}% 43
\BOOKMARK [2][-]{Item.158}{\376\377\230\230\123\367\0003\0009\200\003\133\337\000:\000\040\122\051\163\207\116\012\123\107\145\366\126\372\133\232\122\051\163\207\145\057\116\330\145\271\166\204\116\222\143\142\116\367\120\074\123\330\123\026}{section.3}% 44
