\BOOKMARK [1][-]{section.1}{\376\377\200\003\160\271\0001\000:\117\341\165\050\230\316\226\151\173\241\164\006}{}% 1
\BOOKMARK [2][-]{Item.1}{\376\377\230\230\123\367\0001\200\003\133\337\000:\000\040}{section.1}% 2
\BOOKMARK [1][-]{section.2}{\376\377\200\003\160\271\0002\000:\210\115\165\037\124\301\117\341\165\050\230\316\226\151}{}% 3
\BOOKMARK [2][-]{Item.2}{\376\377\230\230\123\367\0001\200\003\133\337\000:\000\040}{section.2}% 4
\BOOKMARK [1][-]{section.3}{\376\377\200\003\160\271\0003\000:\176\323\147\204\123\026\117\341\165\050\116\247\124\301}{}% 5
\BOOKMARK [2][-]{Item.6}{\376\377\230\230\123\367\0001\200\003\133\337\000:\000\040\153\041\215\067\213\301\122\070\123\026\116\055\123\321\215\167\116\272\121\167\147\011\117\341\140\157\117\030\122\277\377\014\123\357\200\375\137\025\123\321\153\072\213\310\230\316\226\151}{section.3}% 6
\BOOKMARK [2][-]{Item.10}{\376\377\230\230\123\367\0002\200\003\133\337\000:\000\040\213\301\122\070\123\026\116\247\124\301\163\260\221\321\155\101\122\006\221\115\220\165\137\252\117\030\121\110\176\247\230\172\136\217\377\014\122\151\117\131\163\260\221\321\155\101\137\122\200\241\147\103\134\102}{section.3}% 7
\BOOKMARK [2][-]{Item.14}{\376\377\230\230\123\367\0003\200\003\133\337\000:\000\040\232\330\176\247\120\072\166\204\117\341\165\050\130\236\176\247\147\145\201\352\153\041\176\247\120\072\124\214\200\241\147\103\166\204\116\367\120\074\140\073\124\214}{section.3}% 8
\BOOKMARK [2][-]{Item.18}{\376\377\230\230\123\367\0004\200\003\133\337\000:\000\040\000C\000B\000O\116\016\127\372\170\100\213\301\122\070\137\305\230\173\121\167\147\011\166\370\124\014\166\204\136\002\127\072\116\367\120\074\124\214\230\316\226\151\162\171\137\201}{section.3}% 9
\BOOKMARK [2][-]{Item.22}{\376\377\230\230\123\367\0005\200\003\133\337\000:\000\040\217\335\176\246\151\202\163\207\116\012\123\107\145\366\377\014\200\241\147\103\134\102\000V\000a\000R\116\013\226\115\377\014\131\071\134\102\176\247\000V\000a\000R\121\110\123\107\124\016\226\115}{section.3}% 10
\BOOKMARK [2][-]{Item.26}{\376\377\230\230\123\367\0006\200\003\133\337\000:\000\040\213\301\122\070\123\026\116\247\124\301\123\357\220\032\217\307\121\205\220\350\131\026\220\350\130\236\176\247\143\252\145\275\136\224\133\371\117\341\165\050\124\214\155\101\122\250\140\047\230\316\226\151}{section.3}% 11
\BOOKMARK [2][-]{Item.30}{\376\377\230\230\123\367\0007\200\003\133\337\000:\000\040\120\177\120\072\127\372\221\321\116\015\146\057\213\301\122\070\123\026\116\247\124\301\166\204\117\341\165\050\130\236\176\247\137\142\137\017}{section.3}% 12
\BOOKMARK [2][-]{Item.34}{\376\377\230\230\123\367\0008\200\003\133\337\000:\000\040\153\041\215\067\213\301\122\070\123\026\136\002\127\072\116\055\120\037\153\076\116\272\116\016\142\177\225\000\116\272\145\340\166\364\143\245\143\245\211\346\377\014\116\015\133\130\127\050\144\151\144\346}{section.3}% 13
\BOOKMARK [2][-]{Item.38}{\376\377\230\230\123\367\0009\200\003\133\337\000:\000\040\217\335\176\246\151\202\163\207\116\013\226\115\124\214\166\370\121\163\140\047\116\012\123\107\145\366\377\014\136\224\120\132\131\032\200\241\147\103\134\102\120\132\172\172\232\330\176\247\134\102}{section.3}% 14
\BOOKMARK [2][-]{Item.42}{\376\377\230\230\123\367\0001\0000\200\003\133\337\000:\000\040\153\041\215\067\213\301\122\070\123\026\116\055\122\006\134\102\060\001\215\205\230\235\122\051\135\356\124\214\122\051\163\207\225\001\133\232\147\037\116\072\232\330\176\247\134\102\143\320\117\233\166\364\143\245\117\335\142\244}{section.3}% 15
\BOOKMARK [2][-]{Item.46}{\376\377\230\230\123\367\0001\0001\200\003\133\337\000:\000\040\145\340\217\375\175\042\147\103\121\372\125\056\215\067\153\076\145\366\377\014\215\067\153\076\116\316\224\366\210\114\215\104\116\247\215\037\120\072\210\150\116\055\171\373\226\144}{section.3}% 16
\BOOKMARK [2][-]{Item.50}{\376\377\230\230\123\367\0001\0002\200\003\133\337\000:\000\040\153\041\215\067\123\161\147\072\116\055\153\041\176\247\134\102\176\247\217\335\176\246\137\161\124\315\116\206\142\100\147\011\134\102\176\247\166\204\142\225\215\104\200\005}{section.3}% 17
\BOOKMARK [2][-]{Item.54}{\376\377\230\230\123\367\0001\0003\200\003\133\337\000:\000\040\217\335\176\246\166\370\121\163\140\047\116\012\123\107\226\115\117\116\232\330\176\247\134\102\116\367\120\074\117\106\143\320\232\330\200\241\147\103\134\102\116\367\120\074}{section.3}% 18
\BOOKMARK [2][-]{Item.58}{\376\377\230\230\123\367\0001\0004\200\003\133\337\000:\000\040\213\301\122\070\123\026\116\247\124\301\116\055\232\330\176\247\134\102\203\267\137\227\147\000\117\116\171\150\140\157\377\014\200\241\147\103\134\102\147\000\134\017\116\024\145\340\126\372\133\232\171\150\140\157}{section.3}% 19
\BOOKMARK [2][-]{Item.62}{\376\377\230\230\123\367\0001\0005\200\003\133\337\000:\000\040\215\042\122\241\126\360\130\203\145\366\232\330\176\247\120\072\147\011\215\037\124\021\145\136\123\343\377\014\153\041\176\247\120\072\147\011\153\143\124\021\145\136\123\343}{section.3}% 20
\BOOKMARK [2][-]{Item.66}{\376\377\230\230\123\367\0001\0006\200\003\133\337\000:\000\040\116\073\142\020\122\006\122\006\147\220\166\204\173\054\116\214\226\066\153\265\220\032\136\070\117\177\165\050\126\340\133\120\122\006\147\220\145\271\154\325}{section.3}% 21
\BOOKMARK [2][-]{Item.70}{\376\377\230\230\123\367\0001\0007\200\003\133\337\000:\000\040\215\042\122\241\126\360\130\203\145\366\153\041\176\247\120\072\210\150\163\260\174\173\117\074\200\241\147\103\377\014\227\136\126\360\130\203\145\366\210\150\163\260\174\173\117\074\120\072\122\241}{section.3}% 22
\BOOKMARK [2][-]{Item.74}{\376\377\230\230\123\367\0001\0008\200\003\133\337\000:\000\040\217\335\176\246\145\117\141\037\140\047\127\050\134\102\176\247\217\336\143\245\160\271\226\104\217\321\147\000\131\047\377\014\220\032\217\307\121\262\121\373\217\335\176\246\151\202\163\207\213\241\173\227}{section.3}% 23
\BOOKMARK [2][-]{Item.78}{\376\377\230\230\123\367\0001\0009\200\003\133\337\000:\000\040\220\032\217\307\000S\000P\000E\226\224\171\273\230\316\226\151\142\225\215\104\123\357\143\320\232\330\220\017\146\016\136\246\377\014\226\115\117\116\215\104\147\054\142\020\147\054}{section.3}% 24
\BOOKMARK [2][-]{Item.82}{\376\377\230\230\123\367\0002\0000\200\003\133\337\000:\000\040\224\366\210\114\136\224\117\177\165\050\215\104\116\247\215\037\120\072\210\150\000C\000D\000O\377\014\200\241\147\103\134\102\176\247\123\140\0005\000\045\116\345\117\335\143\001\232\330\176\247\134\102\000A\000A\000A\213\304\176\247}{section.3}% 25
\BOOKMARK [2][-]{Item.86}{\376\377\230\230\123\367\0002\0001\200\003\133\337\000:\000\040\153\041\215\067\213\301\122\070\123\026\116\055\232\330\176\247\134\102\145\066\166\312\147\000\117\116\377\014\000A\000B\000S\176\323\147\204\143\137\131\061\154\342\122\250\140\047\146\364\131\047}{section.3}% 26
\BOOKMARK [2][-]{Item.90}{\376\377\230\230\123\367\0002\0002\200\003\133\337\000:\000\040\215\205\230\235\142\265\142\274\215\046\142\067\116\367\120\074\123\326\121\263\116\216\215\067\153\076\122\051\135\356\124\214\217\335\176\246\140\305\121\265}{section.3}% 27
\BOOKMARK [1][-]{section.4}{\376\377\200\003\160\271\0004\000:\213\301\122\070\123\026}{}% 28
\BOOKMARK [2][-]{Item.94}{\376\377\230\230\123\367\0001\200\003\133\337\000:\000\040\142\265\142\274\215\067\153\076\145\057\143\001\213\301\122\070\166\204\122\240\147\103\136\163\127\107\147\037\226\120}{section.4}% 29
\BOOKMARK [2][-]{Item.98}{\376\377\230\230\123\367\0002\200\003\133\337\000:\000\040\136\164\143\320\122\115\217\330\153\076\163\207\0006\000\045\133\371\136\224\166\204\147\010\143\320\122\115\217\330\153\076\163\207\116\072\0000\000.\0005\0001\0004\000\045}{section.4}% 30
\BOOKMARK [2][-]{Item.102}{\376\377\230\230\123\367\0003\200\003\133\337\000:\000\040\117\341\165\050\123\141\120\072\122\241\213\301\122\070\123\026\220\032\136\070\117\177\165\050\137\252\163\257\176\323\147\204\377\014\122\006\116\072\137\252\163\257\147\037\124\214\144\112\225\000\147\037}{section.4}% 31
\BOOKMARK [2][-]{Item.106}{\376\377\230\230\123\367\0004\200\003\133\337\000:\000\040\000A\000B\000S\123\357\200\375\117\177\165\050\122\051\135\356\220\022\130\236\117\134\116\072\117\341\165\050\130\236\176\247\145\271\137\017}{section.4}% 32
\BOOKMARK [2][-]{Item.110}{\376\377\230\230\123\367\0005\200\003\133\337\000:\000\040\123\321\215\167\116\272\220\032\136\070\117\335\165\131\173\054\116\000\143\137\131\061\220\350\122\006\166\204\142\100\147\011\147\103}{section.4}% 33
\BOOKMARK [2][-]{Item.114}{\376\377\230\230\123\367\0006\200\003\133\337\000:\000\040\215\205\230\235\142\305\117\335\146\057\213\301\122\070\123\026\116\247\124\301\166\204\121\205\220\350\130\236\176\247\145\271\137\017}{section.4}% 34
\BOOKMARK [2][-]{Item.118}{\376\377\230\230\123\367\0007\200\003\133\337\000:\000\040\000P\000S\000A\152\041\127\213\116\013\166\204\147\010\143\320\122\115\217\330\153\076\163\207}{section.4}% 35
\BOOKMARK [2][-]{Item.122}{\376\377\230\230\123\367\0008\200\003\133\337\000:\000\040\117\341\165\050\200\124\176\323\171\150\143\156\127\050\154\241\147\011\117\341\165\050\226\115\176\247\145\366\203\267\137\227\147\000\131\047\145\066\166\312}{section.4}% 36
\BOOKMARK [2][-]{Item.126}{\376\377\230\230\123\367\0009\200\003\133\337\000:\000\040\142\130\173\241\116\272\124\214\123\327\142\130\116\272\127\050\213\301\122\070\123\026\217\307\172\013\116\055\122\051\166\312\121\262\172\201\147\000\134\017}{section.4}% 37
\BOOKMARK [2][-]{Item.130}{\376\377\230\230\123\367\0001\0000\200\003\133\337\000:\000\040\133\146\165\037\215\067\153\076\213\301\122\070\123\026\117\177\165\050\000S\000M\000M\060\001\000C\000P\000R\124\214\000P\000S\000A\143\007\150\007}{section.4}% 38
\BOOKMARK [2][-]{Item.138}{\376\377\230\230\123\367\0001\0001\200\003\133\337\000:\000\040\142\265\142\274\215\067\153\076\213\301\122\070\123\026\123\357\116\345\136\046\147\145\215\104\147\054\126\336\142\245\060\001\215\104\147\054\221\312\145\076\060\001\142\225\215\104\200\005\145\066\166\312\124\214\142\020\147\054\226\115\117\116}{section.4}% 39
\BOOKMARK [2][-]{Item.142}{\376\377\230\230\123\367\0001\0002\200\003\133\337\000:\000\040\000S\000I\000V\000s\116\015\146\057\165\050\116\216\130\236\137\072\230\316\226\151\123\321\163\260\377\014\200\014\146\057\130\236\122\240\116\206\116\015\220\017\146\016\136\246}{section.4}% 40
\BOOKMARK [2][-]{Item.146}{\376\377\230\230\123\367\0001\0003\200\003\133\337\000:\000\040\215\205\230\235\142\265\142\274\146\057\143\007\215\104\116\247\154\140\116\367\120\074\215\205\217\307\213\301\122\070\123\321\210\114\211\304\152\041}{section.4}% 41
\BOOKMARK [2][-]{Item.150}{\376\377\230\230\123\367\0001\0004\200\003\133\337\000:\000\040\0003\0000\0000\000\045\000P\000S\000A\116\013\231\226\147\010\143\320\122\115\217\330\153\076\221\321\230\235\176\246\116\072\0001\0000\0000\116\007\177\216\121\103}{section.4}% 42
\BOOKMARK [2][-]{Item.154}{\376\377\230\230\123\367\0001\0005\200\003\133\337\000:\000\040\117\341\165\050\123\141\120\072\122\241\213\301\122\070\123\026\147\000\220\002\124\010\117\177\165\050\116\073\117\341\142\130\176\323\147\204}{section.4}% 43
\BOOKMARK [2][-]{Item.158}{\376\377\230\230\123\367\0001\0006\200\003\133\337\000:\000\040\122\240\147\103\136\163\127\107\171\150\140\157\117\116\116\216\142\225\215\104\200\005\171\150\140\157\145\366\377\014\215\104\116\247\154\140\145\057\116\330\200\375\122\233\217\203\137\061}{section.4}% 44
\BOOKMARK [2][-]{Item.162}{\376\377\230\230\123\367\0001\0007\200\003\133\337\000:\000\040\122\051\163\207\116\012\123\107\145\366\126\372\133\232\122\051\163\207\145\057\116\330\145\271\166\204\116\222\143\142\116\367\120\074\130\236\122\240}{section.4}% 45
