\BOOKMARK [1][-]{section.1}{\376\377\000V\000a\000R\123\312\121\166\116\326\230\316\226\151\136\246\221\317\123\302\145\160}{}% 1
\BOOKMARK [2][-]{subsection.1.1}{\376\377\123\302\145\160\154\325\377\010\000P\000a\000r\000a\000m\000e\000t\000r\000i\000c\000\040\000A\000p\000p\000r\000o\000a\000c\000h\000e\000s\377\011}{section.1}% 2
\BOOKMARK [3][-]{subsubsection.1.1.1}{\376\377\166\370\121\163\145\160\143\156}{subsection.1.1}% 3
\BOOKMARK [3][-]{subsubsection.1.1.2}{\376\377\000V\000a\000l\000u\000e\000\040\000a\000t\000\040\000R\000i\000s\000k\000\040\000\050\000V\000a\000R\000\051\000\040\230\316\226\151\116\367\120\074}{subsection.1.1}% 4
\BOOKMARK [3][-]{subsubsection.1.1.3}{\376\377\116\000\201\364\140\047\230\316\226\151\136\246\221\317\377\010\000C\000o\000h\000e\000r\000e\000n\000t\000\040\000R\000i\000s\000k\000\040\000M\000e\000a\000s\000u\000r\000e\000s\377\011}{subsection.1.1}% 5
\BOOKMARK [3][-]{subsubsection.1.1.4}{\376\377\000E\000x\000p\000e\000c\000t\000e\000d\000\040\000s\000h\000o\000r\000t\000f\000a\000l\000l\000\040\000\050\000E\000S\000\051}{subsection.1.1}% 6
\BOOKMARK [3][-]{subsubsection.1.1.5}{\376\377\164\006\211\343\150\007\121\306\213\357\135\356\166\204\151\202\137\365}{subsection.1.1}% 7
\BOOKMARK [3][-]{subsubsection.1.1.6}{\376\377\122\006\117\115\145\160\040\024\040\024\122\006\117\115\145\160\145\143\160\271\126\376\000\050\000Q\000u\000a\000n\000t\000i\000l\000e\000-\000Q\000u\000a\000n\000t\000i\000l\000e\000\040\000P\000l\000o\000t\000s\000\051}{subsection.1.1}% 8
\BOOKMARK [2][-]{subsection.1.2}{\376\377\227\136\123\302\145\160\145\271\154\325}{section.1}% 9
\BOOKMARK [3][-]{subsubsection.1.2.1}{\376\377\227\136\123\302\145\160\145\271\154\325\213\241\173\227\000V\000a\000R}{subsection.1.2}% 10
\BOOKMARK [3][-]{subsubsection.1.2.2}{\376\377\123\112\123\302\145\160\154\325\142\026\155\367\124\010\154\325\213\241\173\227\000V\000a\000R}{subsection.1.2}% 11
\BOOKMARK [2][-]{subsection.1.3}{\376\377\147\201\120\074\164\006\213\272}{section.1}% 12
\BOOKMARK [3][-]{subsubsection.1.3.1}{\376\377\136\177\116\111\147\201\120\074\164\006\213\272\377\010\000G\000e\000n\000e\000r\000a\000l\000i\000z\000e\000d\000\040\000E\000x\000t\000r\000e\000m\000e\000V\000a\000l\000u\000e\000\040\000T\000h\000e\000o\000r\000y\377\014\000\040\000G\000E\000V\377\011}{subsection.1.3}% 13
\BOOKMARK [3][-]{subsubsection.1.3.2}{\376\377\000P\000O\000T\164\006\213\272}{subsection.1.3}% 14
\BOOKMARK [3][-]{subsubsection.1.3.3}{\376\377\000G\000E\000V\124\214\000P\000O\000T\000\040\166\204\137\002\124\014}{subsection.1.3}% 15
\BOOKMARK [3][-]{subsubsection.1.3.4}{\376\377\147\141\116\366\147\201\120\074\164\006\213\272}{subsection.1.3}% 16
\BOOKMARK [3][-]{subsubsection.1.3.5}{\376\377\131\032\126\340\175\040\147\201\120\074\164\006\213\272}{subsection.1.3}% 17
\BOOKMARK [2][-]{subsection.1.4}{\376\377\000V\000a\000R\126\336\155\113}{section.1}% 18
\BOOKMARK [3][-]{subsubsection.1.4.1}{\376\377\000V\000a\000R\126\336\155\113\152\041\127\213}{subsection.1.4}% 19
\BOOKMARK [3][-]{subsubsection.1.4.2}{\376\377\116\214\230\171\122\006\136\003\152\041\127\213}{subsection.1.4}% 20
\BOOKMARK [3][-]{subsubsection.1.4.3}{\376\377\000K\000u\000p\000i\000e\000c\150\300\232\214}{subsection.1.4}% 21
\BOOKMARK [3][-]{subsubsection.1.4.4}{\376\377\121\113\221\314\145\257\131\032\202\254\150\356\150\300\232\214}{subsection.1.4}% 22
\BOOKMARK [3][-]{subsubsection.1.4.5}{\376\377\147\141\116\366\211\206\166\326\163\207\124\214\135\364\130\136\134\024\126\336\155\113\211\304\122\031}{subsection.1.4}% 23
\BOOKMARK [2][-]{subsection.1.5}{\376\377\000V\000a\000R\146\040\134\004}{section.1}% 24
\BOOKMARK [3][-]{subsubsection.1.5.1}{\376\377\120\072\122\070\166\204\146\040\134\004}{subsection.1.5}% 25
\BOOKMARK [3][-]{subsubsection.1.5.2}{\376\377\210\115\165\037\124\301\166\204\146\040\134\004}{subsection.1.5}% 26
\BOOKMARK [3][-]{subsubsection.1.5.3}{\376\377\127\372\147\054\151\202\137\365}{subsection.1.5}% 27
\BOOKMARK [3][-]{subsubsection.1.5.4}{\376\377\000\040\0002\000.\000\040\146\040\134\004\116\073\211\201\121\205\133\271\000\040}{subsection.1.5}% 28
\BOOKMARK [2][-]{subsection.1.6}{\376\377\232\214\213\301\224\366\210\114\143\247\200\241\121\154\123\370\166\204\230\316\226\151\116\367\120\074\152\041\127\213}{section.1}% 29
\BOOKMARK [3][-]{subsubsection.1.6.1}{\376\377\000C\000o\000n\000c\000e\000p\000t\000u\000a\000l\000\040\000S\000o\000u\000n\000d\000n\000e\000s\000s}{subsection.1.6}% 30
\BOOKMARK [3][-]{subsubsection.1.6.2}{\376\377\000V\000a\000R\000\040\152\041\127\213\166\204\000s\000e\000n\000s\000i\000t\000i\000v\000i\000t\000y\000\040\000a\000n\000a\000l\000y\000s\000i\000s}{subsection.1.6}% 31
\BOOKMARK [3][-]{subsubsection.1.6.3}{\376\377\000V\000a\000R\000\040\166\204\177\156\117\341\123\072\225\364\000c\000o\000n\000f\000i\000d\000e\000n\000c\000e\000\040\000i\000n\000t\000e\000r\000v\000a\000l\000s}{subsection.1.6}% 32
\BOOKMARK [3][-]{subsubsection.1.6.4}{\376\377\000B\000e\000n\000c\000h\000m\000a\000r\000k\000i\000n\000g\000\040\000V\000a\000R\000\040\000m\000o\000d\000e\000l\000s}{subsection.1.6}% 33
\BOOKMARK [2][-]{subsection.1.7}{\376\377\000B\000e\000y\000o\000n\000d\000\040\000E\000x\000c\000e\000e\000d\000a\000n\000c\000e\000-\000B\000a\000s\000e\000d\000\040\000B\000a\000c\000k\000t\000e\000s\000t\000i\000n\000g\000\040\000o\000f\000\040\000V\000a\000R\000\040\000M\000o\000d\000e\000l\000s\000\050\215\205\215\212\215\205\121\372\127\372\116\216\000V\000a\000R\152\041\127\213\166\204\126\336\155\113\000\051}{section.1}% 34
\BOOKMARK [3][-]{subsubsection.1.7.1}{\376\377\127\372\147\054\151\202\137\365}{subsection.1.7}% 35
\BOOKMARK [3][-]{subsubsection.1.7.2}{\376\377\000V\000a\000R\126\336\155\113\166\204\162\171\140\047}{subsection.1.7}% 36
\BOOKMARK [3][-]{subsubsection.1.7.3}{\376\377\000P\000r\000o\000b\000a\000b\000i\000l\000i\000t\000y\000\040\000I\000n\000t\000e\000g\000r\000a\000l\000\040\000T\000r\000a\000n\000s\000f\000o\000r\000m\000\050\000P\000I\000T\000\051\151\202\163\207\171\357\122\006\123\330\143\142}{subsection.1.7}% 37
\BOOKMARK [3][-]{subsubsection.1.7.4}{\376\377\000G\000o\000o\000d\000n\000e\000s\000s\000-\000o\000f\000-\000f\000i\000t\000\040\000e\000s\000t\000s\000\040\142\337\124\010\117\030\136\246\150\300\232\214}{subsection.1.7}% 38
\BOOKMARK [1][-]{section.2}{\376\377\166\370\121\163\140\047}{}% 39
\BOOKMARK [2][-]{subsection.2.1}{\376\377\166\370\121\163\140\047\127\372\170\100}{section.2}% 40
\BOOKMARK [3][-]{subsubsection.2.1.1}{\376\377\0001\000.\000\040\127\372\147\054\151\202\137\365}{subsection.2.1}% 41
\BOOKMARK [3][-]{subsubsection.2.1.2}{\376\377\0002\000.\000\040\000C\000o\000r\000r\000e\000l\000a\000t\000i\000o\000n\000s\000\040\000a\000n\000d\000\040\000c\000o\000r\000r\000e\000l\000a\000t\000i\000o\000n\000\040\000r\000i\000s\000k\000\040\000a\000r\000e\000\040\000e\000v\000e\000r\000y\000w\000h\000e\000r\000e\000\040\000i\000n\000\040\000f\000i\000n\000a\000n\000c\000e}{subsection.2.1}% 42
\BOOKMARK [3][-]{subsubsection.2.1.3}{\376\377\166\370\121\163\140\047\124\214\166\370\121\163\140\047\230\316\226\151\127\050\221\321\207\215\230\206\127\337\145\340\131\004\116\015\127\050\000\040}{subsection.2.1}% 43
\BOOKMARK [2][-]{subsection.2.2}{\376\377\166\370\121\163\140\047\166\204\176\317\232\214\140\047\215\050}{section.2}% 44
\BOOKMARK [2][-]{subsection.2.3}{\376\377\221\321\207\215\166\370\121\163\140\047\136\372\152\041}{section.2}% 45
\BOOKMARK [1][-]{section.3}{\376\377\230\316\226\151\133\371\121\262}{}% 46
\BOOKMARK [2][-]{subsection.3.1}{\376\377\126\336\137\122\133\371\121\262\124\214\116\073\142\020\122\006\122\006\147\220}{section.3}% 47
\BOOKMARK [3][-]{subsubsection.3.1.1}{\376\377\000D\000V\000O\000\040\000l\000\040\000-\000n\000e\000u\000t\000r\000a\000l\000\040\000h\000e\000d\000g\000e\000\040\000.\000\040}{subsection.3.1}% 48
\BOOKMARK [3][-]{subsubsection.3.1.2}{\376\377\000\040\000S\000i\000n\000g\000l\000e\000-\000v\000a\000r\000i\000a\000b\000l\000e\000\040\000r\000e\000g\000r\000e\000s\000s\000i\000o\000n\000\040\000H\000e\000d\000g\000e\000\040\116\000\121\103\126\336\137\122\133\371\121\262\000\040}{subsection.3.1}% 49
\BOOKMARK [3][-]{subsubsection.3.1.3}{\376\377\000\040\000T\000w\000o\000-\000V\000a\000r\000i\000a\000b\000l\000e\000\040\000R\000e\000g\000r\000e\000s\000s\000i\000o\000n\000\040\000H\000e\000d\000g\000e\000\040\116\044\121\103\126\336\137\122\133\371\121\262\000\040}{subsection.3.1}% 50
\BOOKMARK [3][-]{subsubsection.3.1.4}{\376\377\000\040\000R\000e\000v\000e\000r\000s\000e\000\040\000r\000e\000g\000r\000e\000s\000s\000i\000o\000n\000\040\220\006\126\336\137\122}{subsection.3.1}% 51
\BOOKMARK [3][-]{subsubsection.3.1.5}{\376\377\116\073\142\020\122\006\122\006\147\220\000\040\000P\000r\000i\000n\000c\000i\000p\000a\000l\000\040\000C\000o\000m\000p\000o\000n\000e\000n\000t\000s\000\040\000A\000n\000a\000l\000y\000s\000i\000s\377\014\000\040\000P\000C\000A}{subsection.3.1}% 52
\BOOKMARK [1][-]{section.4}{\376\377\122\051\163\207\147\037\226\120\176\323\147\204\152\041\127\213}{}% 53
\BOOKMARK [2][-]{subsection.4.1}{\376\377\122\051\165\050\147\037\226\120\176\323\147\204\152\041\127\213\217\333\210\114\131\127\122\051\133\232\116\367}{section.4}% 54
\BOOKMARK [3][-]{subsubsection.4.1.1}{\376\377\127\372\147\054\151\202\137\365}{subsection.4.1}% 55
\BOOKMARK [3][-]{subsubsection.4.1.2}{\376\377\122\051\163\207\116\214\123\311\150\021\154\102\120\072\122\070\116\367\150\074}{subsection.4.1}% 56
\BOOKMARK [3][-]{subsubsection.4.1.3}{\376\377\122\051\163\207\116\214\123\311\150\021\154\102\147\037\147\103\116\367\150\074}{subsection.4.1}% 57
\BOOKMARK [3][-]{subsubsection.4.1.4}{\376\377\133\232\147\037\126\375\120\072\116\222\143\142}{subsection.4.1}% 58
\BOOKMARK [3][-]{subsubsection.4.1.5}{\376\377\121\166\116\326}{subsection.4.1}% 59
\BOOKMARK [2][-]{subsection.4.2}{\376\377\230\204\147\037\060\001\230\316\226\151\156\242\116\367\060\001\121\370\140\047\116\016\000\040\147\037\226\120\176\323\147\204\000\050\046\006\046\006\000\051}{section.4}% 60
\BOOKMARK [3][-]{subsubsection.4.2.1}{\376\377\230\204\147\037}{subsection.4.2}% 61
\BOOKMARK [3][-]{subsubsection.4.2.2}{\376\377\154\342\122\250\140\047\116\016\121\370\140\047}{subsection.4.2}% 62
\BOOKMARK [3][-]{subsubsection.4.2.3}{\376\377\000B\000o\000n\000d\000\040\000R\000e\000t\000u\000r\000n\000\040\000C\000o\000m\000p\000o\000n\000e\000n\000t\000s\000\040\120\072\122\070\145\066\166\312\142\306\122\006}{subsection.4.2}% 63
\BOOKMARK [2][-]{subsection.4.3}{\376\377\122\051\163\207\147\037\226\120\176\323\147\204\152\041\127\213\166\204\145\271\154\325\377\032\157\002\171\373}{section.4}% 64
\BOOKMARK [2][-]{subsection.4.4}{\376\377\122\051\163\207\147\037\226\120\176\323\147\204\152\041\127\213\166\204\145\271\154\325\377\032\154\342\122\250\163\207\124\214\122\006\136\003}{section.4}% 65
\BOOKMARK [3][-]{subsubsection.4.4.1}{\376\377\000\040\152\041\127\213\116\000\000\050\000D\000i\000s\000t\000r\000i\000b\000u\000t\000i\000o\000n\000\040\000o\000f\000\040\000s\000h\000o\000r\000t\000\040\000r\000a\000t\000e\000s\000\040\000a\000f\000t\000e\000r\000\040\000o\000n\000e\000\040\000y\000e\000a\000r\377\014\000\040\000M\000o\000d\000e\000l\000\040\0001\000\051}{subsection.4.4}% 66
\BOOKMARK [3][-]{subsubsection.4.4.2}{\376\377\000M\000o\000d\000e\000l\000\040\0002\000:\000\040\000D\000r\000i\000f\000t\000\040\000a\000n\000d\000\040\000r\000i\000s\000k\000\040\000p\000r\000e\000m\000i\000u\000m\000\040\152\041\127\213\116\214}{subsection.4.4}% 67
\BOOKMARK [3][-]{subsubsection.4.4.3}{\376\377\000H\000o\000-\000L\000e\000e\000\040\000M\000o\000d\000e\000l\000:\000T\000i\000m\000e\000-\000d\000e\000p\000e\000n\000d\000e\000n\000t\000\040\000d\000r\000i\000f\000t}{subsection.4.4}% 68
\BOOKMARK [3][-]{subsubsection.4.4.4}{\376\377\000V\000a\000s\000i\000c\000e\000k\000\040\000M\000o\000d\000e\000l\000:\000M\000e\000a\000n\000\040\000r\000e\000v\000e\000r\000s\000i\000o\000n}{subsection.4.4}% 69
\BOOKMARK [3][-]{subsubsection.4.4.5}{\376\377\000M\000o\000d\000e\000l\000\040\0003}{subsection.4.4}% 70
\BOOKMARK [3][-]{subsubsection.4.4.6}{\376\377\000C\000o\000x\000-\000I\000n\000g\000e\000r\000s\000o\000l\000l\000-\000R\000o\000s\000s\000\040\000\050\000C\000I\000R\000\051\000\040\000M\000o\000d\000e\000l}{subsection.4.4}% 71
\BOOKMARK [3][-]{subsubsection.4.4.7}{\376\377\000L\000o\000g\000n\000o\000r\000m\000a\000l\000\040\000m\000o\000d\000e\000l\000\040\000\050\000m\000o\000d\000e\000l\000\040\0004\000\051}{subsection.4.4}% 72
\BOOKMARK [2][-]{subsection.4.5}{\376\377\000T\000h\000e\000\040\000V\000a\000s\000i\000c\000e\000k\000\040\000a\000n\000d\000\040\000G\000a\000u\000s\000s\000+\000\040\000M\000o\000d\000e\000l\000s}{section.4}% 73
\BOOKMARK [3][-]{subsubsection.4.5.1}{\376\377\000G\000a\000u\000s\000s\000+\000\040\000M\000o\000d\000e\000l\000s}{subsection.4.5}% 74
\BOOKMARK [3][-]{subsubsection.4.5.2}{\376\377\000V\000a\000s\000i\000c\000e\000k\000\040\124\214\000\040\000G\000a\000u\000s\000s\000+\000\040\000M\000o\000d\000e\000l\000s\166\204\123\072\122\053\124\214\200\124\174\373}{subsection.4.5}% 75
\BOOKMARK [1][-]{section.5}{\376\377\154\342\122\250\163\207\137\256\173\021}{}% 76
\BOOKMARK [2][-]{subsection.5.1}{\376\377\000V\000o\000l\000a\000t\000i\000l\000i\000t\000y\000\040\000S\000m\000i\000l\000e\000s\000\040\154\342\122\250\163\207\137\256\173\021}{section.5}% 77
\BOOKMARK [3][-]{subsubsection.5.1.1}{\376\377\173\200\116\313}{subsection.5.1}% 78
\BOOKMARK [3][-]{subsubsection.5.1.2}{\376\377\0002\000.\000\040\000V\000o\000l\000a\000t\000i\000l\000i\000t\000y\000\040\000s\000m\000i\000l\000e\000\040\000f\000o\000r\000\040\000f\000o\000r\000e\000i\000g\000n\000\040\000c\000u\000r\000r\000e\000n\000c\000y\000\040\000o\000p\000t\000i\000o\000n\000s\000\040\131\026\154\107\147\037\147\103\000\040}{subsection.5.1}% 79
\BOOKMARK [3][-]{subsubsection.5.1.3}{\376\377\000V\000o\000l\000a\000t\000i\000l\000i\000t\000y\000\040\000s\000m\000i\000l\000e\000\040\000f\000o\000r\000\040\000e\000q\000u\000i\000t\000y\000\040\000o\000p\000t\000i\000o\000n\000s\000\040\200\241\171\150\147\037\147\103\166\204\226\220\124\053\154\342\122\250\163\207}{subsection.5.1}% 80
\BOOKMARK [3][-]{subsubsection.5.1.4}{\376\377\121\166\116\326}{subsection.5.1}% 81
\BOOKMARK [1][-]{section.6}{\376\377\136\002\127\072\230\316\226\151\213\241\221\317\133\236\215\365}{}% 82
\BOOKMARK [2][-]{subsection.6.1}{\376\377\000\040\000F\000u\000n\000d\000a\000m\000e\000n\000t\000a\000l\000\040\000R\000e\000v\000i\000e\000w\000\040\000o\000f\000\040\000t\000h\000e\000\040\000T\000r\000a\000d\000i\000n\000g\000\040\000B\000o\000o\000k}{section.6}% 83
\BOOKMARK [3][-]{subsubsection.6.1.1}{\376\377\230\316\226\151\213\241\221\317}{subsection.6.1}% 84
\BOOKMARK [3][-]{subsubsection.6.1.2}{\376\377\000L\000i\000q\000u\000i\000d\000i\000t\000y\000\040\000h\000o\000r\000i\000z\000o\000n\000s\000\040\000.}{subsection.6.1}% 85
\BOOKMARK [3][-]{subsubsection.6.1.3}{\376\377\224\366\210\114\116\244\146\023\215\046\142\067\166\204\230\316\226\151\136\246\221\317}{subsection.6.1}% 86
\BOOKMARK [3][-]{subsubsection.6.1.4}{\376\377\000s\000t\000a\000n\000d\000a\000r\000d\000i\000z\000e\000d\000\040\000a\000p\000p\000r\000o\000a\000c\000h\000h\000\040\124\214\000\040\000i\000n\000t\000e\000r\000n\000a\000l\000\040\000m\000o\000d\000e\000l\000s\000\040\000a\000p\000p\000r\000o\000a\000c\000h}{subsection.6.1}% 87
