\BOOKMARK [1][-]{section.1}{\376\377\200\003\160\271\0001\000:\117\341\165\050\230\316\226\151\136\372\152\041\213\304\117\060}{}% 1
\BOOKMARK [2][-]{Item.4}{\376\377\230\230\123\367\0001\200\003\133\337\000:\000\040\224\366\210\114\117\341\165\050\122\006\147\220\166\204\127\372\147\054\151\202\137\365\124\214\145\271\154\325}{section.1}% 2
\BOOKMARK [2][-]{Item.8}{\376\377\230\230\123\367\0002\200\003\133\337\000:\000\040\123\213\122\233\116\013\166\204\230\204\147\037\143\137\131\061\213\241\173\227}{section.1}% 3
\BOOKMARK [2][-]{Item.12}{\376\377\230\230\123\367\0003\200\003\133\337\000:\000\040\121\154\123\370\211\304\152\041\116\016\117\341\165\050\122\006\147\220\142\020\147\054\166\204\121\163\174\373}{section.1}% 4
\BOOKMARK [2][-]{Item.16}{\376\377\230\230\123\367\0004\200\003\133\337\000:\000\040\143\240\131\072\140\047\120\037\215\067\166\204\133\232\116\111}{section.1}% 5
\BOOKMARK [2][-]{Item.20}{\376\377\230\230\123\367\0005\200\003\133\337\000:\000\040\117\341\165\050\217\301\171\373\133\371\142\225\215\104\176\304\124\010\116\367\120\074\166\204\137\161\124\315}{section.1}% 6
\BOOKMARK [2][-]{Item.24}{\376\377\230\230\123\367\0006\200\003\133\337\000:\000\040\124\015\116\111\215\067\153\076\166\204\133\232\116\111}{section.1}% 7
\BOOKMARK [2][-]{Item.28}{\376\377\230\230\123\367\0007\200\003\133\337\000:\000\040\230\204\147\037\143\137\131\061\166\204\213\241\173\227}{section.1}% 8
\BOOKMARK [2][-]{Item.36}{\376\377\230\230\123\367\0008\200\003\133\337\000:\000\040\117\341\165\050\230\316\226\151\213\304\117\060\166\204\126\333\116\052\116\073\211\201\211\201\175\040}{section.1}% 9
\BOOKMARK [2][-]{Item.40}{\376\377\230\230\123\367\0009\200\003\133\337\000:\000\040\217\335\176\246\215\335\171\273\166\204\133\232\116\111}{section.1}% 10
\BOOKMARK [2][-]{Item.44}{\376\377\230\230\123\367\0001\0000\200\003\133\337\000:\000\040\217\335\176\246\215\335\171\273\166\204\213\241\173\227}{section.1}% 11
\BOOKMARK [2][-]{Item.48}{\376\377\230\230\123\367\0001\0001\200\003\133\337\000:\000\040\230\316\226\151\217\154\171\373\166\204\133\232\116\111}{section.1}% 12
\BOOKMARK [1][-]{section.2}{\376\377\200\003\160\271\0002\000:\117\341\165\050\213\304\122\006\116\016\213\304\176\247}{}% 13
\BOOKMARK [2][-]{Item.55}{\376\377\230\230\123\367\0001\200\003\133\337\000:\000\040\163\260\221\321\155\101\221\317\210\150\133\371\224\366\210\114\117\341\165\050\122\006\147\220\166\204\165\050\131\004}{section.2}% 14
\BOOKMARK [2][-]{Item.59}{\376\377\230\230\123\367\0002\200\003\133\337\000:\000\040\133\232\140\047\117\341\140\157\127\050\117\341\165\050\122\006\147\220\116\055\166\204\136\224\165\050}{section.2}% 15
\BOOKMARK [2][-]{Item.67}{\376\377\230\230\123\367\0003\200\003\133\337\000:\000\040\221\321\207\215\147\072\147\204\117\341\165\050\122\006\147\220\166\204\121\163\225\056\211\201\175\040}{section.2}% 16
\BOOKMARK [1][-]{section.3}{\376\377\200\003\160\271\0003\000:\217\335\176\246\123\357\200\375\140\047\213\304\117\060}{}% 17
\BOOKMARK [2][-]{Item.71}{\376\377\230\230\123\367\0001\200\003\133\337\000:\000\040\000C\000D\000S\166\204\133\232\116\111\124\214\162\171\160\271}{section.3}% 18
\BOOKMARK [2][-]{Item.75}{\376\377\230\230\123\367\0002\200\003\133\337\000:\000\040\126\336\145\066\163\207\166\204\137\161\124\315\126\340\175\040}{section.3}% 19
\BOOKMARK [2][-]{Item.79}{\376\377\230\230\123\367\0003\200\003\133\337\000:\000\040\000C\000D\000S\166\204\176\323\173\227\145\271\137\017}{section.3}% 20
\BOOKMARK [2][-]{Item.83}{\376\377\230\230\123\367\0004\200\003\133\337\000:\000\040\163\260\221\321\176\323\173\227\166\204\117\030\160\271}{section.3}% 21
\BOOKMARK [2][-]{Item.87}{\376\377\230\230\123\367\0005\200\003\133\337\000:\000\040\215\104\116\247\133\306\226\306\127\213\122\066\220\040\121\154\123\370\166\204\126\336\145\066\163\207\117\030\122\277}{section.3}% 22
\BOOKMARK [2][-]{Item.98}{\376\377\230\230\123\367\0006\200\003\133\337\000:\000\040\136\002\127\072\226\220\124\053\126\336\145\066\163\207\166\204\213\241\173\227\145\271\154\325}{section.3}% 23
\BOOKMARK [2][-]{Item.102}{\376\377\230\230\123\367\0007\200\003\133\337\000:\000\040\000C\000D\000S\116\160\145\271\166\204\230\316\226\151\146\264\227\062}{section.3}% 24
\BOOKMARK [2][-]{Item.106}{\376\377\230\230\123\367\0008\200\003\133\337\000:\000\040\137\161\124\315\116\244\146\023\120\072\122\070\126\336\145\066\163\207\166\204\126\340\175\040}{section.3}% 25
\BOOKMARK [2][-]{Item.110}{\376\377\230\230\123\367\0009\200\003\133\337\000:\000\040\000C\000D\000S\131\127\122\051\173\126\165\145}{section.3}% 26
\BOOKMARK [2][-]{Item.114}{\376\377\230\230\123\367\0001\0000\200\003\133\337\000:\000\040\000M\000o\000o\000d\000y\000'\000s\000\040\000K\000M\000V\152\041\127\213\166\204\217\335\176\246\151\202\163\207\170\156\133\232\145\271\154\325}{section.3}% 27
\BOOKMARK [2][-]{Item.122}{\376\377\230\230\123\367\0001\0001\200\003\133\337\000:\000\040\000M\000e\000r\000t\000o\000n\152\041\127\213\166\204\117\341\165\050\122\051\135\356\213\241\173\227}{section.3}% 28
\BOOKMARK [2][-]{Item.131}{\376\377\230\230\123\367\0001\0002\200\003\133\337\000:\000\040\117\177\165\050\000M\000e\000r\000t\000o\000n\152\041\127\213\213\241\173\227\217\335\176\246\215\335\171\273}{section.3}% 29
\BOOKMARK [2][-]{Item.135}{\376\377\230\230\123\367\0001\0003\200\003\133\337\000:\000\040\000M\000e\000r\000t\000o\000n\152\041\127\213\166\204\127\372\147\054\120\107\213\276}{section.3}% 30
\BOOKMARK [2][-]{Item.139}{\376\377\230\230\123\367\0001\0004\200\003\133\337\000:\000\040\217\335\176\246\116\222\143\142\166\204\140\047\215\050}{section.3}% 31
\BOOKMARK [2][-]{Item.143}{\376\377\230\230\123\367\0001\0005\200\003\133\337\000:\000\040\126\336\145\066\163\207\166\204\137\161\124\315\126\340\175\040}{section.3}% 32
\BOOKMARK [2][-]{Item.147}{\376\377\230\230\123\367\0001\0006\200\003\133\337\000:\000\040\000M\000e\000r\000t\000o\000n\152\041\127\213\166\204\136\224\165\050}{section.3}% 33
\BOOKMARK [2][-]{Item.151}{\376\377\230\230\123\367\0001\0007\200\003\133\337\000:\000\040\000M\000e\000r\000t\000o\000n\000\040\152\041\127\213\166\204\150\070\137\303\120\107\213\276}{section.3}% 34
\BOOKMARK [2][-]{Item.155}{\376\377\230\230\123\367\0001\0008\200\003\133\337\000:\000\040\133\232\140\047\117\341\140\157\116\016\133\232\221\317\117\341\140\157\166\204\123\072\122\053}{section.3}% 35
\BOOKMARK [2][-]{Item.159}{\376\377\230\230\123\367\0001\0009\200\003\133\337\000:\000\040\143\007\145\160\122\006\136\003\166\204\145\340\213\260\137\306\140\047}{section.3}% 36
\BOOKMARK [2][-]{Item.163}{\376\377\230\230\123\367\0002\0000\200\003\133\337\000:\000\040\117\177\165\050\000M\000e\000r\000t\000o\000n\152\041\127\213\213\241\173\227\200\241\147\103\124\214\120\072\122\241\166\204\116\367\120\074}{section.3}% 37
\BOOKMARK [2][-]{Item.167}{\376\377\230\230\123\367\0002\0001\200\003\133\337\000:\000\040\117\177\165\050\000M\000e\000r\000t\000o\000n\152\041\127\213\213\241\173\227\200\241\147\103\124\214\120\072\122\241\166\204\116\367\120\074}{section.3}% 38
\BOOKMARK [2][-]{Item.171}{\376\377\230\230\123\367\0002\0002\200\003\133\337\000:\000\040\127\372\170\100\000I\000R\000B\145\271\154\325\166\204\211\201\154\102}{section.3}% 39
\BOOKMARK [2][-]{Item.175}{\376\377\230\230\123\367\0002\0003\200\003\133\337\000:\000\040\176\317\155\116\215\104\147\054\166\204\213\241\173\227}{section.3}% 40
\BOOKMARK [2][-]{Item.179}{\376\377\230\230\123\367\0002\0004\200\003\133\337\000:\000\040\117\177\165\050\000M\000e\000r\000t\000o\000n\152\041\127\213\213\241\173\227\117\341\165\050\213\304\176\247}{section.3}% 41
\BOOKMARK [1][-]{section.4}{\376\377\200\003\160\271\0004\000:\117\341\165\050\213\304\122\006\124\214\226\366\125\056\117\341\165\050\230\316\226\151\173\241\164\006}{}% 42
\BOOKMARK [2][-]{Item.183}{\376\377\230\230\123\367\0001\200\003\133\337\000:\000\040\116\015\124\014\120\037\153\076\116\272\174\173\127\213\166\204\117\341\165\050\122\006\147\220\162\171\160\271}{section.4}% 43
\BOOKMARK [2][-]{Item.187}{\376\377\230\230\123\367\0002\200\003\133\337\000:\000\040\143\240\131\072\140\047\120\037\215\067\166\204\162\171\137\201}{section.4}% 44
\BOOKMARK [2][-]{Item.191}{\376\377\230\230\123\367\0003\200\003\133\337\000:\000\040\213\304\176\247\147\072\147\204\157\300\122\261\225\031\117\115\166\204\123\237\126\340}{section.4}% 45
\BOOKMARK [2][-]{Item.195}{\376\377\230\230\123\367\0004\200\003\133\337\000:\000\040\117\341\165\050\213\304\122\006\152\041\127\213\166\204\162\171\160\271}{section.4}% 46
\BOOKMARK [2][-]{Item.199}{\376\377\230\230\123\367\0005\200\003\133\337\000:\000\040\117\341\165\050\000V\000a\000R\166\204\213\241\173\227\145\271\154\325}{section.4}% 47
\BOOKMARK [2][-]{Item.203}{\376\377\230\230\123\367\0006\200\003\133\337\000:\000\040\154\024\120\031\166\370\121\163\230\316\226\151\166\204\145\076\131\047\124\214\177\023\211\343\147\072\122\066}{section.4}% 48
\BOOKMARK [1][-]{section.5}{\376\377\200\003\160\271\0005\000:\116\073\147\103\126\375\133\266\217\335\176\246\230\316\226\151}{}% 49
\BOOKMARK [2][-]{Item.207}{\376\377\230\230\123\367\0001\200\003\133\337\000:\000\040\145\160\133\127\137\017\000C\000D\000S\166\204\176\323\173\227\145\271\137\017}{section.5}% 50
\BOOKMARK [2][-]{Item.211}{\376\377\230\230\123\367\0002\200\003\133\337\000:\000\040\145\160\133\127\137\017\000C\000D\000S\166\204\176\323\173\227\145\271\137\017}{section.5}% 51
\BOOKMARK [2][-]{Item.215}{\376\377\230\230\123\367\0003\200\003\133\337\000:\000\040\217\335\176\246\116\222\143\142\166\204\140\047\215\050}{section.5}% 52
\BOOKMARK [2][-]{Item.219}{\376\377\230\230\123\367\0004\200\003\133\337\000:\000\040\147\072\147\204\213\304\176\247\174\373\176\337\166\204\162\171\160\271}{section.5}% 53
\BOOKMARK [2][-]{Item.223}{\376\377\230\230\123\367\0005\200\003\133\337\000:\000\040\000C\000D\000S\116\160\145\271\166\204\230\316\226\151\146\264\227\062}{section.5}% 54
\BOOKMARK [2][-]{Item.227}{\376\377\230\230\123\367\0006\200\003\133\337\000:\000\040\117\341\165\050\166\370\121\163\140\047\133\371\000C\000D\000S\122\051\135\356\166\204\137\161\124\315}{section.5}% 55
