\BOOKMARK [1][-]{section.1}{\376\377\200\003\160\271\0001\000:\221\321\207\215\147\015\122\241\173\241\164\006\116\055\166\204\142\225\215\104\200\114\200\375}{}% 1
\BOOKMARK [2][-]{Item.4}{\376\377\230\230\123\367\0001\200\003\133\337\000:\000\040\116\244\146\023\125\106\224\366\210\114\116\032\122\241\122\006\147\220}{section.1}% 2
\BOOKMARK [2][-]{Item.8}{\376\377\230\230\123\367\0002\200\003\133\337\000:\000\040\120\072\122\070\142\225\215\104\173\126\165\145\122\006\147\220}{section.1}% 3
\BOOKMARK [1][-]{section.2}{\376\377\200\003\160\271\0002\000:\133\130\153\076\147\015\122\241\124\214\227\136\133\130\153\076\215\037\120\072\166\204\173\241\164\006}{}% 4
\BOOKMARK [2][-]{Item.12}{\376\377\230\230\123\367\0001\200\003\133\337\000:\000\040\133\232\147\037\133\130\153\076\174\173\127\213\213\306\122\053}{section.2}% 5
\BOOKMARK [2][-]{Item.16}{\376\377\230\230\123\367\0002\200\003\133\337\000:\000\040\217\271\226\105\142\020\147\054\163\207\213\241\173\227}{section.2}% 6
\BOOKMARK [2][-]{Item.30}{\376\377\230\230\123\367\0003\200\003\133\337\000:\000\040\123\357\165\050\215\104\221\321\177\072\123\343\213\241\173\227}{section.2}% 7
\BOOKMARK [2][-]{Item.34}{\376\377\230\230\123\367\0004\200\003\133\337\000:\000\040\147\011\145\110\207\215\215\104\142\020\147\054\163\207\213\241\173\227}{section.2}% 8
\BOOKMARK [2][-]{Item.38}{\376\377\230\230\123\367\0005\200\003\133\337\000:\000\040\207\215\215\104\145\271\137\017\220\011\142\351}{section.2}% 9
\BOOKMARK [2][-]{Item.42}{\376\377\230\230\123\367\0006\200\003\133\337\000:\000\040\200\124\220\246\127\372\221\321\136\002\127\072\162\171\137\201}{section.2}% 10
\BOOKMARK [2][-]{Item.46}{\376\377\230\230\123\367\0007\200\003\133\337\000:\000\040\147\000\117\116\126\336\142\245\163\207\213\241\173\227}{section.2}% 11
\BOOKMARK [2][-]{Item.50}{\376\377\230\230\123\367\0008\200\003\133\337\000:\000\040\133\130\153\076\117\335\226\151\162\171\137\201}{section.2}% 12
\BOOKMARK [2][-]{Item.54}{\376\377\230\230\123\367\0009\200\003\133\337\000:\000\040\133\130\153\076\133\232\116\367\145\271\154\325\122\006\147\220}{section.2}% 13
\BOOKMARK [2][-]{Item.58}{\376\377\230\230\123\367\0001\0000\200\003\133\337\000:\000\040\133\130\153\076\122\051\163\207\133\232\116\367\123\237\122\031}{section.2}% 14
\BOOKMARK [2][-]{Item.62}{\376\377\230\230\123\367\0001\0001\200\003\133\337\000:\000\040\207\215\215\104\142\020\147\054\213\241\173\227}{section.2}% 15
\BOOKMARK [2][-]{Item.66}{\376\377\230\230\123\367\0001\0002\200\003\133\337\000:\000\040\123\357\165\050\215\104\221\321\177\072\123\343\213\241\173\227}{section.2}% 16
\BOOKMARK [1][-]{section.3}{\376\377\200\003\160\271\0003\000:\126\336\215\055\123\117\213\256\124\214\207\215\215\104}{}% 17
\BOOKMARK [2][-]{Item.70}{\376\377\230\230\123\367\0001\200\003\133\337\000:\000\040\126\336\215\055\142\305\117\335\124\301\122\051\135\356\122\006\147\220}{section.3}% 18
\BOOKMARK [2][-]{Item.74}{\376\377\230\230\123\367\0002\200\003\133\337\000:\000\040\162\171\153\212\126\336\215\055\122\051\163\207\162\171\137\201}{section.3}% 19
\BOOKMARK [2][-]{Item.78}{\376\377\230\230\123\367\0003\200\003\133\337\000:\000\040\162\171\153\212\122\051\135\356\162\171\137\201\122\006\147\220}{section.3}% 20
\BOOKMARK [2][-]{Item.82}{\376\377\230\230\123\367\0004\200\003\133\337\000:\000\040\162\171\153\212\122\051\135\356\162\171\137\201\122\006\147\220}{section.3}% 21
\BOOKMARK [2][-]{Item.86}{\376\377\230\230\123\367\0005\200\003\133\337\000:\000\040\126\336\215\055\142\225\215\104\120\117\131\175\122\006\147\220}{section.3}% 22
\BOOKMARK [1][-]{section.4}{\376\377\200\003\160\271\0005\000:\224\210\133\371\122\051\163\207\123\330\123\026\166\204\230\316\226\151\173\241\164\006\377\032\215\104\116\247\215\037\120\072\173\241\164\006\124\214\147\037\226\120\142\200\147\057}{}% 23
\BOOKMARK [2][-]{Item.90}{\376\377\230\230\123\367\0001\200\003\133\337\000:\000\040\116\105\147\037\177\072\123\343\173\241\164\006\122\006\147\220}{section.4}% 24
\BOOKMARK [2][-]{Item.94}{\376\377\230\230\123\367\0002\200\003\133\337\000:\000\040\122\051\163\207\145\117\141\037\177\072\123\343\122\006\147\220}{section.4}% 25
\BOOKMARK [2][-]{Item.98}{\376\377\230\230\123\367\0003\200\003\133\337\000:\000\040\122\051\163\207\230\316\226\151\173\241\164\006\173\126\165\145\122\006\147\220}{section.4}% 26
\BOOKMARK [2][-]{Item.102}{\376\377\230\230\123\367\0004\200\003\133\337\000:\000\040\215\067\153\076\173\241\164\006\152\041\137\017\122\006\147\220}{section.4}% 27
\BOOKMARK [1][-]{section.5}{\376\377\200\003\160\271\0004\000:\227\136\155\101\122\250\215\104\116\247}{}% 28
\BOOKMARK [2][-]{Item.106}{\376\377\230\230\123\367\0001\200\003\133\337\000:\000\040\227\136\155\101\122\250\140\047\215\104\116\247\230\316\226\151\136\246\221\317}{section.5}% 29
\BOOKMARK [2][-]{Item.111}{\376\377\230\230\123\367\0002\200\003\133\337\000:\000\040\227\136\155\101\122\250\140\047\120\072\122\070\162\171\137\201\122\006\147\220}{section.5}% 30
\BOOKMARK [2][-]{Item.115}{\376\377\230\230\123\367\0003\200\003\133\337\000:\000\040\227\136\155\101\122\250\140\047\215\104\116\247\120\117\135\356\122\006\147\220}{section.5}% 31
\BOOKMARK [2][-]{Item.119}{\376\377\230\230\123\367\0004\200\003\133\337\000:\000\040\174\373\176\337\140\047\207\215\215\104\155\101\122\250\140\047\230\316\226\151\122\006\147\220}{section.5}% 32
\BOOKMARK [2][-]{Item.123}{\376\377\230\230\123\367\0005\200\003\133\337\000:\000\040\215\104\116\247\227\136\155\101\122\250\140\047\147\145\156\220\122\006\147\220}{section.5}% 33
