\BOOKMARK [1][-]{section.1}{\376\377\200\003\160\271\0001\000:\121\150\164\003\221\321\207\215\123\161\147\072\122\115\166\204\215\104\147\054\166\321\173\241}{}% 1
\BOOKMARK [2][-]{Item.4}{\376\377\230\230\123\367\0001\200\003\133\337\000:\000\040\135\364\130\136\134\024\144\315\117\134\230\316\226\151\213\241\221\317\145\271\154\325\166\204\162\171\160\271}{section.1}% 2
\BOOKMARK [2][-]{Item.8}{\376\377\230\230\123\367\0002\200\003\133\337\000:\000\040\000A\000M\000A\144\315\117\134\230\316\226\151\213\241\221\317\166\204\133\232\221\317\150\007\121\306}{section.1}% 3
\BOOKMARK [2][-]{Item.12}{\376\377\230\230\123\367\0003\200\003\133\337\000:\000\040\135\364\130\136\134\024\123\117\213\256\116\013\215\104\147\054\211\201\154\102\166\204\153\324\217\203}{section.1}% 4
\BOOKMARK [2][-]{Item.16}{\376\377\230\230\123\367\0004\200\003\133\337\000:\000\040\135\364\130\136\134\024\000I\000I\123\117\213\256\166\204\121\163\225\056\162\171\137\201}{section.1}% 5
\BOOKMARK [2][-]{Item.20}{\376\377\230\230\123\367\0005\200\003\133\337\000:\000\040\136\002\127\072\230\316\226\151\215\104\147\054\211\201\154\102\166\204\213\241\173\227\145\271\154\325}{section.1}% 6
\BOOKMARK [2][-]{Item.24}{\376\377\230\230\123\367\0006\200\003\133\337\000:\000\040\135\364\130\136\134\024\000I\000I\000/\000I\000I\000I\116\016\000S\000o\000l\000v\000e\000n\000c\000y\000\040\000I\000I\166\204\153\324\217\203}{section.1}% 7
\BOOKMARK [1][-]{section.2}{\376\377\200\003\160\271\0002\000:\121\150\164\003\221\321\207\215\123\161\147\072\124\016\166\204\120\177\116\330\200\375\122\233\060\001\155\101\122\250\140\047\124\214\121\166\116\326\166\321\173\241\225\356\230\230}{}% 8
\BOOKMARK [2][-]{Item.28}{\376\377\230\230\123\367\0001\200\003\133\337\000:\000\040\130\236\221\317\230\316\226\151\215\104\147\054\211\201\154\102\000\050\000I\000R\000C\000\051\166\204\121\163\225\056\162\171\137\201}{section.2}% 9
\BOOKMARK [2][-]{Item.32}{\376\377\230\230\123\367\0002\200\003\133\337\000:\000\040\130\236\221\317\230\316\226\151\215\104\147\054\211\201\154\102\000\050\000I\000R\000C\000\051\166\204\127\372\147\054\211\201\154\102}{section.2}% 10
\BOOKMARK [2][-]{Item.36}{\376\377\230\230\123\367\0003\200\003\133\337\000:\000\040\224\366\210\114\155\101\122\250\140\047\230\316\226\151\122\006\147\220}{section.2}% 11
\BOOKMARK [2][-]{Item.40}{\376\377\230\230\123\367\0004\200\003\133\337\000:\000\040\224\366\210\114\215\104\147\054\176\323\147\204\122\006\147\220}{section.2}% 12
\BOOKMARK [2][-]{Item.44}{\376\377\230\230\123\367\0005\200\003\133\337\000:\000\040\155\101\122\250\140\047\211\206\166\326\163\207\000\050\000L\000C\000R\000\051\166\204\213\241\173\227}{section.2}% 13
\BOOKMARK [2][-]{Item.48}{\376\377\230\230\123\367\0006\200\003\133\337\000:\000\040\000C\000D\000O\116\244\146\023\173\126\165\145\122\006\147\220}{section.2}% 14
\BOOKMARK [2][-]{Item.52}{\376\377\230\230\123\367\0007\200\003\133\337\000:\000\040\000O\000T\000C\210\115\165\037\124\301\136\002\127\072\166\321\173\241\145\071\227\151}{section.2}% 15
\BOOKMARK [1][-]{section.3}{\376\377\200\003\160\271\0003\000:\135\364\130\136\134\024\000I\000I\145\071\227\151\144\130\211\201}{}% 16
\BOOKMARK [2][-]{Item.56}{\376\377\230\230\123\367\0001\200\003\133\337\000:\000\040\224\366\210\114\147\140\147\106\163\207\213\241\173\227}{section.3}% 17
\BOOKMARK [2][-]{Item.60}{\376\377\230\230\123\367\0002\200\003\133\337\000:\000\040\135\364\130\136\134\024\000I\000I\000I\147\140\147\106\177\023\121\262\211\201\154\102}{section.3}% 18
\BOOKMARK [1][-]{section.4}{\376\377\200\003\160\271\0004\000:\000\040\135\364\130\136\134\024\000I\000I\000I\377\032\133\214\142\020\123\161\147\072\124\016\145\071\227\151}{}% 19
\BOOKMARK [2][-]{Item.64}{\376\377\230\230\123\367\0001\200\003\133\337\000:\000\040\144\315\117\134\230\316\226\151\116\213\116\366\213\306\122\053}{section.4}% 20
\BOOKMARK [2][-]{Item.68}{\376\377\230\230\123\367\0002\200\003\133\337\000:\000\040\144\315\117\134\230\316\226\151\215\104\147\054\211\201\154\102\166\204\213\241\173\227\211\201\175\040}{section.4}% 21
\BOOKMARK [2][-]{Item.72}{\376\377\230\230\123\367\0003\200\003\133\337\000:\000\040\000F\000R\000T\000B\150\106\147\266\166\204\116\073\211\201\162\171\137\201}{section.4}% 22
\BOOKMARK [2][-]{Item.76}{\376\377\230\230\123\367\0004\200\003\133\337\000:\000\040\224\366\210\114\145\351\147\037\230\204\213\146\143\007\150\007\122\006\147\220}{section.4}% 23
\BOOKMARK [1][-]{section.5}{\376\377\200\003\160\271\0005\000:\000\040\000S\000u\000p\000p\000l\000e\000m\000e\000n\000t\000a\000r\000y\377\010\000F\000R\000T\000B\377\011}{}% 24
\BOOKMARK [2][-]{Item.80}{\376\377\230\230\123\367\0001\200\003\133\337\000:\000\040\000F\000R\000T\000B\121\205\220\350\152\041\127\213\154\325\166\204\133\236\145\275\211\201\154\102}{section.5}% 25
