\BOOKMARK [1][-]{section.1}{\376\377\200\003\160\271\0001\000:\177\121\176\334\137\071\140\047\377\032\133\236\215\365\203\003\126\364}{}% 1
\BOOKMARK [2][-]{Item.4}{\376\377\230\230\123\367\0001\200\003\133\337\000:\000\040\177\121\176\334\230\316\226\151\173\241\164\006\116\016\155\113\213\325\166\204\166\321\173\241\133\236\215\365}{section.1}% 2
\BOOKMARK [2][-]{Item.8}{\376\377\230\230\123\367\0002\200\003\133\337\000:\000\040\177\121\176\334\133\211\121\150\117\341\140\157\121\161\116\253\147\072\122\066\166\204\166\321\173\241\133\236\215\365}{section.1}% 3
\BOOKMARK [2][-]{Item.12}{\376\377\230\230\123\367\0003\200\003\133\337\000:\000\040\116\213\116\366\124\315\136\224\116\016\123\161\147\072\173\241\164\006\166\204\127\371\213\255\123\237\122\031}{section.1}% 4
\BOOKMARK [2][-]{Item.16}{\376\377\230\230\123\367\0004\200\003\133\337\000:\000\040\177\121\176\334\133\211\121\150\117\341\140\157\121\161\116\253\147\072\122\066\166\204\166\321\173\241\133\236\215\365}{section.1}% 5
\BOOKMARK [2][-]{Item.20}{\376\377\230\230\123\367\0005\200\003\133\337\000:\000\040\124\130\135\345\123\302\116\016\133\371\177\121\176\334\227\347\140\047\166\204\117\134\165\050}{section.1}% 6
\BOOKMARK [2][-]{Item.24}{\376\377\230\230\123\367\0006\200\003\133\337\000:\000\040\177\121\176\334\227\347\140\047\213\304\117\060\143\007\150\007\166\204\136\224\165\050\215\213\122\277}{section.1}% 7
\BOOKMARK [1][-]{section.2}{\376\377\200\003\160\271\0002\000:\150\110\117\213\170\024\172\166\377\032\177\121\176\334\132\001\200\301\116\016\117\341\140\157\133\211\121\150\230\316\226\151}{}% 8
\BOOKMARK [2][-]{Item.28}{\376\377\230\230\123\367\0001\200\003\133\337\000:\000\040\177\121\176\334\230\316\226\151\173\241\164\006\150\106\147\266\166\204\150\070\137\303\122\237\200\375}{section.2}% 9
\BOOKMARK [2][-]{Item.32}{\376\377\230\230\123\367\0002\200\003\133\337\000:\000\040\177\121\176\334\133\211\121\150\137\071\140\047\145\271\150\110\166\204\142\020\147\054\116\016\145\110\147\234\147\103\210\141}{section.2}% 10
\BOOKMARK [1][-]{section.3}{\376\377\200\003\160\271\0003\000:\131\245\125\204\173\241\164\006\116\016\155\027\224\261\124\214\215\104\122\251\140\120\140\026\116\073\116\111\147\011\121\163\166\204\230\316\226\151}{}% 11
\BOOKMARK [2][-]{Item.36}{\376\377\230\230\123\367\0001\200\003\133\337\000:\000\040\117\001\116\032\145\207\123\026\136\372\213\276\116\055\166\204\157\300\122\261\116\016\127\371\213\255\123\237\122\031}{section.3}% 12
\BOOKMARK [2][-]{Item.40}{\376\377\230\230\123\367\0002\200\003\133\337\000:\000\040\123\315\155\027\224\261\116\016\123\315\140\120\207\215\215\104\166\204\124\010\211\304\173\241\164\006\211\201\160\271}{section.3}% 13
\BOOKMARK [1][-]{section.4}{\376\377\200\003\160\271\0004\000:\150\110\117\213\133\146\116\140\377\032\221\321\207\215\162\257\177\152\124\214\153\072\213\310}{}% 14
\BOOKMARK [2][-]{Item.41}{\376\377\230\230\123\367\0001\200\003\133\337\000:\000\040}{section.4}% 15
\BOOKMARK [1][-]{section.5}{\376\377\200\003\160\271\0005\000:\131\026\123\005\230\316\226\151\173\241\164\006\143\007\123\127}{}% 16
\BOOKMARK [2][-]{Item.45}{\376\377\230\230\123\367\0001\200\003\133\337\000:\000\040\205\252\221\154\157\300\122\261\116\016\117\001\116\032\145\207\123\026\136\372\213\276}{section.5}% 17
\BOOKMARK [2][-]{Item.49}{\376\377\230\230\123\367\0002\200\003\133\337\000:\000\040\147\015\122\241\125\106\134\075\200\114\214\003\147\345\166\204\215\042\122\241\121\163\154\350\160\271}{section.5}% 18
\BOOKMARK [2][-]{Item.53}{\376\377\230\230\123\367\0003\200\003\133\337\000:\000\040\131\026\123\005\147\015\122\241\124\010\124\014\166\204\121\163\225\056\147\141\153\076}{section.5}% 19
\BOOKMARK [2][-]{Item.57}{\376\377\230\230\123\367\0004\200\003\133\337\000:\000\040\131\026\123\005\124\010\124\014\116\055\224\366\210\114\166\204\230\316\226\151\173\241\164\006\215\043\116\373}{section.5}% 20
\BOOKMARK [1][-]{section.6}{\376\377\200\003\160\271\0006\000:\150\110\117\213\133\146\116\140\377\032\173\054\116\011\145\271\230\316\226\151\173\241\164\006}{}% 21
\BOOKMARK [2][-]{Item.61}{\376\377\230\230\123\367\0001\200\003\133\337\000:\000\040\174\373\176\337\140\047\230\316\226\151\116\016\131\026\123\005\117\235\215\126\166\204\121\163\174\373}{section.6}% 22
\BOOKMARK [1][-]{section.7}{\376\377\200\003\160\271\0007\000:\150\110\117\213\133\146\116\140\377\032\142\225\215\104\200\005\117\335\142\244\116\016\124\010\211\304\230\316\226\151}{}% 23
\BOOKMARK [2][-]{Item.65}{\376\377\230\230\123\367\0001\200\003\133\337\000:\000\040\200\114\215\043\122\006\171\273\133\371\144\315\117\134\230\316\226\151\166\204\137\161\124\315}{section.7}% 24
\BOOKMARK [1][-]{section.8}{\376\377\200\003\160\271\0008\000:\152\041\127\213\230\316\226\151\173\241\164\006\166\321\173\241\143\007\123\127}{}% 25
\BOOKMARK [2][-]{Item.69}{\376\377\230\230\123\367\0001\200\003\133\337\000:\000\040\152\041\127\213\230\316\226\151\173\241\164\006\166\204\127\372\147\054\145\271\154\325}{section.8}% 26
\BOOKMARK [2][-]{Item.73}{\376\377\230\230\123\367\0002\200\003\133\337\000:\000\040\131\026\123\005\230\316\226\151\173\241\164\006\166\204\147\000\117\163\133\236\215\365}{section.8}% 27
\BOOKMARK [2][-]{Item.77}{\376\377\230\230\123\367\0003\200\003\133\337\000:\000\040\152\041\127\213\230\316\226\151\173\241\164\006\166\204\147\011\145\110\143\252\145\275\116\016\213\357\123\072}{section.8}% 28
\BOOKMARK [2][-]{Item.81}{\376\377\230\230\123\367\0004\200\003\133\337\000:\000\040\152\041\127\213\230\316\226\151\166\204\116\073\211\201\147\145\156\220\116\016\121\170\127\213\210\150\163\260}{section.8}% 29
\BOOKMARK [2][-]{Item.85}{\376\377\230\230\123\367\0005\200\003\133\337\000:\000\040\152\041\127\213\230\316\226\151\173\241\164\006\166\204\200\114\215\043\122\006\171\273\123\237\122\031}{section.8}% 30
\BOOKMARK [2][-]{Item.89}{\376\377\230\230\123\367\0006\200\003\133\337\000:\000\040\152\041\127\213\230\316\226\151\166\204\121\170\127\213\147\145\156\220\116\016\120\107\213\276\225\356\230\230}{section.8}% 31
\BOOKMARK [2][-]{Item.93}{\376\377\230\230\123\367\0007\200\003\133\337\000:\000\040\232\330\173\241\127\050\152\041\127\213\230\316\226\151\173\241\164\006\116\055\166\204\200\114\215\043}{section.8}% 32
\BOOKMARK [2][-]{Item.97}{\376\377\230\230\123\367\0008\200\003\133\337\000:\000\040\152\041\127\213\230\316\226\151\173\241\164\006\166\204\127\372\147\054\145\271\154\325}{section.8}% 33
\BOOKMARK [2][-]{Item.101}{\376\377\230\230\123\367\0009\200\003\133\337\000:\000\040\152\041\127\213\230\316\226\151\173\241\164\006\116\055\166\204\217\307\142\337\124\010\225\356\230\230}{section.8}% 34
\BOOKMARK [2][-]{Item.105}{\376\377\230\230\123\367\0001\0000\200\003\133\337\000:\000\040\230\316\226\151\173\241\164\006\116\016\116\244\146\023\200\114\215\043\166\204\122\006\171\273\123\237\122\031}{section.8}% 35
\BOOKMARK [2][-]{Item.109}{\376\377\230\230\123\367\0001\0001\200\003\133\337\000:\000\040\152\041\127\213\230\316\226\151\166\204\121\170\127\213\147\145\156\220\116\016\227\136\147\145\156\220}{section.8}% 36
\BOOKMARK [2][-]{Item.113}{\376\377\230\230\123\367\0001\0002\200\003\133\337\000:\000\040\152\041\127\213\155\113\213\325\166\204\121\163\225\056\121\163\154\350\160\271}{section.8}% 37
\BOOKMARK [2][-]{Item.117}{\376\377\230\230\123\367\0001\0003\200\003\133\337\000:\000\040\152\041\127\213\230\316\226\151\173\241\164\006\166\204\127\372\147\054\123\237\122\031}{section.8}% 38
\BOOKMARK [2][-]{Item.121}{\376\377\230\230\123\367\0001\0004\200\003\133\337\000:\000\040\152\041\127\213\232\214\213\301\155\101\172\013\116\055\166\204\126\336\155\113\133\232\117\115}{section.8}% 39
\BOOKMARK [2][-]{Item.125}{\376\377\230\230\123\367\0001\0005\200\003\133\337\000:\000\040\200\114\215\043\122\006\171\273\123\237\122\031\127\050\144\315\117\134\230\316\226\151\226\062\143\247\116\055\166\204\117\134\165\050}{section.8}% 40
\BOOKMARK [1][-]{section.9}{\376\377\200\003\160\271\0009\000:\150\110\117\213\170\024\172\166\377\032\000\040\152\041\127\213\230\316\226\151\116\016\232\214\213\301}{}% 41
\BOOKMARK [2][-]{Item.129}{\376\377\230\230\123\367\0001\200\003\133\337\000:\000\040\152\041\127\213\230\316\226\151\173\241\164\006\166\204\147\011\145\110\143\252\145\275\116\016\213\357\123\072}{section.9}% 42
\BOOKMARK [2][-]{Item.133}{\376\377\230\230\123\367\0002\200\003\133\337\000:\000\040\152\041\127\213\213\276\133\232\225\031\213\357\116\016\150\041\121\306\213\357\135\356\166\204\123\072\122\053}{section.9}% 43
\BOOKMARK [2][-]{Item.137}{\376\377\230\230\123\367\0003\200\003\133\337\000:\000\040\152\041\127\213\213\276\133\232\225\031\213\357\116\016\150\041\121\306\213\357\135\356\166\204\123\072\122\053}{section.9}% 44
\BOOKMARK [2][-]{Item.141}{\376\377\230\230\123\367\0004\200\003\133\337\000:\000\040\152\041\127\213\120\107\213\276\133\371\174\373\176\337\140\047\230\316\226\151\213\304\117\060\166\204\137\161\124\315}{section.9}% 45
\BOOKMARK [2][-]{Item.145}{\376\377\230\230\123\367\0005\200\003\133\337\000:\000\040\230\316\226\151\120\117\131\175\166\204\133\232\116\111\116\016\121\205\155\265}{section.9}% 46
\BOOKMARK [2][-]{Item.149}{\376\377\230\230\123\367\0006\200\003\133\337\000:\000\040\230\316\226\151\152\041\127\213\136\070\211\301\213\357\135\356\147\145\156\220}{section.9}% 47
\BOOKMARK [2][-]{Item.153}{\376\377\230\230\123\367\0007\200\003\133\337\000:\000\040\152\041\127\213\133\236\145\275\116\055\166\204\145\160\143\156\154\273\164\006\116\016\215\043\116\373\122\006\221\115}{section.9}% 48
