\BOOKMARK [1][-]{section.1}{\376\377\117\341\165\050\230\316\226\151\127\372\147\054\151\202\137\365}{}% 1
\BOOKMARK [2][-]{subsection.1.1}{\376\377\000F\000u\000n\000d\000a\000m\000e\000n\000t\000a\000l\000s\000\040\000o\000f\000\040\000C\000r\000e\000d\000i\000t\000\040\000r\000i\000s\000k\000\040\000C\000R\000-\0001}{section.1}% 2
\BOOKMARK [3][-]{subsubsection.1.1.1}{\376\377\127\372\147\054\151\202\137\365}{subsection.1.1}% 3
\BOOKMARK [3][-]{subsubsection.1.1.2}{\376\377\000I\000n\000s\000o\000l\000v\000e\000n\000c\000y\060\001\000D\000e\000f\000a\000u\000l\000t\124\214\000B\000a\000n\000k\000r\000u\000p\000t\000c\000y\166\204\123\072\122\053}{subsection.1.1}% 4
\BOOKMARK [3][-]{subsubsection.1.1.3}{\376\377\116\247\165\037\117\341\165\050\230\316\226\151\166\204\116\244\146\023\174\173\127\213}{subsection.1.1}% 5
\BOOKMARK [3][-]{subsubsection.1.1.4}{\376\377\133\130\127\050\117\341\165\050\230\316\226\151\166\204\133\236\117\123}{subsection.1.1}% 6
\BOOKMARK [3][-]{subsubsection.1.1.5}{\376\377\173\241\164\006\117\341\215\067\230\316\226\151\166\204\122\250\147\072}{subsection.1.1}% 7
\BOOKMARK [2][-]{subsection.1.2}{\376\377\000G\000o\000v\000e\000r\000n\000a\000n\000c\000e\000\040\000C\000R\000-\0002}{section.1}% 8
\BOOKMARK [3][-]{subsubsection.1.2.1}{\376\377\000T\000h\000r\000e\000e\000\040\000L\000i\000n\000e\000s\000\040\000o\000f\000\040\000D\000e\000f\000e\000n\000s\000e\116\011\220\123\226\062\176\277}{subsection.1.2}% 9
\BOOKMARK [3][-]{subsubsection.1.2.2}{\376\377\147\000\117\163\154\273\164\006\117\123\174\373\166\204\126\333\116\052\121\163\225\056\123\237\122\031\377\032}{subsection.1.2}% 10
\BOOKMARK [3][-]{subsubsection.1.2.3}{\376\377\117\341\215\067\131\324\124\130\117\032\000\040\000C\000r\000e\000d\000i\000t\000\040\000C\000o\000m\000m\000i\000t\000t\000e\000e\000s}{subsection.1.2}% 11
\BOOKMARK [1][-]{section.2}{\376\377\217\335\176\246\143\137\131\061\163\207\213\241\173\227\000-\117\341\165\050\230\316\226\151\136\372\152\041\124\214\122\006\147\220}{}% 12
\BOOKMARK [2][-]{subsection.2.1}{\376\377\117\341\165\050\230\316\226\151\136\372\152\041\116\016\213\304\117\060\000\040\000C\000R\000-\0005}{section.2}% 13
\BOOKMARK [3][-]{subsubsection.2.1.1}{\376\377\000C\000A\000M\000E\000L\232\206\232\174\213\304\176\247\154\325}{subsection.2.1}% 14
\BOOKMARK [3][-]{subsubsection.2.1.2}{\376\377\117\341\165\050\230\316\226\151\136\372\152\041\166\204\211\201\175\040}{subsection.2.1}% 15
\BOOKMARK [3][-]{subsubsection.2.1.3}{\376\377\000P\000r\000e\000d\000i\000c\000t\000i\000n\000g\000\040\000D\000e\000f\000a\000u\000l\000t\000\040\000i\000n\000\040\000C\000r\000e\000d\000i\000t\000\040\000R\000i\000s\000k\000\040\000M\000o\000d\000e\000l\000s\000\040\217\335\176\246\151\202\163\207\166\204\213\304\117\060\145\271\154\325}{subsection.2.1}% 16
\BOOKMARK [2][-]{subsection.2.2}{\376\377\000C\000r\000e\000d\000i\000t\000\040\000S\000c\000o\000r\000i\000n\000g\000\040\000a\000n\000d\000\040\000R\000a\000t\000i\000n\000g\000\040\000C\000R\000-\0006}{section.2}% 17
\BOOKMARK [2][-]{subsection.2.3}{\376\377\213\241\173\227\217\335\176\246\151\202\163\207\000\040\000C\000R\000-\0009}{section.2}% 18
\BOOKMARK [3][-]{subsubsection.2.3.1}{\376\377\117\341\165\050\122\051\135\356\213\241\173\227\217\335\176\246\151\202\163\207}{subsection.2.3}% 19
\BOOKMARK [3][-]{subsubsection.2.3.2}{\376\377\200\241\116\367\213\241\173\227\217\335\176\246\151\202\163\207}{subsection.2.3}% 20
\BOOKMARK [2][-]{subsection.2.4}{\376\377\000R\000e\000t\000a\000i\000l\000\040\000C\000r\000e\000d\000i\000t\000\040\000R\000i\000s\000k\000\040\000M\000a\000n\000a\000g\000e\000m\000e\000n\000t\000\040\000C\000R\000-\0007}{section.2}% 21
\BOOKMARK [2][-]{subsection.2.5}{\376\377\000C\000o\000u\000n\000t\000r\000y\000\040\000R\000i\000s\000k\000\040\000C\000R\000-\0008}{section.2}% 22
\BOOKMARK [1][-]{section.3}{\376\377\117\341\165\050\230\316\226\151\213\241\221\317\123\312\215\104\147\054\000-\117\341\165\050\000V\000a\000R\124\214\215\104\147\054}{}% 23
\BOOKMARK [2][-]{subsection.3.1}{\376\377\000C\000r\000e\000d\000i\000t\000\040\000l\000o\000s\000s\000\040\000D\000i\000s\000t\000r\000i\000h\000u\000t\000i\000o\000n\000\040\000C\000R\000-\0004}{section.3}% 24
\BOOKMARK [3][-]{subsubsection.3.1.1}{\376\377\000E\000L\060\001\000U\000L\060\001\000U\000L\000C\377\010\221\315\211\201\166\204\116\015\200\375\121\215\221\315\211\201\116\206\377\011}{subsection.3.1}% 25
\BOOKMARK [3][-]{subsubsection.3.1.2}{\376\377\000C\000r\000e\000d\000i\000t\000\040\000l\000o\000s\000s\000\040\000d\000i\000s\000t\000r\000i\000b\000u\000t\000i\000o\000n\000\040\000a\000n\000d\000\040\000c\000a\000p\000i\000t\000a\000l}{subsection.3.1}% 26
\BOOKMARK [3][-]{subsubsection.3.1.3}{\376\377\000P\000r\000o\000b\000l\000e\000m\000s\000\040\000w\000i\000t\000h\000\040\000t\000h\000e\000\040\000Q\000u\000a\000n\000t\000i\000f\000i\000c\000a\000t\000i\000o\000n\000\040\000o\000f\000\040\000C\000r\000e\000d\000i\000t\000\040\000R\000i\000s\000k}{subsection.3.1}% 27
\BOOKMARK [2][-]{subsection.3.2}{\376\377\000C\000r\000e\000d\000i\000t\000\040\000V\000a\000l\000u\000e\000\040\000a\000t\000\040\000R\000i\000s\000k\000\040\000C\000R\000-\0001\0000}{section.3}% 28
\BOOKMARK [3][-]{subsubsection.3.2.1}{\376\377\000V\000a\000s\000i\000c\000e\000k\000\040\000m\000o\000d\000e\000l\000\040}{subsection.3.2}% 29
\BOOKMARK [3][-]{subsubsection.3.2.2}{\376\377\000C\000r\000e\000d\000i\000t\000M\000e\000t\000r\000i\000c\000s\000\040\000M\000o\000d\000e\000l}{subsection.3.2}% 30
\BOOKMARK [3][-]{subsubsection.3.2.3}{\376\377\000C\000r\000e\000d\000i\000t\000\040\000R\000i\000s\000k\000\040\000P\000l\000u\000s\000\040\000\050\000C\000r\000e\000d\000i\000t\000R\000i\000s\000k\000+\000\051}{subsection.3.2}% 31
\BOOKMARK [2][-]{subsection.3.3}{\376\377\000D\000e\000f\000a\000u\000l\000t\000\040\000C\000o\000r\000r\000e\000l\000a\000t\000i\000o\000n\000\040\000a\000n\000d\000\040\000C\000r\000e\000d\000i\000t\000\040\000V\000a\000R\000\040\000C\000R\000-\0001\0001\000-\0001\0002}{section.3}% 32
\BOOKMARK [3][-]{subsubsection.3.3.1}{\376\377\000D\000e\000f\000a\000u\000l\000t\000\040\000c\000o\000r\000r\000e\000l\000a\000t\000i\000o\000n\217\335\176\246\166\370\121\163\140\047}{subsection.3.3}% 33
\BOOKMARK [3][-]{subsubsection.3.3.2}{\376\377\000C\000r\000e\000d\000i\000t\000\040\000V\000a\000R}{subsection.3.3}% 34
\BOOKMARK [3][-]{subsubsection.3.3.3}{\376\377\000S\000i\000n\000g\000l\000e\000-\000f\000a\000c\000t\000o\000r\000\040\000m\000o\000d\000e\000l}{subsection.3.3}% 35
\BOOKMARK [1][-]{section.4}{\376\377\116\244\146\023\133\371\142\113\145\271\230\316\226\151}{}% 36
\BOOKMARK [2][-]{subsection.4.1}{\376\377\000D\000e\000r\000i\000v\000a\000t\000i\000v\000e\000s\000\040\000C\000R\000-\0001\0004}{section.4}% 37
\BOOKMARK [3][-]{subsubsection.4.1.1}{\376\377\000D\000e\000r\000i\000v\000a\000t\000i\000v\000e\000s\000\040\000m\000a\000r\000k\000e\000t}{subsection.4.1}% 38
\BOOKMARK [3][-]{subsubsection.4.1.2}{\376\377\000C\000C\000P\000\040\000a\000n\000d\000\040\000m\000o\000d\000e\000l\000i\000n\000g\000\040\000d\000e\000r\000i\000v\000a\000t\000i\000v\000e\000s\000\040\000r\000i\000s\000k}{subsection.4.1}% 39
\BOOKMARK [2][-]{subsection.4.2}{\376\377\000C\000o\000u\000n\000t\000e\000r\000p\000a\000r\000t\000y\000\040\000R\000i\000s\000k\000\040\000C\000R\000-\0001\0005}{section.4}% 40
\BOOKMARK [3][-]{subsubsection.4.2.1}{\376\377\000D\000e\000f\000i\000n\000i\000t\000i\000o\000n\000\040\000o\000f\000\040\000c\000o\000u\000n\000t\000e\000r\000p\000a\000r\000t\000y\000\040\000r\000i\000s\000k}{subsection.4.2}% 41
\BOOKMARK [3][-]{subsubsection.4.2.2}{\376\377\000L\000e\000n\000d\000i\000n\000g\000\040\000r\000i\000s\000k\000\040\000v\000s\000.\000\040\000c\000o\000u\000n\000t\000e\000r\000p\000a\000r\000t\000y\000\040\000r\000i\000s\000k}{subsection.4.2}% 42
\BOOKMARK [3][-]{subsubsection.4.2.3}{\376\377\000S\000e\000t\000t\000l\000e\000m\000e\000n\000t\000,\000\040\000p\000r\000e\000-\000s\000e\000t\000t\000l\000e\000m\000e\000n\000t\000,\000\040\000a\000n\000d\000\040\000m\000a\000r\000g\000i\000n\000\040\000p\000e\000r\000i\000o\000d\000\040\000o\000f\000\040\000r\000i\000s\000k}{subsection.4.2}% 43
\BOOKMARK [3][-]{subsubsection.4.2.4}{\376\377\000I\000n\000s\000t\000i\000t\000u\000t\000i\000o\000n\000s\000\040\000a\000n\000d\000\040\000t\000r\000a\000n\000s\000a\000c\000t\000i\000o\000n\000s}{subsection.4.2}% 44
\BOOKMARK [3][-]{subsubsection.4.2.5}{\376\377\000M\000i\000t\000i\000g\000a\000t\000i\000o\000n\000s\000\040\000o\000f\000\040\000c\000o\000u\000n\000t\000e\000r\000p\000a\000r\000t\000y\000\040\000r\000i\000s\000k}{subsection.4.2}% 45
\BOOKMARK [2][-]{subsection.4.3}{\376\377\000N\000e\000t\000t\000i\000n\000g\000,\000\040\000C\000l\000o\000s\000e\000-\000o\000u\000t\000\040\000a\000n\000d\000\040\000R\000e\000l\000a\000t\000e\000d\000\040\000A\000s\000p\000e\000c\000t\000s\000\040\000C\000R\000-\0001\0006}{section.4}% 46
\BOOKMARK [3][-]{subsubsection.4.3.1}{\376\377\000C\000a\000s\000h\000\040\000f\000l\000o\000w\000\040\000n\000e\000t\000t\000i\000n\000g}{subsection.4.3}% 47
\BOOKMARK [3][-]{subsubsection.4.3.2}{\376\377\000V\000a\000l\000u\000e\000\040\000n\000e\000t\000t\000i\000n\000g}{subsection.4.3}% 48
\BOOKMARK [2][-]{subsection.4.4}{\376\377\000M\000a\000r\000g\000i\000n\000\040\000\050\000C\000o\000l\000l\000a\000t\000e\000r\000a\000l\000\051\000\040\000a\000n\000d\000\040\000S\000e\000t\000t\000l\000e\000m\000e\000n\000t\000\040\000C\000R\000-\0001\0007}{section.4}% 49
\BOOKMARK [3][-]{subsubsection.4.4.1}{\376\377\000M\000a\000r\000g\000i\000n\000\040\000t\000e\000r\000m\000s}{subsection.4.4}% 50
\BOOKMARK [3][-]{subsubsection.4.4.2}{\376\377\000I\000m\000p\000a\000c\000t\000\040\000o\000f\000\040\000m\000a\000r\000g\000i\000n}{subsection.4.4}% 51
\BOOKMARK [2][-]{subsection.4.5}{\376\377\000C\000e\000n\000t\000r\000a\000l\000\040\000C\000l\000e\000a\000r\000i\000n\000g\000\040\000C\000R\000-\0001\0008}{section.4}% 52
\BOOKMARK [3][-]{subsubsection.4.5.1}{\376\377\000v\000o\000l\000u\000t\000i\000o\000n\000\040\000a\000n\000d\000\040\000m\000e\000c\000h\000a\000n\000i\000c\000s}{subsection.4.5}% 53
\BOOKMARK [3][-]{subsubsection.4.5.2}{\376\377\000C\000C\000P\000\040\000r\000i\000s\000k\000\040\000m\000a\000n\000a\000g\000e\000m\000e\000n\000t}{subsection.4.5}% 54
\BOOKMARK [2][-]{subsection.4.6}{\376\377\000F\000u\000t\000u\000r\000e\000\040\000V\000a\000l\000u\000e\000\040\000a\000n\000d\000\040\000E\000x\000p\000o\000s\000u\000r\000e\000\040\000C\000R\000-\0001\0009}{section.4}% 55
\BOOKMARK [3][-]{subsubsection.4.6.1}{\376\377\000M\000e\000t\000r\000i\000c\000s\000\040\000f\000o\000r\000\040\000C\000r\000e\000d\000l\000i\000t\000\040\000E\000x\000n\000o\000s\000u\000r\000e}{subsection.4.6}% 56
\BOOKMARK [3][-]{subsubsection.4.6.2}{\376\377\000E\000x\000p\000o\000s\000u\000r\000e\000\040\000p\000r\000o\000f\000i\000l\000e\000\040\000o\000f\000\040\000v\000a\000r\000i\000o\000u\000s\000\040\000s\000e\000c\000u\000r\000i\000t\000i\000e\000s}{subsection.4.6}% 57
\BOOKMARK [3][-]{subsubsection.4.6.3}{\376\377\000T\000h\000e\000\040\000i\000m\000p\000a\000c\000t\000s\000\040\000o\000n\000\040\000e\000x\000p\000o\000s\000u\000r\000e}{subsection.4.6}% 58
\BOOKMARK [2][-]{subsection.4.7}{\376\377\000C\000V\000A\000\040\000C\000R\000-\0002\0000}{section.4}% 59
\BOOKMARK [3][-]{subsubsection.4.7.1}{\376\377\000C\000r\000e\000d\000i\000t\000\040\000V\000a\000l\000u\000a\000t\000i\000o\000n\000\040\000A\000d\000j\000u\000s\000t\000m\000e\000n\000t\000\040\000a\000n\000d\000\040\000x\000V\000A}{subsection.4.7}% 60
\BOOKMARK [3][-]{subsubsection.4.7.2}{\376\377\000C\000V\000A\000\040\000a\000n\000d\000\040\000D\000V\000A}{subsection.4.7}% 61
\BOOKMARK [3][-]{subsubsection.4.7.3}{\376\377\000C\000V\000A\000\040\000a\000l\000l\000o\000c\000a\000t\000i\000o\000n}{subsection.4.7}% 62
\BOOKMARK [3][-]{subsubsection.4.7.4}{\376\377\000W\000r\000o\000n\000g\000-\000w\000a\000y\000\040\000r\000i\000s\000k}{subsection.4.7}% 63
\BOOKMARK [2][-]{subsection.4.8}{\376\377\000C\000o\000u\000n\000t\000e\000r\000p\000a\000r\000t\000y\000\040\000C\000r\000e\000d\000i\000t\000\040\000R\000i\000s\000k\123\213\122\233\155\113\213\325\000\040\000C\000R\000-\0002\0001}{section.4}% 64
\BOOKMARK [1][-]{section.5}{\376\377\117\341\165\050\230\316\226\151\173\241\164\006}{}% 65
\BOOKMARK [2][-]{subsection.5.1}{\376\377\000C\000r\000e\000d\000i\000t\000\040\000R\000i\000s\000k\000\040\000M\000a\000n\000a\000g\000e\000m\000e\000n\000t\000\040\000C\000R\000-\0003}{section.5}% 66
\BOOKMARK [2][-]{subsection.5.2}{\376\377\000C\000r\000e\000d\000i\000t\000\040\000D\000e\000r\000i\000v\000a\000t\000i\000v\000e\000s\000\040\000C\000R\000-\0001\0003}{section.5}% 67
\BOOKMARK [2][-]{subsection.5.3}{\376\377\000S\000t\000r\000u\000c\000t\000u\000r\000e\000d\000\040\000c\000r\000e\000d\000i\000t\000\040\000p\000r\000o\000d\000u\000c\000t\000s\000\040\000C\000R\000-\0002\0002}{section.5}% 68
