\BOOKMARK [1][-]{section.1}{\376\377\200\003\160\271\0001\000:\133\371\121\262\127\372\221\321}{}% 1
\BOOKMARK [2][-]{Item.4}{\376\377\230\230\123\367\0001\200\003\133\337\000:\000\040\133\371\121\262\127\372\221\321\173\126\165\145\230\316\226\151\116\016\176\323\147\204\140\047\230\316\226\151}{section.1}% 2
\BOOKMARK [2][-]{Item.8}{\376\377\230\230\123\367\0002\200\003\133\337\000:\000\040\123\357\217\154\120\072\131\127\122\051\166\204\136\014\201\112\133\127\153\315\145\136\123\343}{section.1}% 3
\BOOKMARK [2][-]{Item.12}{\376\377\230\230\123\367\0003\200\003\133\337\000:\000\040\133\371\121\262\127\372\221\321\230\316\150\074\157\002\171\373\213\306\122\053}{section.1}% 4
\BOOKMARK [2][-]{Item.16}{\376\377\230\230\123\367\0004\200\003\133\337\000:\000\040\123\302\200\003\122\051\163\207\166\204\117\341\165\050\230\316\226\151\225\356\230\230}{section.1}% 5
\BOOKMARK [2][-]{Item.20}{\376\377\230\230\123\367\0005\200\003\133\337\000:\000\040\133\371\121\262\127\372\221\321\145\160\143\156\136\223\120\117\135\356\174\173\127\213}{section.1}% 6
\BOOKMARK [2][-]{Item.24}{\376\377\230\230\123\367\0006\200\003\133\337\000:\000\040\133\371\121\262\127\372\221\321\173\126\165\145\174\173\127\213\213\306\122\053}{section.1}% 7
\BOOKMARK [2][-]{Item.28}{\376\377\230\230\123\367\0007\200\003\133\337\000:\000\040\133\371\121\262\127\372\221\321\173\126\165\145\174\173\127\213\213\306\122\053}{section.1}% 8
\BOOKMARK [2][-]{Item.32}{\376\377\230\230\123\367\0008\200\003\133\337\000:\000\040\000C\000D\000S\122\051\135\356\166\370\121\163\140\047\123\330\123\026}{section.1}% 9
\BOOKMARK [2][-]{Item.36}{\376\377\230\230\123\367\0009\200\003\133\337\000:\000\040\126\372\133\232\145\066\166\312\131\127\122\051\173\126\165\145\174\173\127\213}{section.1}% 10
\BOOKMARK [2][-]{Item.40}{\376\377\230\230\123\367\0001\0000\200\003\133\337\000:\000\040\124\010\136\166\131\127\122\051\173\126\165\145}{section.1}% 11
\BOOKMARK [2][-]{Item.44}{\376\377\230\230\123\367\0001\0001\200\003\133\337\000:\000\040\126\360\130\203\213\301\122\070\173\126\165\145\166\204\126\336\142\245\116\343\164\006}{section.1}% 12
\BOOKMARK [2][-]{Item.48}{\376\377\230\230\123\367\0001\0002\200\003\133\337\000:\000\040\126\372\133\232\145\066\166\312\131\127\122\051\173\126\165\145\166\204\230\316\226\151\162\171\137\201}{section.1}% 13
\BOOKMARK [2][-]{Item.52}{\376\377\230\230\123\367\0001\0003\200\003\133\337\000:\000\040\133\371\121\262\127\372\221\321\210\114\116\032\166\204\123\206\123\362\217\154\142\230\160\271}{section.1}% 14
\BOOKMARK [2][-]{Item.56}{\376\377\230\230\123\367\0001\0004\200\003\133\337\000:\000\040\133\371\121\262\127\372\221\321\131\324\142\130\116\343\164\006\225\356\230\230\166\204\211\343\121\263\145\271\150\110}{section.1}% 15
\BOOKMARK [2][-]{Item.60}{\376\377\230\230\123\367\0001\0005\200\003\133\337\000:\000\040\123\357\217\154\120\072\131\127\122\051\173\126\165\145\166\204\230\316\226\151\145\136\123\343}{section.1}% 16
\BOOKMARK [2][-]{Item.64}{\376\377\230\230\123\367\0001\0006\200\003\133\337\000:\000\040\121\150\164\003\133\217\211\302\173\126\165\145\166\204\162\171\137\201}{section.1}% 17
\BOOKMARK [2][-]{Item.68}{\376\377\230\230\123\367\0001\0007\200\003\133\337\000:\000\040\133\371\121\262\127\372\221\321\000a\000l\000p\000h\000a\116\013\226\115\215\213\122\277}{section.1}% 18
\BOOKMARK [2][-]{Item.72}{\376\377\230\230\123\367\0001\0008\200\003\133\337\000:\000\040\133\371\121\262\127\372\221\321\173\126\165\145\162\171\137\201}{section.1}% 19
\BOOKMARK [2][-]{Item.76}{\376\377\230\230\123\367\0001\0009\200\003\133\337\000:\000\040\000a\000l\000p\000h\000a\174\276\160\274\166\356\150\007}{section.1}% 20
\BOOKMARK [1][-]{section.2}{\376\377\200\003\160\271\0002\000:\133\371\162\171\133\232\173\241\164\006\116\272\124\214\127\372\221\321\217\333\210\114\134\075\200\114\214\003\147\345}{}% 21
\BOOKMARK [2][-]{Item.80}{\376\377\230\230\123\367\0001\200\003\133\337\000:\000\040\134\075\200\114\214\003\147\345\211\201\175\040\221\315\211\201\140\047}{section.2}% 22
\BOOKMARK [2][-]{Item.84}{\376\377\230\230\123\367\0002\200\003\133\337\000:\000\040\230\316\226\151\173\241\164\006\213\304\117\060\150\007\121\306}{section.2}% 23
\BOOKMARK [2][-]{Item.88}{\376\377\230\230\123\367\0003\200\003\133\337\000:\000\040\142\225\215\104\121\263\173\126\166\370\121\163\126\340\175\040}{section.2}% 24
\BOOKMARK [2][-]{Item.92}{\376\377\230\230\123\367\0004\200\003\133\337\000:\000\040\133\371\121\262\127\372\221\321\131\061\215\045\126\340\175\040}{section.2}% 25
\BOOKMARK [2][-]{Item.96}{\376\377\230\230\123\367\0005\200\003\133\337\000:\000\040\134\075\200\114\214\003\147\345\121\163\225\056\126\340\175\040}{section.2}% 26
\BOOKMARK [2][-]{Item.100}{\376\377\230\230\123\367\0006\200\003\133\337\000:\000\040\217\320\204\045\230\316\226\151\117\341\123\367}{section.2}% 27
\BOOKMARK [1][-]{section.3}{\376\377\200\003\160\271\0003\000:\117\246\147\345\142\225\215\104\176\317\164\006\166\204\153\072\213\310\210\114\116\072}{}% 28
\BOOKMARK [2][-]{Item.104}{\376\377\230\230\123\367\0001\200\003\133\337\000:\000\040\153\072\213\310\230\204\155\113\152\041\127\213\120\117\135\356}{section.3}% 29
