\BOOKMARK [1][-]{section.1}{\376\377\200\003\160\271\0001\000:\142\225\215\104\176\304\124\010\147\204\136\372}{}% 1
\BOOKMARK [2][-]{Item.4}{\376\377\230\230\123\367\0001\200\003\133\337\000:\000\040\227\136\116\244\146\023\123\072\225\364\137\161\124\315\126\340\175\040}{section.1}% 2
\BOOKMARK [2][-]{Item.8}{\376\377\230\230\123\367\0002\200\003\133\337\000:\000\040\127\372\121\306\131\026\215\104\116\247\166\204\147\103\221\315\131\004\164\006}{section.1}% 3
\BOOKMARK [2][-]{Item.12}{\376\377\230\230\123\367\0003\200\003\133\337\000:\000\040\221\321\207\215\147\072\147\204\116\222\200\124\140\047\116\016\123\232\134\076\230\316\226\151}{section.1}% 4
\BOOKMARK [2][-]{Item.16}{\376\377\230\230\123\367\0004\200\003\133\337\000:\000\040\000a\000l\000p\000h\000a\122\006\136\003\116\016\150\007\121\306\135\356\151\202\163\207}{section.1}% 5
\BOOKMARK [1][-]{section.2}{\376\377\200\003\160\271\0002\000:\142\225\215\104\176\304\124\010\230\316\226\151\377\032\122\006\147\220\145\271\154\325}{}% 6
\BOOKMARK [2][-]{Item.20}{\376\377\230\230\123\367\0001\200\003\133\337\000:\000\040\217\271\226\105\145\066\166\312\000/\230\316\226\151\153\324\117\030\123\026\221\115\177\156}{section.2}% 7
\BOOKMARK [2][-]{Item.24}{\376\377\230\230\123\367\0002\200\003\133\337\000:\000\040\142\020\122\006\000V\000a\000R\213\241\173\227\145\271\154\325}{section.2}% 8
\BOOKMARK [2][-]{Item.28}{\376\377\230\230\123\367\0003\200\003\133\337\000:\000\040\142\020\122\006\000V\000a\000R\215\041\163\056\136\246\213\241\173\227}{section.2}% 9
\BOOKMARK [2][-]{Item.32}{\376\377\230\230\123\367\0004\200\003\133\337\000:\000\040\142\225\215\104\176\304\124\010\122\006\145\143\123\026\000V\000a\000R\213\241\173\227}{section.2}% 10
\BOOKMARK [2][-]{Item.36}{\376\377\230\230\123\367\0005\200\003\133\337\000:\000\040\166\370\121\163\140\047\133\371\176\304\124\010\000V\000a\000R\166\204\137\161\124\315}{section.2}% 11
\BOOKMARK [2][-]{Item.40}{\376\377\230\230\123\367\0006\200\003\133\337\000:\000\040\000V\000A\000R\230\316\226\151\230\204\173\227\116\016\217\271\226\105\230\316\226\151}{section.2}% 12
\BOOKMARK [2][-]{Item.44}{\376\377\230\230\123\367\0007\200\003\133\337\000:\000\040\142\020\122\006\000V\000a\000R\215\041\163\056\136\246\213\241\173\227}{section.2}% 13
\BOOKMARK [1][-]{section.3}{\376\377\200\003\160\271\0003\000:\142\225\215\104\173\241\164\006\116\055\166\204\000V\000a\000R\124\214\230\316\226\151\230\204\173\227\177\026\122\066}{}% 14
\BOOKMARK [2][-]{Item.48}{\376\377\230\230\123\367\0001\200\003\133\337\000:\000\040\000Q\176\337\213\241\221\317\116\016\000p\120\074\146\076\204\127\140\047}{section.3}% 15
\BOOKMARK [2][-]{Item.52}{\376\377\230\230\123\367\0002\200\003\133\337\000:\000\040\126\372\133\232\145\066\166\312\213\241\122\022\166\204\215\104\221\321\230\316\226\151}{section.3}% 16
\BOOKMARK [2][-]{Item.56}{\376\377\230\230\123\367\0003\200\003\133\337\000:\000\040\162\171\226\367\213\372\153\324\163\207\116\016\217\271\226\105\230\316\226\151\121\263\173\126}{section.3}% 17
\BOOKMARK [2][-]{Item.60}{\376\377\230\230\123\367\0004\200\003\133\337\000:\000\040\126\336\142\245\136\163\156\321\166\204\124\016\147\234}{section.3}% 18
\BOOKMARK [2][-]{Item.64}{\376\377\230\230\123\367\0005\200\003\133\337\000:\000\040\133\371\121\262\127\372\221\321\230\316\226\151\173\241\164\006\143\021\142\030}{section.3}% 19
\BOOKMARK [2][-]{Item.68}{\376\377\230\230\123\367\0006\200\003\133\337\000:\000\040\000V\000a\000R\230\316\226\151\230\204\173\227\122\006\221\115}{section.3}% 20
\BOOKMARK [2][-]{Item.72}{\376\377\230\230\123\367\0007\200\003\133\337\000:\000\040\121\173\200\001\221\321\166\310\117\131\230\316\226\151\213\241\173\227}{section.3}% 21
\BOOKMARK [2][-]{Item.76}{\376\377\230\230\123\367\0008\200\003\133\337\000:\000\040\133\371\121\262\127\372\221\321\147\140\147\106\163\207\213\241\173\227}{section.3}% 22
\BOOKMARK [2][-]{Item.80}{\376\377\230\230\123\367\0009\200\003\133\337\000:\000\040\123\161\147\072\116\055\166\370\121\163\140\047\166\204\123\330\123\026}{section.3}% 23
\BOOKMARK [2][-]{Item.84}{\376\377\230\230\123\367\0001\0000\200\003\133\337\000:\000\040\121\173\200\001\221\321\166\310\117\131\230\316\226\151\116\367\120\074\213\241\173\227}{section.3}% 24
\BOOKMARK [1][-]{section.4}{\376\377\200\003\160\271\0004\000:\230\316\226\151\166\321\155\113\124\214\176\351\145\110\210\141\221\317}{}% 25
\BOOKMARK [2][-]{Item.88}{\376\377\230\230\123\367\0001\200\003\133\337\000:\000\040\155\101\122\250\140\047\116\105\147\037\213\241\173\227}{section.4}% 26
\BOOKMARK [1][-]{section.5}{\376\377\200\003\160\271\0005\000:\142\225\215\104\176\304\124\010\176\351\145\110\213\304\117\060}{}% 27
\BOOKMARK [2][-]{Item.92}{\376\377\230\230\123\367\0001\200\003\133\337\000:\000\040\000A\000l\000p\000h\000a\146\076\204\127\140\047\166\204\000t\150\300\232\214}{section.5}% 28
\BOOKMARK [2][-]{Item.96}{\376\377\230\230\123\367\0002\200\003\133\337\000:\000\040\000A\000l\000p\000h\000a\137\122\126\340\116\016\136\002\127\072\210\150\163\260}{section.5}% 29
\BOOKMARK [2][-]{Item.100}{\376\377\230\230\123\367\0003\200\003\133\337\000:\000\040\127\372\221\321\230\316\150\074\122\006\147\220\116\016\116\032\176\351\213\304\117\060}{section.5}% 30
