\BOOKMARK [1][-]{section.1}{\376\377\000O\000p\000e\000r\000a\000t\000i\000o\000n\000a\000l\000\040\000R\000i\000s\000k\000\040\000a\000n\000d\000\040\000R\000e\000s\000i\000l\000i\000e\000n\000c\000e\000\040\166\370\121\163\151\202\137\365}{}% 1
\BOOKMARK [2][-]{subsection.1.1}{\376\377\000O\000p\000e\000r\000a\000t\000i\000o\000n\000a\000l\000\040\000R\000i\000s\000k\000\040\000a\000n\000d\000\040\000R\000e\000s\000i\000l\000i\000e\000n\000c\000e\000\040\166\370\121\163\151\202\137\365}{section.1}% 2
\BOOKMARK [3][-]{subsubsection.1.1.1}{\376\377\144\315\117\134\230\316\226\151\133\232\116\111}{subsection.1.1}% 3
\BOOKMARK [3][-]{subsubsection.1.1.2}{\376\377\144\315\117\134\230\316\226\151\122\006\174\173}{subsection.1.1}% 4
\BOOKMARK [3][-]{subsubsection.1.1.3}{\376\377\144\315\117\134\230\316\226\151\230\221\163\207}{subsection.1.1}% 5
\BOOKMARK [3][-]{subsubsection.1.1.4}{\376\377\144\315\117\134\230\316\226\151\166\204\162\171\160\271\000\040}{subsection.1.1}% 6
\BOOKMARK [3][-]{subsubsection.1.1.5}{\376\377\144\315\117\134\230\316\226\151\173\241\164\006\377\010\000O\000R\000M\377\011\150\106\147\266}{subsection.1.1}% 7
\BOOKMARK [3][-]{subsubsection.1.1.6}{\376\377\217\320\204\045\131\015\123\237\122\233\377\010\000O\000p\000e\000r\000a\000t\000i\000o\000n\000a\000l\000\040\000r\000e\000s\000i\000l\000i\000e\000n\000c\000e\377\011}{subsection.1.1}% 8
\BOOKMARK [2][-]{subsection.1.2}{\376\377\000R\000i\000s\000k\000\040\000G\000o\000v\000e\000r\000n\000a\000n\000c\000e}{section.1}% 9
\BOOKMARK [3][-]{subsubsection.1.2.1}{\376\377\135\364\130\136\134\024\224\366\210\114\131\324\124\130\117\032\120\145\121\150\000\040\000O\000R\000M\000\040\166\204\123\237\122\031}{subsection.1.2}% 10
\BOOKMARK [3][-]{subsubsection.1.2.2}{\376\377\000S\000u\000p\000e\000r\000v\000i\000s\000o\000r\000y\000\040\000e\000x\000p\000e\000c\000t\000a\000t\000i\000o\000n\000\040\000o\000n\000\040\000g\000o\000v\000e\000r\000n\000a\000n\000c\000e\000\040\000o\000f\000\040\000O\000R\000M}{subsection.1.2}% 11
\BOOKMARK [3][-]{subsubsection.1.2.3}{\376\377\000C\000o\000m\000m\000i\000t\000t\000e\000e\000\040\000s\000t\000r\000u\000c\000t\000u\000r\000e\000\040\000i\000n\000\040\000r\000i\000s\000k\000\040\000g\000o\000v\000e\000r\000n\000a\000n\000c\000e}{subsection.1.2}% 12
\BOOKMARK [3][-]{subsubsection.1.2.4}{\376\377\000R\000o\000l\000e\000\040\000o\000f\000\040\000B\000O\000D\000\040\000i\000n\000\040\000r\000i\000s\000k\000\040\000g\000o\000v\000e\000r\000n\000a\000n\000c\000e}{subsection.1.2}% 13
\BOOKMARK [3][-]{subsubsection.1.2.5}{\376\377\000T\000h\000r\000e\000e\000\040\000l\000i\000n\000e\000s\000\040\000o\000f\000\040\000d\000e\000f\000e\000n\000s\000e\000\040\000m\000o\000d\000e\000l}{subsection.1.2}% 14
\BOOKMARK [3][-]{subsubsection.1.2.6}{\376\377\000R\000i\000s\000k\000\040\000A\000p\000p\000e\000t\000i\000t\000e}{subsection.1.2}% 15
\BOOKMARK [3][-]{subsubsection.1.2.7}{\376\377\000D\000e\000f\000i\000n\000i\000t\000i\000o\000n\000\040\000o\000f\000\040\000c\000u\000l\000t\000u\000r\000e}{subsection.1.2}% 16
\BOOKMARK [3][-]{subsubsection.1.2.8}{\376\377\000R\000i\000s\000k\000\040\000c\000u\000l\000t\000u\000r\000e}{subsection.1.2}% 17
\BOOKMARK [3][-]{subsubsection.1.2.9}{\376\377\000R\000i\000s\000k\000\040\000c\000u\000l\000t\000u\000r\000e\000-\000C\000o\000d\000e\000s\000\040\000o\000f\000\040\000c\000o\000n\000d\000u\000c\000t\000\040\000a\000n\000d\000\040\000e\000t\000h\000i\000c\000s}{subsection.1.2}% 18
\BOOKMARK [3][-]{subsubsection.1.2.10}{\376\377\000R\000i\000s\000k\000\040\000c\000u\000l\000t\000u\000r\000e\000-\000C\000o\000m\000p\000e\000n\000s\000a\000t\000i\000o\000n\000\040\000s\000t\000r\000u\000c\000t\000u\000r\000e}{subsection.1.2}% 19
\BOOKMARK [3][-]{subsubsection.1.2.11}{\376\377\000R\000i\000s\000k\000\040\000c\000u\000l\000t\000u\000r\000e\000-\000T\000r\000a\000i\000n\000i\000n\000g}{subsection.1.2}% 20
\BOOKMARK [3][-]{subsubsection.1.2.12}{\376\377\000S\000i\000g\000n\000s\000\040\000o\000f\000\040\000g\000o\000o\000d\000\040\000r\000i\000s\000k\000\040\000c\000u\000l\000t\000u\000r\000e}{subsection.1.2}% 21
\BOOKMARK [2][-]{subsection.1.3}{\376\377\000R\000i\000s\000k\000\040\000I\000d\000e\000n\000t\000i\000f\000i\000c\000a\000t\000i\000o\000n}{section.1}% 22
\BOOKMARK [3][-]{subsubsection.1.3.1}{\376\377\000S\000c\000o\000p\000e\000\040\000o\000f\000\040\000r\000i\000s\000k\000\040\000i\000d\000e\000n\000t\000i\000f\000i\000c\000a\000t\000i\000o\000n}{subsection.1.3}% 23
\BOOKMARK [3][-]{subsubsection.1.3.2}{\376\377\000T\000o\000p\000-\000d\000o\000w\000n}{subsection.1.3}% 24
\BOOKMARK [3][-]{subsubsection.1.3.3}{\376\377\000B\000o\000t\000t\000o\000m\000-\000u\000p}{subsection.1.3}% 25
\BOOKMARK [3][-]{subsubsection.1.3.4}{\376\377\000S\000c\000e\000n\000a\000r\000i\000o\000\040\000a\000n\000a\000l\000y\000s\000i\000s\000-\000\040\000B\000r\000a\000i\000n\000s\000t\000o\000r\000m\000i\000n\000g\000\040\000t\000e\000c\000h\000n\000i\000q\000u\000e\000s}{subsection.1.3}% 26
\BOOKMARK [3][-]{subsubsection.1.3.5}{\376\377\000E\000x\000a\000m\000p\000l\000e\000s\000\040\000o\000f\000\040\000r\000i\000s\000k\000\040\000t\000a\000x\000o\000n\000o\000m\000y}{subsection.1.3}% 27
\BOOKMARK [3][-]{subsubsection.1.3.6}{\376\377\000S\000t\000r\000u\000c\000t\000u\000r\000e\000\040\000o\000f\000\040\000t\000a\000x\000o\000n\000o\000m\000i\000e\000s}{subsection.1.3}% 28
\BOOKMARK [2][-]{subsection.1.4}{\376\377\000R\000i\000s\000k\000\040\000M\000e\000a\000s\000u\000r\000e\000m\000e\000n\000t\000\040\000a\000n\000d\000\040\000A\000s\000s\000e\000s\000s\000m\000e\000n\000t}{section.1}% 29
\BOOKMARK [3][-]{subsubsection.1.4.1}{\376\377\000L\000o\000s\000s\000\040\000d\000a\000t\000a\000\040\000c\000o\000l\000l\000e\000c\000t\000i\000o\000n}{subsection.1.4}% 30
\BOOKMARK [3][-]{subsubsection.1.4.2}{\376\377\000I\000n\000c\000i\000d\000e\000n\000t\000\040\000d\000a\000t\000a\000b\000a\000s\000e\000\040}{subsection.1.4}% 31
\BOOKMARK [3][-]{subsubsection.1.4.3}{\376\377\000C\000o\000m\000p\000r\000e\000h\000e\000n\000s\000i\000v\000e\000n\000e\000s\000s\000\040\000o\000f\000\040\000d\000a\000t\000a\000\040}{subsection.1.4}% 32
\BOOKMARK [3][-]{subsubsection.1.4.4}{\376\377\000D\000a\000t\000e\000s\000\040\000o\000f\000\040\000i\000n\000c\000i\000d\000e\000n\000t\000s}{subsection.1.4}% 33
\BOOKMARK [3][-]{subsubsection.1.4.5}{\376\377\000Q\000u\000a\000l\000i\000t\000a\000t\000i\000v\000e\000\040\000r\000i\000s\000k\000\040\000a\000s\000s\000e\000s\000s\000m\000e\000n\000t}{subsection.1.4}% 34
\BOOKMARK [3][-]{subsubsection.1.4.6}{\376\377\000R\000i\000s\000k\000\040\000a\000n\000d\000\040\000C\000o\000n\000t\000r\000o\000l\000\040\000S\000e\000l\000f\000-\000A\000s\000s\000e\000s\000s\000m\000e\000n\000t\000\040\000\050\000R\000C\000S\000A\000\051}{subsection.1.4}% 35
\BOOKMARK [3][-]{subsubsection.1.4.7}{\376\377\000S\000e\000v\000e\000r\000i\000t\000y\000\040\000a\000s\000s\000e\000s\000s\000m\000e\000n\000t\000:\000\040\000i\000m\000p\000a\000c\000t\000\040\000s\000c\000a\000l\000e\000s}{subsection.1.4}% 36
\BOOKMARK [3][-]{subsubsection.1.4.8}{\376\377\000L\000i\000k\000e\000l\000i\000h\000o\000o\000d\000\040\000a\000s\000s\000e\000s\000s\000m\000e\000n\000t\000\040\000s\000c\000a\000l\000e\000s}{subsection.1.4}% 37
\BOOKMARK [3][-]{subsubsection.1.4.9}{\376\377\000C\000o\000m\000b\000i\000n\000i\000n\000g\000\040\000l\000i\000k\000e\000l\000i\000h\000o\000o\000d\000\040\000a\000n\000d\000\040\000i\000m\000p\000a\000c\000t\000:\000\040\000h\000e\000a\000t\000m\000a\000p\000\040}{subsection.1.4}% 38
\BOOKMARK [3][-]{subsubsection.1.4.10}{\376\377\000O\000u\000t\000c\000o\000m\000e\000\040\000o\000f\000\040\000R\000C\000S\000A\000\040}{subsection.1.4}% 39
\BOOKMARK [3][-]{subsubsection.1.4.11}{\376\377\000C\000h\000a\000l\000l\000e\000n\000g\000e\000\040\000o\000f\000\040\000R\000C\000S\000A\000\040}{subsection.1.4}% 40
\BOOKMARK [3][-]{subsubsection.1.4.12}{\376\377\000K\000e\000y\000\040\000P\000e\000r\000f\000o\000r\000m\000a\000n\000c\000e\000\040\000I\000n\000d\000i\000c\000a\000t\000o\000r\000s\000\040\000\050\000K\000P\000I\000\051\000\040}{subsection.1.4}% 41
\BOOKMARK [3][-]{subsubsection.1.4.13}{\376\377\000K\000e\000y\000\040\000R\000i\000s\000k\000\040\000I\000n\000d\000i\000c\000a\000t\000o\000r\000s\000\040\000\050\000K\000R\000I\000\051\000\040}{subsection.1.4}% 42
\BOOKMARK [3][-]{subsubsection.1.4.14}{\376\377\000K\000e\000y\000\040\000C\000o\000n\000t\000r\000o\000l\000\040\000I\000n\000d\000i\000c\000a\000t\000o\000r\000s\000\040\000\050\000K\000C\000I\000\051\000\040}{subsection.1.4}% 43
\BOOKMARK [3][-]{subsubsection.1.4.15}{\376\377\000I\000n\000t\000e\000r\000a\000c\000t\000i\000o\000n\000\040\000a\000m\000o\000n\000g\000\040\000K\000P\000l\000s\000,\000\040\000K\000R\000l\000s\000,\000\040\000a\000n\000d\000\040\000K\000C\000l\000s\000\040}{subsection.1.4}% 44
\BOOKMARK [3][-]{subsubsection.1.4.16}{\376\377\000Q\000u\000a\000n\000t\000i\000t\000a\000t\000i\000v\000e\000\040\000r\000i\000s\000k\000\040\000a\000s\000s\000e\000s\000s\000m\000e\000n\000t}{subsection.1.4}% 45
\BOOKMARK [3][-]{subsubsection.1.4.17}{\376\377\000C\000a\000u\000s\000a\000l\000\040\000a\000n\000a\000l\000y\000s\000i\000s\000\040\000o\000f\000\040\000s\000c\000e\000n\000a\000r\000i\000o\000s}{subsection.1.4}% 46
\BOOKMARK [3][-]{subsubsection.1.4.18}{\376\377\000F\000a\000u\000l\000t\000\040\000T\000r\000e\000e\000\040\000A\000n\000a\000l\000y\000s\000i\000s\000\040\000\050\000F\000T\000A\000\051}{subsection.1.4}% 47
\BOOKMARK [3][-]{subsubsection.1.4.19}{\376\377\000F\000A\000I\000R\000\040\000m\000e\000t\000h\000o\000d\000o\000l\000o\000g\000y}{subsection.1.4}% 48
\BOOKMARK [3][-]{subsubsection.1.4.20}{\376\377\000R\000o\000o\000t\000-\000c\000a\000u\000s\000e\000\040\000a\000n\000a\000l\000y\000s\000i\000s\000\040\000a\000n\000d\000\040\000B\000o\000w\000t\000i\000e\000\040\000t\000o\000o\000l}{subsection.1.4}% 49
\BOOKMARK [3][-]{subsubsection.1.4.21}{\376\377\000S\000w\000i\000s\000s\000\040\000c\000h\000e\000e\000s\000e\000:\000\040\000c\000o\000n\000t\000r\000o\000l\000\040\000l\000a\000y\000e\000r\000i\000n\000g}{subsection.1.4}% 50
\BOOKMARK [3][-]{subsubsection.1.4.22}{\376\377\000O\000p\000e\000r\000a\000t\000i\000o\000n\000a\000l\000\040\000r\000i\000s\000k\000s\000\040\000m\000o\000d\000e\000l\000i\000n\000g\000\040\000a\000n\000d\000\040\000c\000a\000p\000i\000t\000a\000l}{subsection.1.4}% 51
\BOOKMARK [3][-]{subsubsection.1.4.23}{\376\377\000Q\000u\000a\000n\000t\000i\000f\000i\000c\000a\000t\000i\000o\000n\000\040\000o\000f\000\040\000o\000p\000e\000r\000a\000t\000i\000o\000n\000a\000l\000\040\000r\000e\000s\000i\000l\000i\000e\000n\000c\000e\000\040}{subsection.1.4}% 52
\BOOKMARK [2][-]{subsection.1.5}{\376\377\000R\000i\000s\000k\000\040\000M\000i\000t\000i\000g\000a\000t\000i\000o\000n}{section.1}% 53
\BOOKMARK [3][-]{subsubsection.1.5.1}{\376\377\000T\000w\000o\000\040\000k\000i\000n\000d\000s\000\040\000o\000f\000\040\000o\000p\000e\000r\000a\000t\000i\000o\000n\000a\000l\000\040\000r\000i\000s\000k}{subsection.1.5}% 54
\BOOKMARK [3][-]{subsubsection.1.5.2}{\376\377\000R\000i\000s\000k\000\040\000r\000e\000s\000p\000o\000n\000s\000e}{subsection.1.5}% 55
\BOOKMARK [3][-]{subsubsection.1.5.3}{\376\377\000I\000n\000t\000e\000r\000n\000a\000l\000\040\000c\000o\000n\000t\000r\000o\000l\000\040\000t\000y\000p\000e\000s}{subsection.1.5}% 56
\BOOKMARK [3][-]{subsubsection.1.5.4}{\376\377\000C\000o\000n\000t\000r\000o\000l\000\040\000d\000e\000s\000i\000g\000n}{subsection.1.5}% 57
\BOOKMARK [3][-]{subsubsection.1.5.5}{\376\377\000C\000o\000n\000t\000r\000o\000l\000\040\000t\000e\000s\000t\000i\000n\000g}{subsection.1.5}% 58
\BOOKMARK [3][-]{subsubsection.1.5.6}{\376\377\000R\000i\000s\000k\000\040\000m\000i\000t\000i\000g\000a\000t\000i\000o\000n\000\040\000b\000y\000\040\000p\000r\000o\000c\000e\000s\000s\000\040\000d\000e\000s\000i\000g\000n}{subsection.1.5}% 59
\BOOKMARK [3][-]{subsubsection.1.5.7}{\376\377\000T\000y\000p\000o\000l\000o\000g\000y\000\040\000a\000n\000d\000\040\000m\000i\000t\000i\000g\000a\000t\000i\000o\000n\000\040\000o\000f\000\040\000h\000u\000m\000a\000n\000\040\000e\000r\000r\000o\000r}{subsection.1.5}% 60
\BOOKMARK [3][-]{subsubsection.1.5.8}{\376\377\000N\000e\000w\000\040\000P\000r\000o\000d\000u\000c\000t\000\040\000a\000p\000p\000r\000o\000v\000a\000l\000\040\000p\000r\000o\000c\000e\000s\000s}{subsection.1.5}% 61
\BOOKMARK [3][-]{subsubsection.1.5.9}{\376\377\000M\000i\000t\000i\000g\000a\000t\000i\000o\000n\000\040\000m\000e\000a\000s\000u\000r\000e\000s\000\040\000t\000o\000\040\000r\000e\000d\000u\000c\000e\000\040\000i\000m\000p\000a\000c\000t}{subsection.1.5}% 62
\BOOKMARK [3][-]{subsubsection.1.5.10}{\376\377\000C\000o\000n\000t\000i\000n\000g\000e\000n\000c\000y\000\040\000p\000l\000a\000n\000n\000i\000n\000g\000\040}{subsection.1.5}% 63
\BOOKMARK [3][-]{subsubsection.1.5.11}{\376\377\000E\000v\000e\000n\000t\000\040\000a\000n\000d\000\040\000c\000r\000i\000s\000i\000s\000\040\000m\000a\000n\000a\000g\000e\000m\000e\000n\000t}{subsection.1.5}% 64
\BOOKMARK [3][-]{subsubsection.1.5.12}{\376\377\000R\000i\000s\000k\000\040\000t\000r\000a\000n\000s\000f\000e\000r}{subsection.1.5}% 65
\BOOKMARK [3][-]{subsubsection.1.5.13}{\376\377\000R\000i\000s\000k\000\040\000t\000r\000a\000n\000s\000f\000e\000r\000-\000e\000x\000t\000e\000r\000n\000a\000l\000\040\000i\000n\000s\000u\000r\000a\000n\000c\000e}{subsection.1.5}% 66
\BOOKMARK [3][-]{subsubsection.1.5.14}{\376\377\000R\000i\000s\000k\000\040\000t\000r\000a\000n\000s\000f\000e\000r\000-\000o\000u\000t\000s\000o\000u\000r\000c\000i\000n\000g\000\040}{subsection.1.5}% 67
\BOOKMARK [3][-]{subsubsection.1.5.15}{\376\377\000M\000a\000n\000a\000g\000e\000m\000e\000n\000t\000\040\000o\000f\000\040\000r\000e\000p\000u\000t\000a\000t\000i\000o\000n\000a\000l\000\040\000r\000i\000s\000k}{subsection.1.5}% 68
\BOOKMARK [2][-]{subsection.1.6}{\376\377\000R\000i\000s\000k\000\040\000R\000e\000p\000o\000r\000t\000i\000n\000g}{section.1}% 69
\BOOKMARK [3][-]{subsubsection.1.6.1}{\376\377\000R\000o\000l\000e\000s\000\040\000a\000n\000d\000\040\000r\000e\000s\000p\000o\000n\000s\000i\000b\000i\000l\000i\000t\000i\000e\000s\000\040\000o\000f\000\040\000c\000o\000m\000m\000i\000t\000t\000e\000e\000s}{subsection.1.6}% 70
\BOOKMARK [3][-]{subsubsection.1.6.2}{\376\377\000C\000o\000n\000s\000i\000d\000e\000r\000a\000t\000i\000o\000n\000s\000\040\000o\000f\000\040\000o\000p\000e\000r\000a\000t\000i\000o\000n\000a\000l\000\040\000r\000e\000p\000o\000r\000t\000i\000n\000g}{subsection.1.6}% 71
\BOOKMARK [3][-]{subsubsection.1.6.3}{\376\377\000S\000e\000v\000e\000n\000\040\000e\000l\000e\000m\000e\000n\000t\000s\000\040\000o\000f\000\040\000i\000n\000t\000e\000r\000n\000a\000l\000\040\000O\000R\000M\000\040\000r\000e\000p\000o\000r\000t}{subsection.1.6}% 72
\BOOKMARK [3][-]{subsubsection.1.6.4}{\376\377\000C\000h\000a\000r\000a\000c\000t\000e\000r\000i\000s\000t\000i\000c\000s\000\040\000a\000n\000d\000\040\000c\000h\000a\000l\000l\000e\000n\000g\000e\000s\000\040\000o\000f\000\040\000o\000p\000e\000r\000a\000t\000i\000o\000n\000a\000l\000\040\000r\000i\000s\000k\000\040\000d\000a\000t\000a}{subsection.1.6}% 73
\BOOKMARK [3][-]{subsubsection.1.6.5}{\376\377\000W\000a\000y\000s\000\040\000t\000o\000\040\000o\000v\000e\000r\000c\000o\000m\000e\000\040\000t\000h\000e\000s\000e\000\040\000c\000h\000a\000l\000l\000e\000n\000g\000e\000s}{subsection.1.6}% 74
\BOOKMARK [3][-]{subsubsection.1.6.6}{\376\377\000A\000g\000g\000r\000e\000g\000a\000t\000i\000n\000g\000\040\000q\000u\000a\000l\000i\000t\000a\000t\000i\000v\000e\000\040\000r\000i\000s\000k\000\040\000d\000a\000t\000a}{subsection.1.6}% 75
\BOOKMARK [3][-]{subsubsection.1.6.7}{\376\377\000E\000x\000t\000e\000r\000n\000a\000l\000\040\000r\000i\000s\000k\000\040\000r\000e\000p\000o\000r\000t\000i\000n\000g}{subsection.1.6}% 76
\BOOKMARK [3][-]{subsubsection.1.6.8}{\376\377\000E\000x\000t\000e\000r\000n\000a\000l\000\040\000r\000i\000s\000k\000\040\000r\000e\000p\000o\000r\000t\000i\000n\000g\000-\000R\000e\000p\000o\000r\000t\000i\000n\000g\000\040\000t\000o\000\040\000r\000e\000g\000u\000l\000a\000t\000o\000r\000s}{subsection.1.6}% 77
\BOOKMARK [3][-]{subsubsection.1.6.9}{\376\377\000E\000x\000t\000e\000r\000n\000a\000l\000\040\000r\000i\000s\000k\000\040\000r\000e\000p\000o\000r\000t\000i\000n\000g\000-\000R\000e\000p\000o\000r\000t\000i\000n\000g\000\040\000o\000n\000\040\000o\000p\000e\000r\000a\000t\000i\000o\000n\000a\000l\000\040\000r\000e\000s\000i\000l\000i\000e\000n\000c\000e}{subsection.1.6}% 78
\BOOKMARK [2][-]{subsection.1.7}{\376\377\000I\000n\000t\000e\000g\000r\000a\000t\000e\000d\000\040\000R\000i\000s\000k\000\040\000M\000a\000n\000a\000g\000e\000m\000e\000n\000t}{section.1}% 79
\BOOKMARK [3][-]{subsubsection.1.7.1}{\376\377\000E\000R\000M\000\040\000f\000r\000a\000m\000e\000w\000o\000r\000k}{subsection.1.7}% 80
\BOOKMARK [3][-]{subsubsection.1.7.2}{\376\377\000R\000i\000s\000k\000\040\000g\000o\000v\000e\000r\000n\000a\000n\000c\000e}{subsection.1.7}% 81
\BOOKMARK [3][-]{subsubsection.1.7.3}{\376\377\000R\000i\000s\000k\000\040\000c\000u\000l\000t\000u\000r\000e\000\040}{subsection.1.7}% 82
\BOOKMARK [3][-]{subsubsection.1.7.4}{\376\377\000R\000i\000s\000k\000\040\000a\000p\000p\000e\000t\000i\000t\000e}{subsection.1.7}% 83
\BOOKMARK [3][-]{subsubsection.1.7.5}{\376\377\000R\000o\000l\000e\000\040\000o\000f\000\040\000r\000e\000g\000u\000l\000a\000t\000o\000r\000y\000\040\000c\000a\000p\000i\000t\000a\000l}{subsection.1.7}% 84
\BOOKMARK [3][-]{subsubsection.1.7.6}{\376\377\000R\000o\000l\000e\000\040\000o\000f\000\040\000e\000c\000o\000n\000o\000m\000i\000c\000\040\000c\000a\000p\000i\000t\000a\000l\000\040}{subsection.1.7}% 85
\BOOKMARK [3][-]{subsubsection.1.7.7}{\376\377\000R\000i\000s\000k\000\040\000a\000g\000g\000r\000e\000g\000a\000t\000i\000o\000n\000\040\000f\000o\000r\000\040\000c\000a\000p\000i\000t\000a\000l\000\040\000a\000s\000s\000e\000s\000s\000m\000e\000n\000t}{subsection.1.7}% 86
\BOOKMARK [3][-]{subsubsection.1.7.8}{\376\377\000S\000t\000r\000e\000s\000s\000\040\000t\000e\000s\000t\000i\000n\000g}{subsection.1.7}% 87
\BOOKMARK [3][-]{subsubsection.1.7.9}{\376\377\000S\000t\000r\000e\000s\000s\000-\000t\000e\000s\000t\000i\000n\000g\000\040\000t\000a\000x\000o\000n\000o\000m\000y\000-\000t\000w\000o\000\040\000d\000i\000m\000e\000n\000s\000i\000o\000n\000s}{subsection.1.7}% 88
\BOOKMARK [3][-]{subsubsection.1.7.10}{\376\377\000P\000a\000r\000a\000m\000e\000t\000e\000r\000\040\000s\000t\000r\000e\000s\000s\000\040\000t\000e\000s\000t\000i\000n\000g\000\040}{subsection.1.7}% 89
\BOOKMARK [3][-]{subsubsection.1.7.11}{\376\377\000M\000a\000c\000r\000o\000e\000c\000o\000n\000o\000m\000i\000c\000\040\000s\000t\000r\000e\000s\000s\000\040\000t\000e\000s\000t\000i\000n\000g}{subsection.1.7}% 90
\BOOKMARK [3][-]{subsubsection.1.7.12}{\376\377\000P\000a\000r\000a\000m\000e\000t\000e\000r\000\040\000a\000n\000d\000\040\000m\000a\000c\000r\000o\000e\000c\000o\000n\000o\000m\000i\000c\000\040\000s\000t\000r\000e\000s\000s\000\040\000t\000e\000s\000t\000i\000n\000g}{subsection.1.7}% 91
\BOOKMARK [3][-]{subsubsection.1.7.13}{\376\377\000R\000e\000v\000e\000r\000s\000e\000\040\000s\000t\000r\000e\000s\000s\000\040\000t\000e\000s\000t\000i\000n\000g}{subsection.1.7}% 92
\BOOKMARK [3][-]{subsubsection.1.7.14}{\376\377\000O\000p\000e\000r\000a\000t\000i\000o\000n\000a\000l\000\040\000r\000i\000s\000k\000\040\000s\000t\000r\000e\000s\000s\000-\000t\000e\000s\000t\000i\000n\000g\000\040\000m\000o\000d\000e\000l\000s}{subsection.1.7}% 93
\BOOKMARK [1][-]{section.2}{\376\377\221\315\160\271\230\316\226\151\230\206\127\337}{}% 94
\BOOKMARK [2][-]{subsection.2.1}{\376\377\000\040\000C\000y\000b\000e\000r\000-\000R\000e\000s\000i\000l\000i\000e\000n\000c\000e\000:\000\040\000R\000a\000n\000g\000e\000\040\000o\000f\000\040\000P\000r\000a\000c\000t\000i\000c\000e\000s}{section.2}% 95
\BOOKMARK [3][-]{subsubsection.2.1.1}{\376\377\000F\000r\000a\000m\000e\000w\000o\000r\000k}{subsection.2.1}% 96
\BOOKMARK [3][-]{subsubsection.2.1.2}{\376\377\000C\000y\000b\000e\000r\000\040\000r\000e\000s\000i\000l\000i\000e\000n\000c\000e\000\040\000s\000t\000a\000n\000d\000a\000r\000d\000s\000\040\000a\000n\000d\000\040\000g\000u\000i\000d\000e\000l\000i\000n\000e\000s}{subsection.2.1}% 97
\BOOKMARK [3][-]{subsubsection.2.1.3}{\376\377\000C\000y\000b\000e\000r\000\040\000g\000o\000v\000e\000r\000n\000a\000n\000c\000e\000\040}{subsection.2.1}% 98
\BOOKMARK [3][-]{subsubsection.2.1.4}{\376\377\000A\000p\000p\000r\000o\000a\000c\000h\000e\000s\000\040\000o\000n\000\040\000c\000y\000b\000e\000r\000-\000r\000i\000s\000k\000\040\000m\000a\000n\000a\000g\000e\000m\000e\000n\000t}{subsection.2.1}% 99
\BOOKMARK [3][-]{subsubsection.2.1.5}{\376\377\000C\000o\000m\000m\000u\000n\000i\000c\000a\000t\000i\000o\000n\000\040\000a\000n\000d\000\040\000s\000h\000a\000r\000i\000n\000g\000\040\000o\000f\000\040\000i\000n\000f\000o\000r\000m\000a\000t\000i\000o\000n}{subsection.2.1}% 100
\BOOKMARK [3][-]{subsubsection.2.1.6}{\376\377\000I\000n\000t\000e\000r\000c\000o\000n\000n\000e\000c\000t\000i\000o\000n\000s\000\040\000w\000i\000t\000h\000\040\000t\000h\000i\000r\000d\000\040\000p\000a\000r\000t\000i\000e\000s}{subsection.2.1}% 101
\BOOKMARK [2][-]{subsection.2.2}{\376\377\000\040\000C\000a\000s\000e\000\040\000s\000t\000u\000d\000y\000:\000C\000y\000b\000e\000r\000t\000h\000r\000e\000a\000t\000s\000\040\000a\000n\000d\000\040\000I\000n\000f\000o\000r\000m\000a\000t\000i\000o\000n\000\040\000S\000e\000c\000u\000r\000i\000t\000y\000\040\000R\000i\000s\000k\000s}{section.2}% 102
\BOOKMARK [3][-]{subsubsection.2.2.1}{\376\377\000I\000n\000f\000o\000r\000m\000a\000t\000i\000o\000n\000\040\000s\000e\000c\000u\000r\000i\000t\000y\000\040\000r\000i\000s\000k\000s\000\040\000\050\000I\000S\000R\000\051\000\040}{subsection.2.2}% 103
\BOOKMARK [3][-]{subsubsection.2.2.2}{\376\377\000C\000y\000b\000e\000r\000\040\000r\000i\000s\000k\000\040\000m\000a\000n\000a\000g\000e\000m\000e\000n\000t\000:\000\040\000f\000r\000a\000m\000e\000w\000o\000r\000k\000s}{subsection.2.2}% 104
\BOOKMARK [3][-]{subsubsection.2.2.3}{\376\377\000E\000s\000s\000e\000n\000t\000i\000a\000l\000s\000\040\000o\000f\000\040\000c\000y\000b\000e\000r\000s\000e\000c\000u\000r\000i\000t\000y\000\040\000p\000r\000o\000t\000e\000c\000t\000i\000o\000n\000\040\000a\000n\000d\000\040\000m\000o\000n\000i\000t\000o\000r\000i\000n\000g\000\040}{subsection.2.2}% 105
\BOOKMARK [3][-]{subsubsection.2.2.4}{\376\377\000B\000e\000h\000a\000v\000i\000o\000r\000a\000l\000\040\000c\000o\000n\000t\000r\000o\000l\000s}{subsection.2.2}% 106
\BOOKMARK [3][-]{subsubsection.2.2.5}{\376\377\000T\000e\000c\000h\000n\000i\000c\000a\000l\000\040\000c\000o\000n\000t\000r\000o\000l\000s}{subsection.2.2}% 107
\BOOKMARK [3][-]{subsubsection.2.2.6}{\376\377\000E\000q\000u\000i\000f\000a\000x\000\040\000c\000a\000s\000e\000\040\000s\000t\000u\000d\000y}{subsection.2.2}% 108
\BOOKMARK [3][-]{subsubsection.2.2.7}{\376\377\000L\000e\000s\000s\000o\000n\000s\000\040\000l\000e\000a\000r\000n\000e\000d\000\040\000f\000r\000o\000m\000\040\000t\000h\000e\000\040\000E\000q\000u\000i\000f\000a\000x\000\040\000c\000a\000s\000e\000\040\000s\000t\000u\000d\000y}{subsection.2.2}% 109
\BOOKMARK [2][-]{subsection.2.3}{\376\377\000\040\000S\000o\000u\000n\000d\000\040\000M\000a\000n\000a\000g\000e\000m\000e\000n\000t\000\040\000o\000f\000\040\000R\000i\000s\000k\000s\000\040\000R\000e\000l\000a\000t\000e\000d\000\040\000t\000o\000\040\000M\000o\000n\000e\000y\000\040\000L\000a\000u\000n\000d\000e\000r\000i\000n\000g\000a\000n\000d\000\040\000F\000i\000n\000a\000n\000c\000i\000n\000g\000o\000f\000\040\000T\000e\000r\000r\000o\000r\000i\000s\000m}{section.2}% 110
\BOOKMARK [3][-]{subsubsection.2.3.1}{\376\377\000B\000e\000s\000t\000\040\000p\000r\000a\000c\000t\000i\000c\000e\000s\000\040}{subsection.2.3}% 111
\BOOKMARK [2][-]{subsection.2.4}{\376\377\000\040\000C\000a\000s\000e\000\040\000S\000t\000u\000d\000y\000:\000F\000i\000n\000a\000n\000c\000i\000a\000l\000\040\000C\000r\000i\000m\000e\000\040\000a\000n\000d\000\040\000F\000r\000a\000u\000d}{section.2}% 112
\BOOKMARK [3][-]{subsubsection.2.4.1}{\376\377\000F\000i\000n\000a\000n\000c\000i\000a\000l\000\040\000f\000r\000a\000u\000d\000\040\000r\000i\000s\000k\000\040\000m\000a\000n\000a\000g\000e\000m\000e\000n\000t}{subsection.2.4}% 113
\BOOKMARK [3][-]{subsubsection.2.4.2}{\376\377\000A\000M\000L\000\040\000r\000i\000s\000k\000\040\000m\000a\000n\000a\000g\000e\000m\000e\000n\000t}{subsection.2.4}% 114
\BOOKMARK [3][-]{subsubsection.2.4.3}{\376\377\000C\000a\000s\000e\000\040\000s\000t\000u\000d\000y\000:\000\040\000U\000S\000A\000A\000\040}{subsection.2.4}% 115
\BOOKMARK [2][-]{subsection.2.5}{\376\377\000\040\000G\000u\000i\000d\000a\000n\000c\000e\000\040\000o\000n\000\040\000M\000a\000n\000a\000g\000i\000n\000g\000\040\000O\000u\000t\000s\000o\000u\000r\000c\000i\000n\000g\000\040\000R\000i\000s\000k}{section.2}% 116
\BOOKMARK [3][-]{subsubsection.2.5.1}{\376\377\000R\000i\000s\000k\000s\000\040\000f\000r\000o\000m\000\040\000t\000h\000e\000\040\000u\000s\000e\000\040\000o\000f\000\040\000s\000e\000r\000v\000i\000c\000e\000\040\000p\000r\000o\000v\000i\000d\000e\000r\000s\000\040}{subsection.2.5}% 117
\BOOKMARK [3][-]{subsubsection.2.5.2}{\376\377\000E\000l\000e\000m\000e\000n\000t\000s\000\040\000o\000f\000\040\000e\000f\000f\000e\000c\000t\000i\000v\000e\000\040\000p\000r\000o\000g\000r\000a\000m\000\040\000t\000o\000\040\000m\000a\000n\000a\000g\000e\000\040\000o\000u\000t\000s\000o\000u\000r\000c\000i\000n\000g\000\040\000r\000i\000s\000k\000\040}{subsection.2.5}% 118
\BOOKMARK [3][-]{subsubsection.2.5.3}{\376\377\000D\000u\000e\000\040\000d\000i\000l\000i\000g\000e\000n\000c\000e\000\040\000o\000f\000\040\000s\000e\000r\000v\000i\000c\000e\000\040\000p\000r\000o\000v\000i\000d\000e\000r\000s}{subsection.2.5}% 119
\BOOKMARK [3][-]{subsubsection.2.5.4}{\376\377\000C\000o\000n\000t\000r\000a\000c\000t\000\040\000p\000r\000o\000v\000i\000s\000i\000o\000n\000\040}{subsection.2.5}% 120
\BOOKMARK [2][-]{subsection.2.6}{\376\377\000\040\000C\000a\000s\000e\000\040\000S\000t\000u\000d\000y\000:\000T\000h\000i\000r\000d\000-\000P\000a\000r\000t\000y\000\040\000R\000i\000s\000k\000\040\000M\000a\000n\000a\000g\000e\000m\000e\000n\000t}{section.2}% 121
\BOOKMARK [3][-]{subsubsection.2.6.1}{\376\377\000T\000h\000i\000r\000d\000-\000p\000a\000r\000t\000y\000\040\000r\000i\000s\000k}{subsection.2.6}% 122
\BOOKMARK [3][-]{subsubsection.2.6.2}{\376\377\000E\000f\000f\000e\000c\000t\000i\000v\000e\000\040\000t\000h\000i\000r\000d\000-\000p\000a\000r\000t\000y\000\040\000r\000i\000s\000k\000\040\000m\000a\000n\000a\000g\000e\000m\000e\000n\000t\000\040\000f\000r\000a\000m\000e\000w\000o\000r\000k\000\040}{subsection.2.6}% 123
\BOOKMARK [3][-]{subsubsection.2.6.3}{\376\377\000C\000a\000s\000e\000\040\000s\000t\000u\000d\000y\000:\000\040\000C\000a\000p\000i\000t\000a\000l\000\040\000O\000n\000e\000\040\000d\000a\000t\000a\000\040\000b\000r\000e\000a\000c\000h}{subsection.2.6}% 124
\BOOKMARK [3][-]{subsubsection.2.6.4}{\376\377\000C\000a\000s\000e\000\040\000s\000t\000u\000d\000y\000:\000\040\000O\000C\000C\000\040\000f\000i\000n\000e\000s\000\040\000M\000o\000r\000g\000a\000n\000\040\000S\000t\000a\000n\000l\000e\000y\000\040}{subsection.2.6}% 125
\BOOKMARK [2][-]{subsection.2.7}{\376\377\000\040\000C\000a\000s\000e\000\040\000s\000t\000u\000d\000y\000:\000I\000n\000v\000e\000s\000t\000o\000r\000\040\000P\000r\000o\000t\000e\000c\000t\000i\000o\000n\000a\000n\000d\000\040\000C\000o\000m\000p\000l\000i\000a\000n\000c\000e\000\040\000R\000i\000s\000k\000s\000\040\000i\000n\000\040\000I\000n\000v\000e\000s\000t\000m\000e\000n\000t\000\040\000A\000c\000t\000i\000v\000i\000t\000i\000e\000s}{section.2}% 126
\BOOKMARK [3][-]{subsubsection.2.7.1}{\376\377\000M\000I\000F\000I\000D\000\040\000\050\000M\000a\000r\000k\000e\000t\000s\000\040\000i\000n\000\040\000F\000i\000n\000a\000n\000c\000i\000a\000l\000\040\000I\000n\000s\000t\000r\000u\000m\000e\000n\000t\000s\000\040\000D\000i\000r\000e\000c\000t\000i\000v\000e\000\051\000\040}{subsection.2.7}% 127
\BOOKMARK [3][-]{subsubsection.2.7.2}{\376\377\000D\000o\000d\000d\000-\000F\000r\000a\000n\000k}{subsection.2.7}% 128
\BOOKMARK [3][-]{subsubsection.2.7.3}{\376\377\000S\000t\000a\000t\000i\000s\000t\000i\000c\000s\000\040\000a\000n\000d\000\040\000r\000e\000c\000o\000r\000d\000\040\000f\000i\000n\000e\000s\000\040\000c\000a\000s\000e\000s}{subsection.2.7}% 129
\BOOKMARK [3][-]{subsubsection.2.7.4}{\376\377\000F\000I\000N\000R\000A\000\040\000f\000i\000n\000e\000s\000\040\000D\000e\000u\000t\000s\000c\000h\000e\000\040\000b\000a\000n\000k\000\040\000s\000e\000c\000u\000r\000i\000t\000i\000e\000s}{subsection.2.7}% 130
\BOOKMARK [2][-]{subsection.2.8}{\376\377\000\040\000S\000u\000p\000e\000r\000v\000i\000s\000o\000r\000y\000\040\000G\000u\000i\000d\000a\000n\000c\000e\000o\000n\000\040\000M\000o\000d\000e\000l\000\040\000R\000i\000s\000k\000\040\000M\000a\000n\000a\000g\000e\000m\000e\000n\000t}{section.2}% 131
\BOOKMARK [3][-]{subsubsection.2.8.1}{\376\377\000M\000o\000d\000e\000l}{subsection.2.8}% 132
\BOOKMARK [3][-]{subsubsection.2.8.2}{\376\377\000M\000o\000d\000e\000l\000\040\000r\000i\000s\000k}{subsection.2.8}% 133
\BOOKMARK [3][-]{subsubsection.2.8.3}{\376\377\000E\000f\000f\000e\000c\000t\000i\000v\000e\000\040\000f\000r\000a\000m\000e\000w\000o\000r\000k\000\040\000t\000o\000\040\000m\000a\000n\000a\000g\000e\000\040\000m\000o\000d\000e\000l\000\040\000r\000i\000s\000k}{subsection.2.8}% 134
\BOOKMARK [3][-]{subsubsection.2.8.4}{\376\377\000E\000l\000e\000m\000e\000n\000t\000s\000\040\000o\000f\000\040\000t\000h\000e\000\040\000f\000r\000a\000m\000e\000w\000o\000r\000k\116\000\0001\000.\000d\000e\000v\000e\000l\000o\000p\000m\000e\000n\000t\000,\000i\000m\000p\000l\000e\000m\000e\000n\000t\000a\000t\000i\000o\000n}{subsection.2.8}% 135
\BOOKMARK [3][-]{subsubsection.2.8.5}{\376\377\000E\000l\000e\000m\000e\000n\000t\000s\000\040\000o\000f\000\040\000t\000h\000e\000\040\000f\000r\000a\000m\000e\000w\000o\000r\000k\000-\0002\000.\000v\000a\000l\000i\000d\000a\000t\000i\000o\000n}{subsection.2.8}% 136
\BOOKMARK [3][-]{subsubsection.2.8.6}{\376\377\000C\000h\000a\000l\000l\000e\000n\000g\000e\000s\000\040\000t\000o\000\040\000a\000n\000\040\000e\000f\000f\000e\000c\000t\000i\000v\000e\000\040\000v\000a\000l\000i\000d\000a\000t\000i\000o\000n\000\040\000p\000r\000o\000c\000e\000s\000s}{subsection.2.8}% 137
\BOOKMARK [2][-]{subsection.2.9}{\376\377\000\040\000C\000a\000s\000e\000\040\000S\000t\000u\000d\000y\000:\000\040\000M\000o\000d\000e\000l\000\040\000R\000i\000s\000k\000\040\000a\000n\000d\000\040\000M\000o\000d\000e\000l\000\040\000V\000a\000l\000i\000d\000a\000t\000i\000o\000n}{section.2}% 138
\BOOKMARK [3][-]{subsubsection.2.9.1}{\376\377\000M\000o\000d\000e\000l\000\040\000r\000i\000s\000k}{subsection.2.9}% 139
\BOOKMARK [3][-]{subsubsection.2.9.2}{\376\377\000M\000o\000d\000e\000l\000\040\000r\000i\000s\000k\000\040\000m\000a\000n\000a\000g\000e\000m\000e\000n\000t\000\040\000\050\000M\000R\000M\000\051\000\040\000f\000u\000n\000c\000t\000i\000o\000n\000\040}{subsection.2.9}% 140
\BOOKMARK [3][-]{subsubsection.2.9.3}{\376\377\000G\000a\000u\000s\000s\000i\000a\000n\000\040\000C\000o\000p\000u\000l\000a\000\040\000a\000n\000d\000\040\000C\000D\000O\000\040\000p\000r\000i\000c\000i\000n\000g}{subsection.2.9}% 141
\BOOKMARK [3][-]{subsubsection.2.9.4}{\376\377\000B\000a\000r\000c\000l\000a\000y\000s\000'\000a\000c\000q\000u\000i\000s\000i\000t\000i\000o\000n\000\040\000a\000n\000d\000\040\000e\000x\000c\000e\000l\000\040\000s\000p\000r\000e\000a\000d\000s\000h\000e\000e\000t\000\040\000e\000r\000r\000o\000r}{subsection.2.9}% 142
\BOOKMARK [3][-]{subsubsection.2.9.5}{\376\377\000N\000A\000S\000A\000\040\000M\000a\000r\000s\000\040\000O\000r\000b\000i\000t\000e\000r}{subsection.2.9}% 143
\BOOKMARK [1][-]{section.3}{\376\377\000C\000a\000p\000i\000t\000a\000l\000\040\000P\000l\000a\000n\000n\000i\000n\000g}{}% 144
\BOOKMARK [2][-]{subsection.3.1}{\376\377\000R\000i\000s\000k\000\040\000C\000a\000p\000i\000t\000a\000l\000\040\000A\000t\000t\000r\000i\000b\000u\000t\000i\000o\000n\000\040\000a\000n\000d\000\040\000R\000i\000s\000k\000-\000A\000d\000j\000u\000s\000t\000e\000d\000\040\000P\000e\000r\000f\000o\000r\000m\000a\000n\000c\000e\000\040\000M\000e\000a\000s\000u\000r\000e\000m\000e\000n\000t}{section.3}% 145
\BOOKMARK [3][-]{subsubsection.3.1.1}{\376\377\000R\000i\000s\000k\000\040\000c\000a\000p\000i\000t\000a\000l\000,\000\040\000e\000c\000o\000n\000o\000m\000i\000c\000\040\000c\000a\000p\000i\000t\000a\000l\000,\000\040\000\046\000\040\000r\000e\000g\000u\000l\000a\000t\000o\000r\000y\000\040\000c\000a\000p\000i\000t\000a\000l}{subsection.3.1}% 146
\BOOKMARK [3][-]{subsubsection.3.1.2}{\376\377\000U\000s\000e\000s\000\040\000o\000f\000\040\000e\000c\000o\000n\000o\000m\000i\000c\000\040\000c\000a\000p\000i\000t\000a\000l\000-\000t\000r\000a\000d\000i\000t\000i\000o\000n\000a\000l\000\040\000w\000a\000y}{subsection.3.1}% 147
\BOOKMARK [3][-]{subsubsection.3.1.3}{\376\377\000U\000s\000e\000s\000\040\000o\000f\000\040\000e\000c\000o\000n\000o\000m\000i\000c\000\040\000c\000a\000p\000i\000t\000a\000l\000-\000n\000e\000w\000\040\000w\000a\000y}{subsection.3.1}% 148
\BOOKMARK [3][-]{subsubsection.3.1.4}{\376\377\000R\000A\000R\000O\000C\000:\000\040\000r\000i\000s\000k\000-\000a\000d\000j\000u\000s\000t\000e\000d\000\040\000r\000e\000t\000u\000r\000n\000\040\000o\000n\000\040\000c\000a\000p\000i\000t\000a\000l}{subsection.3.1}% 149
\BOOKMARK [3][-]{subsubsection.3.1.5}{\376\377\000E\000x\000a\000m\000p\000l\000e}{subsection.3.1}% 150
\BOOKMARK [3][-]{subsubsection.3.1.6}{\376\377\000A\000n\000s\000w\000e\000r}{subsection.3.1}% 151
\BOOKMARK [3][-]{subsubsection.3.1.7}{\376\377\000R\000A\000R\000O\000C\000\040\000c\000a\000l\000c\000u\000l\000a\000t\000i\000o\000n\000\040\000i\000s\000s\000u\000e\000s}{subsection.3.1}% 152
\BOOKMARK [3][-]{subsubsection.3.1.8}{\376\377\000R\000A\000R\000O\000C\000\040\000f\000o\000r\000\040\000c\000a\000p\000i\000t\000a\000l\000\040\000b\000u\000d\000g\000e\000t\000i\000n\000g\000\040\000d\000e\000c\000i\000s\000i\000o\000n}{subsection.3.1}% 153
\BOOKMARK [3][-]{subsubsection.3.1.9}{\376\377\000E\000x\000a\000m\000p\000l\000e}{subsection.3.1}% 154
\BOOKMARK [3][-]{subsubsection.3.1.10}{\376\377\000A\000n\000s\000w\000e\000r}{subsection.3.1}% 155
\BOOKMARK [2][-]{subsection.3.2}{\376\377\000R\000a\000n\000g\000e\000\040\000o\000f\000\040\000P\000r\000a\000c\000t\000i\000c\000e\000s\000\040\000a\000n\000d\000\040\000l\000s\000s\000u\000e\000s\000\040\000i\000n\000\040\000E\000c\000o\000n\000o\000m\000i\000c\000\040\000C\000a\000p\000i\000t\000a\000l\000\040\000F\000r\000a\000m\000e\000w\000o\000r\000k\000s}{section.3}% 156
\BOOKMARK [3][-]{subsubsection.3.2.1}{\376\377\000O\000v\000e\000r\000v\000i\000e\000w\000\040\000o\000f\000\040\000e\000c\000o\000n\000o\000m\000i\000c\000a\000l\000\040\000c\000a\000p\000i\000t\000a\000l\000\040\000f\000r\000a\000m\000e\000w\000o\000r\000k}{subsection.3.2}% 157
\BOOKMARK [3][-]{subsubsection.3.2.2}{\376\377\000I\000s\000s\000u\000e\000s\000\040\000i\000n\000\040\000b\000u\000i\000l\000d\000i\000n\000g\000\040\000b\000l\000o\000c\000k\000s\000:\000\040\000g\000o\000v\000e\000r\000n\000a\000n\000c\000e}{subsection.3.2}% 158
\BOOKMARK [3][-]{subsubsection.3.2.3}{\376\377\000I\000s\000s\000u\000e\000s\000\040\000i\000n\000\040\000b\000u\000i\000l\000d\000i\000n\000g\000\040\000b\000l\000o\000c\000k\000s\000:\000\040\000r\000i\000s\000k\000\040\000m\000e\000a\000s\000u\000r\000e}{subsection.3.2}% 159
\BOOKMARK [3][-]{subsubsection.3.2.4}{\376\377\000I\000s\000s\000u\000e\000s\000\040\000i\000n\000\040\000b\000u\000i\000l\000d\000i\000n\000g\000\040\000b\000l\000o\000c\000k\000s\000:\000\040\000r\000i\000s\000k\000\040\000a\000g\000g\000r\000e\000g\000a\000t\000i\000o\000n}{subsection.3.2}% 160
\BOOKMARK [3][-]{subsubsection.3.2.5}{\376\377\000I\000s\000s\000u\000e\000s\000\040\000i\000n\000\040\000b\000u\000i\000l\000d\000i\000n\000g\000\040\000b\000l\000o\000c\000k\000s\000:\000\040\000v\000a\000l\000i\000d\000a\000t\000i\000o\000n}{subsection.3.2}% 161
\BOOKMARK [3][-]{subsubsection.3.2.6}{\376\377\000I\000s\000s\000u\000e\000s\000\040\000i\000n\000\040\000b\000u\000i\000l\000d\000i\000n\000g\000\040\000b\000l\000o\000c\000k\000s\000:\000\040\000d\000e\000p\000e\000n\000d\000e\000n\000c\000y\000\040\000m\000o\000d\000e\000l\000i\000n\000g}{subsection.3.2}% 162
\BOOKMARK [3][-]{subsubsection.3.2.7}{\376\377\000I\000s\000s\000u\000e\000s\000\040\000i\000n\000\040\000b\000u\000i\000l\000d\000i\000n\000g\000\040\000b\000l\000o\000c\000k\000s\000:\000\040\000c\000o\000u\000n\000t\000e\000r\000p\000a\000r\000t\000y\000\040\000c\000r\000e\000d\000i\000t\000\040\000r\000i\000s\000k}{subsection.3.2}% 163
\BOOKMARK [3][-]{subsubsection.3.2.8}{\376\377\000I\000s\000s\000u\000e\000s\000\040\000i\000n\000\040\000b\000u\000i\000l\000d\000i\000n\000g\000\040\000b\000l\000o\000c\000k\000s\000:\000\040\000i\000n\000t\000e\000r\000e\000s\000t\000\040\000r\000a\000t\000e\000\040\000r\000i\000s\000k}{subsection.3.2}% 164
\BOOKMARK [3][-]{subsubsection.3.2.9}{\376\377\000R\000e\000c\000o\000m\000m\000e\000n\000d\000a\000t\000i\000o\000n\000s}{subsection.3.2}% 165
\BOOKMARK [3][-]{subsubsection.3.2.10}{\376\377\000B\000e\000n\000e\000f\000i\000t\000s\000\040\000a\000n\000d\000\040\000i\000m\000p\000a\000c\000t\000s\000\040\000o\000f\000\040\000E\000C\000\040\000u\000s\000i\000n\000g\000\040\000a\000n\000d\000\040\000g\000o\000v\000e\000r\000n\000a\000n\000c\000e}{subsection.3.2}% 166
\BOOKMARK [3][-]{subsubsection.3.2.11}{\376\377\000B\000e\000n\000e\000f\000i\000t\000s\000\040\000a\000n\000d\000\040\000i\000m\000p\000a\000c\000t\000s\000\040\000o\000f\000\040\000E\000C\000\040\000u\000s\000i\000n\000g}{subsection.3.2}% 167
\BOOKMARK [2][-]{subsection.3.3}{\376\377\000C\000a\000p\000i\000t\000a\000l\000\040\000P\000l\000a\000n\000n\000i\000n\000g\000\040\000a\000t\000\040\000l\000a\000r\000g\000e\000\040\000B\000a\000n\000k\000\040\000H\000o\000l\000d\000i\000n\000g\000\040\000C\000o\000m\000p\000a\000n\000i\000e\000s}{section.3}% 168
\BOOKMARK [3][-]{subsubsection.3.3.1}{\376\377\000O\000v\000e\000r\000v\000i\000e\000w\000\040\000o\000f\000\040\000F\000e\000d\000\040\000c\000a\000p\000i\000t\000a\000l\000\040\000p\000l\000a\000n\000\040\000r\000u\000l\000e}{subsection.3.3}% 169
\BOOKMARK [3][-]{subsubsection.3.3.2}{\376\377\000F\000o\000u\000n\000d\000a\000t\000i\000o\000n\000a\000l\000\040\000r\000i\000s\000k\000\040\000m\000a\000n\000a\000g\000e\000m\000e\000n\000t}{subsection.3.3}% 170
\BOOKMARK [3][-]{subsubsection.3.3.3}{\376\377\000L\000o\000s\000s\000-\000e\000s\000t\000i\000m\000a\000t\000i\000o\000n\000\040\000m\000e\000t\000h\000o\000d\000o\000l\000o\000g\000i\000e\000s}{subsection.3.3}% 171
\BOOKMARK [3][-]{subsubsection.3.3.4}{\376\377\000R\000e\000s\000o\000u\000r\000c\000e\000-\000e\000s\000t\000i\000m\000a\000t\000i\000o\000n\000\040\000m\000e\000t\000h\000o\000d\000o\000l\000o\000g\000i\000e\000s}{subsection.3.3}% 172
\BOOKMARK [3][-]{subsubsection.3.3.5}{\376\377\000C\000a\000p\000i\000t\000a\000l\000\040\000p\000o\000l\000i\000c\000y\000\040\000a\000n\000d\000\040\000c\000a\000p\000i\000t\000a\000l\000\040\000p\000l\000a\000n\000n\000i\000n\000g}{subsection.3.3}% 173
\BOOKMARK [3][-]{subsubsection.3.3.6}{\376\377\000A\000s\000s\000e\000s\000s\000i\000n\000g\000\040\000c\000a\000p\000i\000t\000a\000l\000\040\000a\000d\000e\000q\000u\000a\000c\000y\000\040\000i\000m\000p\000a\000c\000t}{subsection.3.3}% 174
\BOOKMARK [3][-]{subsubsection.3.3.7}{\376\377\000I\000n\000t\000e\000r\000n\000a\000l\000\040\000c\000o\000n\000t\000r\000o\000l\000s}{subsection.3.3}% 175
\BOOKMARK [3][-]{subsubsection.3.3.8}{\376\377\000G\000o\000v\000e\000r\000n\000a\000n\000c\000e}{subsection.3.3}% 176
\BOOKMARK [2][-]{subsection.3.4}{\376\377\000S\000t\000r\000e\000s\000s\000\040\000T\000e\000s\000t\000i\000n\000g\000\040\000B\000a\000n\000k\000s}{section.3}% 177
\BOOKMARK [3][-]{subsubsection.3.4.1}{\376\377\000S\000t\000r\000e\000s\000s\000\040\000t\000e\000s\000t\000i\000n\000g\000\040\000-\000\040\000h\000i\000s\000t\000o\000r\000i\000c\000a\000l\000\040\000e\000v\000o\000l\000u\000t\000i\000o\000n}{subsection.3.4}% 178
\BOOKMARK [3][-]{subsubsection.3.4.2}{\376\377\000S\000t\000r\000e\000s\000s\000\040\000t\000e\000s\000t\000i\000n\000g\000-\000c\000h\000a\000l\000l\000e\000n\000g\000e\000s\000\040\000i\000n\000\040\000d\000e\000s\000i\000g\000n\000i\000n\000g\000\040\000s\000c\000e\000n\000a\000r\000i\000o\000s}{subsection.3.4}% 179
\BOOKMARK [3][-]{subsubsection.3.4.3}{\376\377\000S\000t\000r\000e\000s\000s\000\040\000t\000e\000s\000t\000i\000n\000g\000-\000c\000h\000a\000l\000l\000e\000n\000g\000e\000\040\000i\000n\000\040\000m\000o\000d\000e\000l\000i\000n\000g\000\040\000l\000o\000s\000s\000e\000s\000\040\000a\000n\000d\000\040\000r\000e\000v\000e\000n\000u\000e\000s}{subsection.3.4}% 180
\BOOKMARK [1][-]{section.4}{\376\377\135\364\130\136\134\024\123\117\213\256}{}% 181
\BOOKMARK [2][-]{subsection.4.1}{\376\377\000C\000a\000p\000i\000t\000a\000l\000\040\000R\000e\000g\000u\000l\000a\000t\000i\000o\000n\000\040\000B\000e\000f\000o\000r\000e\000\040\000t\000h\000e\000\040\000G\000l\000o\000b\000a\000l\000\040\000F\000i\000n\000a\000n\000c\000i\000a\000l\000\040\000C\000r\000i\000s\000i\000s}{section.4}% 182
\BOOKMARK [3][-]{subsubsection.4.1.1}{\376\377\000B\000a\000s\000e\000l\000\040\000I}{subsection.4.1}% 183
\BOOKMARK [3][-]{subsubsection.4.1.2}{\376\377\000C\000r\000e\000d\000i\000t\000\040\000r\000i\000s\000k\000-\000s\000t\000a\000n\000d\000a\000r\000d\000i\000z\000e\000d\000\040\000a\000p\000p\000r\000o\000a\000c\000h}{subsection.4.1}% 184
\BOOKMARK [3][-]{subsubsection.4.1.3}{\376\377\000C\000a\000p\000i\000t\000a\000l\000\040\000r\000e\000q\000u\000i\000r\000e\000m\000e\000n\000t}{subsection.4.1}% 185
\BOOKMARK [3][-]{subsubsection.4.1.4}{\376\377\000T\000h\000e\000\040\0001\0009\0009\0005\000\040\000a\000n\000d\000\040\0001\0009\0009\0006\000\040\000A\000m\000e\000n\000d\000m\000e\000n\000t\000s}{subsection.4.1}% 186
\BOOKMARK [3][-]{subsubsection.4.1.5}{\376\377\000C\000r\000e\000d\000i\000t\000\040\000r\000i\000s\000k\000-\000a\000d\000j\000u\000s\000t\000m\000e\000n\000t\000\040\000f\000o\000r\000\040\000d\000e\000r\000i\000v\000a\000t\000i\000v\000e\000s}{subsection.4.1}% 187
\BOOKMARK [3][-]{subsubsection.4.1.6}{\376\377\000M\000a\000r\000k\000e\000t\000\040\000r\000i\000s\000k}{subsection.4.1}% 188
\BOOKMARK [3][-]{subsubsection.4.1.7}{\376\377\000M\000a\000r\000k\000e\000t\000\040\000r\000i\000s\000k\000-\000s\000t\000a\000n\000d\000a\000r\000d\000i\000z\000e\000d\000\040\000a\000p\000p\000r\000o\000a\000c\000h}{subsection.4.1}% 189
\BOOKMARK [3][-]{subsubsection.4.1.8}{\376\377\000M\000a\000r\000k\000e\000t\000\040\000r\000i\000s\000k\000-\000i\000n\000t\000e\000r\000n\000a\000l\000\040\000m\000o\000d\000e\000l\000-\000b\000a\000s\000e\000d\000\040\000a\000p\000p\000r\000o\000a\000c\000h}{subsection.4.1}% 190
\BOOKMARK [3][-]{subsubsection.4.1.9}{\376\377\000M\000a\000r\000k\000e\000t\000\040\000r\000i\000s\000k\000-\000s\000p\000e\000c\000i\000f\000i\000c\000\040\000r\000i\000s\000k}{subsection.4.1}% 191
\BOOKMARK [3][-]{subsubsection.4.1.10}{\376\377\000C\000a\000p\000i\000t\000a\000l\000\040\000r\000e\000q\000u\000i\000r\000e\000m\000e\000n\000t\000s}{subsection.4.1}% 192
\BOOKMARK [3][-]{subsubsection.4.1.11}{\376\377\000O\000t\000h\000e\000r\000s}{subsection.4.1}% 193
\BOOKMARK [3][-]{subsubsection.4.1.12}{\376\377\000B\000A\000S\000E\000L\000\040\000I\000I}{subsection.4.1}% 194
\BOOKMARK [3][-]{subsubsection.4.1.13}{\376\377\000T\000h\000r\000e\000e\000\040\000p\000i\000l\000l\000a\000r\000s\000\040\000b\000y\000\040\000B\000C\000B\000S}{subsection.4.1}% 195
\BOOKMARK [3][-]{subsubsection.4.1.14}{\376\377\000C\000r\000e\000d\000i\000t\000\040\000r\000i\000s\000k}{subsection.4.1}% 196
\BOOKMARK [3][-]{subsubsection.4.1.15}{\376\377\000C\000r\000e\000d\000i\000t\000\040\000r\000i\000s\000k\000-\000s\000t\000a\000n\000d\000a\000r\000d\000i\000z\000e\000d\000\040\000a\000p\000p\000r\000o\000a\000c\000h}{subsection.4.1}% 197
\BOOKMARK [3][-]{subsubsection.4.1.16}{\376\377\000C\000r\000e\000d\000i\000t\000\040\000r\000i\000s\000k\000-\000m\000i\000t\000i\000g\000a\000n\000t\000s}{subsection.4.1}% 198
\BOOKMARK [3][-]{subsubsection.4.1.17}{\376\377\000C\000r\000e\000d\000i\000t\000\040\000r\000i\000s\000k\000-\000f\000o\000u\000n\000d\000a\000t\000i\000o\000n\000\040\000i\000n\000t\000e\000r\000n\000a\000l\000\040\000r\000a\000t\000i\000n\000g\000s\000\040\000b\000a\000s\000e\000d\000\040\000a\000p\000p\000r\000o\000a\000c\000h}{subsection.4.1}% 199
\BOOKMARK [3][-]{subsubsection.4.1.18}{\376\377\000C\000r\000e\000d\000i\000t\000\040\000r\000i\000s\000k\000-\000f\000o\000u\000n\000d\000a\000t\000i\000o\000n\000\040\000I\000R\000B\000\040\000a\000p\000p\000r\000o\000a\000c\000h}{subsection.4.1}% 200
\BOOKMARK [3][-]{subsubsection.4.1.19}{\376\377\000O\000p\000e\000r\000a\000t\000i\000o\000n\000a\000l\000\040\000r\000i\000s\000k}{subsection.4.1}% 201
\BOOKMARK [3][-]{subsubsection.4.1.20}{\376\377\000O\000p\000e\000r\000a\000t\000i\000o\000n\000a\000l\000\040\000r\000i\000s\000k\000-\000s\000t\000a\000n\000d\000a\000r\000d\000i\000z\000e\000d\000\040\000a\000p\000p\000r\000o\000a\000c\000h}{subsection.4.1}% 202
\BOOKMARK [3][-]{subsubsection.4.1.21}{\376\377\000S\000o\000l\000v\000e\000n\000c\000y\000\040\000I\000I}{subsection.4.1}% 203
\BOOKMARK [3][-]{subsubsection.4.1.22}{\376\377\000S\000o\000l\000v\000e\000n\000c\000y\000\040\000I\000I\000:\000\040\000S\000C\000R\000\040\000a\000n\000d\000\040\000M\000C\000R}{subsection.4.1}% 204
\BOOKMARK [3][-]{subsubsection.4.1.23}{\376\377\000S\000o\000l\000v\000e\000n\000c\000y\000\040\000I\000I\000:\000\040\000S\000C\000R\000\040\000c\000a\000l\000c\000u\000l\000a\000t\000i\000n\000g}{subsection.4.1}% 205
\BOOKMARK [2][-]{subsection.4.2}{\376\377\000S\000o\000l\000v\000e\000n\000c\000y\000,\000\040\000L\000i\000q\000u\000i\000d\000i\000t\000y\000a\000n\000d\000\040\000O\000t\000h\000e\000r\000\040\000R\000e\000g\000u\000l\000a\000t\000i\000o\000n\000\040\000A\000f\000t\000e\000r\000\040\000t\000h\000e\000\040\000G\000l\000o\000b\000a\000l\000\040\000F\000i\000n\000a\000n\000c\000i\000a\000l\000\040\000C\000r\000i\000s\000i\000s}{section.4}% 206
\BOOKMARK [3][-]{subsubsection.4.2.1}{\376\377\000B\000a\000s\000e\000l\000\040\000I\000I\000.\0005}{subsection.4.2}% 207
\BOOKMARK [3][-]{subsubsection.4.2.2}{\376\377\000M\000a\000r\000k\000e\000t\000\040\000r\000i\000s\000k\000-\000s\000t\000r\000e\000s\000s\000e\000d\000\040\000V\000a\000R}{subsection.4.2}% 208
\BOOKMARK [3][-]{subsubsection.4.2.3}{\376\377\000M\000a\000r\000k\000e\000t\000\040\000r\000i\000s\000k\000-\000l\000R\000C}{subsection.4.2}% 209
\BOOKMARK [3][-]{subsubsection.4.2.4}{\376\377\000B\000a\000s\000e\000l\000\040\000I\000I\000I}{subsection.4.2}% 210
\BOOKMARK [3][-]{subsubsection.4.2.5}{\376\377\000C\000a\000p\000i\000t\000a\000l\000\040\000r\000e\000q\000u\000i\000r\000e\000m\000e\000n\000t\000s}{subsection.4.2}% 211
\BOOKMARK [3][-]{subsubsection.4.2.6}{\376\377\000C\000a\000p\000i\000t\000a\000l\000\040\000r\000e\000q\000u\000i\000r\000e\000m\000e\000n\000t\000s\000-\000b\000u\000f\000f\000e\000r\000s}{subsection.4.2}% 212
\BOOKMARK [3][-]{subsubsection.4.2.7}{\376\377\000C\000a\000p\000i\000t\000a\000l\000\040\000r\000e\000q\000u\000i\000r\000e\000m\000e\000n\000t\000s\000-\000G\000-\000S\000I\000B\000s\000\040\000b\000u\000f\000f\000e\000r}{subsection.4.2}% 213
\BOOKMARK [3][-]{subsubsection.4.2.8}{\376\377\000C\000a\000p\000i\000t\000a\000l\000\040\000r\000e\000q\000u\000i\000r\000e\000m\000e\000n\000t\000s\000\040\000-\000l\000e\000v\000e\000r\000a\000g\000e\000\040\000r\000a\000t\000i\000o}{subsection.4.2}% 214
\BOOKMARK [3][-]{subsubsection.4.2.9}{\376\377\000C\000a\000p\000i\000t\000a\000l\000\040\000r\000e\000q\000u\000i\000r\000e\000m\000e\000n\000t\000s\000-\000\040\000C\000o\000c\000o\000s}{subsection.4.2}% 215
\BOOKMARK [3][-]{subsubsection.4.2.10}{\376\377\000L\000i\000q\000u\000i\000d\000i\000t\000y\000\040\000r\000i\000s\000k}{subsection.4.2}% 216
\BOOKMARK [3][-]{subsubsection.4.2.11}{\376\377\000L\000i\000q\000u\000i\000d\000i\000t\000y\000\040\000r\000i\000s\000k\000:\000\040\000L\000C\000R}{subsection.4.2}% 217
\BOOKMARK [3][-]{subsubsection.4.2.12}{\376\377\000L\000i\000q\000u\000i\000d\000i\000t\000y\000\040\000r\000i\000s\000k\000:\000\040\000:\000\040\000N\000S\000F\000R}{subsection.4.2}% 218
\BOOKMARK [3][-]{subsubsection.4.2.13}{\376\377\000C\000o\000u\000n\000t\000e\000r\000p\000a\000r\000t\000y\000\040\000c\000r\000e\000d\000i\000t\000\040\000r\000i\000s\000k}{subsection.4.2}% 219
\BOOKMARK [3][-]{subsubsection.4.2.14}{\376\377\000L\000e\000g\000i\000s\000l\000a\000t\000i\000o\000n\000\040\000a\000n\000d\000\040\000r\000e\000g\000u\000l\000a\000t\000i\000o\000n\000s\000\040\000a\000f\000t\000e\000r\000\040\000G\000F\000C}{subsection.4.2}% 220
\BOOKMARK [2][-]{subsection.4.3}{\376\377\000H\000i\000g\000h\000-\000L\000e\000v\000e\000l\000\040\000S\000u\000m\000m\000a\000r\000y\000\040\000o\000f\000\040\000B\000a\000s\000e\000l\000\040\000I\000I\000I\000\040\000R\000e\000f\000o\000r\000m\000s}{section.4}% 221
\BOOKMARK [3][-]{subsubsection.4.3.1}{\376\377\000M\000o\000t\000i\000v\000a\000t\000i\000o\000n\000s\000\040\000f\000o\000r\000\040\000r\000e\000v\000i\000s\000i\000n\000g\000\040\000t\000h\000e\000\040\000B\000a\000s\000e\000l\000\040\000I\000I\000I\000\040\000f\000r\000a\000m\000e\000w\000o\000r\000k}{subsection.4.3}% 222
\BOOKMARK [3][-]{subsubsection.4.3.2}{\376\377\000D\000e\000c\000\040\0002\0000\0001\0007\000\040\000r\000e\000v\000i\000s\000i\000o\000n\000s\000\040\000t\000o\000\040\000B\000a\000s\000e\000l\000\040\000I\000I\000I\000\040\000f\000r\000a\000m\000e\000w\000o\000r\000k}{subsection.4.3}% 223
\BOOKMARK [3][-]{subsubsection.4.3.3}{\376\377\000S\000t\000a\000n\000d\000a\000r\000d\000i\000z\000e\000d\000\040\000a\000p\000p\000r\000o\000a\000c\000h\000\040\000f\000o\000r\000\040\000c\000r\000e\000d\000i\000t\000\040\000r\000i\000s\000k}{subsection.4.3}% 224
\BOOKMARK [3][-]{subsubsection.4.3.4}{\376\377\000I\000R\000B\000\040\000a\000p\000p\000r\000o\000a\000c\000h\000e\000s\000\040\000f\000o\000r\000\040\000c\000r\000e\000d\000i\000t\000\040\000r\000i\000s\000k}{subsection.4.3}% 225
\BOOKMARK [3][-]{subsubsection.4.3.5}{\376\377\000C\000V\000A\000\040\000r\000i\000s\000k\000\040\000f\000r\000a\000m\000e\000w\000o\000r\000k}{subsection.4.3}% 226
\BOOKMARK [3][-]{subsubsection.4.3.6}{\376\377\000O\000p\000e\000r\000a\000t\000i\000o\000n\000a\000l\000\040\000r\000i\000s\000k\000\040\000f\000r\000a\000m\000e\000w\000o\000r\000k}{subsection.4.3}% 227
\BOOKMARK [3][-]{subsubsection.4.3.7}{\376\377\000L\000e\000v\000e\000r\000a\000g\000e\000\040\000r\000a\000t\000i\000o\000\040\000f\000r\000a\000m\000e\000w\000o\000r\000k}{subsection.4.3}% 228
\BOOKMARK [3][-]{subsubsection.4.3.8}{\376\377\000R\000e\000v\000i\000e\000w\000\040\000o\000u\000t\000p\000u\000t\000\040\000f\000l\000o\000o\000r}{subsection.4.3}% 229
\BOOKMARK [2][-]{subsection.4.4}{\376\377\000B\000a\000s\000e\000l\000\040\000I\000I\000I\000:\000\040\000F\000i\000n\000a\000l\000i\000s\000i\000n\000g\000\040\000P\000o\000s\000t\000-\000C\000r\000i\000s\000i\000s\000\040\000R\000e\000f\000o\000r\000m\000s}{section.4}% 230
\BOOKMARK [3][-]{subsubsection.4.4.1}{\376\377\000S\000M\000A\000:\000\040\000o\000p\000e\000r\000a\000t\000i\000o\000n\000\040\000r\000i\000s\000k\000\040\000c\000a\000p\000i\000t\000a\000l\000\040\000c\000h\000a\000r\000g\000e}{subsection.4.4}% 231
\BOOKMARK [3][-]{subsubsection.4.4.2}{\376\377\000S\000M\000A\000:\000\040\000b\000u\000s\000i\000n\000e\000s\000s\000\040\000i\000n\000d\000i\000c\000a\000t\000o\000r\000\040\000\050\000B\000l\000\051}{subsection.4.4}% 232
\BOOKMARK [3][-]{subsubsection.4.4.3}{\376\377\000S\000M\000A\000:\000\040\000b\000u\000s\000i\000n\000e\000s\000s\000\040\000i\000n\000d\000i\000c\000a\000t\000o\000r\000\040\000c\000o\000m\000p\000o\000n\000e\000n\000t\000\040\000\050\000B\000I\000C\000\051}{subsection.4.4}% 233
\BOOKMARK [3][-]{subsubsection.4.4.4}{\376\377\000S\000M\000A\000:\000\040\000i\000n\000t\000e\000r\000n\000a\000l\000\040\000l\000o\000s\000s\000\040\000m\000u\000l\000t\000i\000p\000l\000i\000e\000r\000\040\377\010\000I\000L\000M\377\011}{subsection.4.4}% 234
\BOOKMARK [3][-]{subsubsection.4.4.5}{\376\377\000S\000M\000A\000:\000\040\000o\000p\000e\000r\000a\000t\000i\000o\000n\000a\000l\000\040\000r\000i\000s\000k\000\040\000c\000a\000p\000i\000t\000a\000l\000\040\000r\000e\000q\000u\000i\000r\000e\000m\000e\000n\000t}{subsection.4.4}% 235
\BOOKMARK [3][-]{subsubsection.4.4.6}{\376\377\000S\000M\000A\000\040\000v\000s\000.\000\040\000e\000a\000r\000l\000i\000e\000r\000\040\000a\000p\000p\000r\000o\000a\000c\000h}{subsection.4.4}% 236
\BOOKMARK [3][-]{subsubsection.4.4.7}{\376\377\000L\000o\000s\000s\000\040\000d\000a\000t\000a\000\040\000i\000d\000e\000n\000t\000i\000f\000i\000c\000a\000t\000i\000o\000n\000,\000\040\000c\000o\000l\000l\000e\000c\000t\000i\000o\000n\000\040\000a\000n\000d\000\040\000t\000r\000e\000a\000t\000m\000e\000n\000t}{subsection.4.4}% 237
\BOOKMARK [2][-]{subsection.4.5}{\376\377\000S\000u\000p\000p\000l\000e\000m\000e\000n\000t\000a\000r\000y\377\010\000F\000R\000T\000B\377\011}{section.4}% 238
\BOOKMARK [3][-]{subsubsection.4.5.1}{\376\377\000F\000R\000T\000B}{subsection.4.5}% 239
\BOOKMARK [3][-]{subsubsection.4.5.2}{\376\377\000B\000a\000c\000k\000g\000r\000o\000u\000n\000d}{subsection.4.5}% 240
\BOOKMARK [3][-]{subsubsection.4.5.3}{\376\377\000L\000i\000q\000u\000i\000d\000i\000t\000y\000\040\000h\000o\000r\000i\000z\000o\000n\000s}{subsection.4.5}% 241
\BOOKMARK [3][-]{subsubsection.4.5.4}{\376\377\000M\000a\000r\000k\000e\000t\000\040\000r\000i\000s\000k\000\040\000c\000a\000p\000i\000t\000a\000l\000\040\000c\000h\000a\000r\000g\000e}{subsection.4.5}% 242
\BOOKMARK [3][-]{subsubsection.4.5.5}{\376\377\000\040}{subsection.4.5}% 243
\BOOKMARK [3][-]{subsubsection.4.5.6}{\376\377\000\040}{subsection.4.5}% 244
\BOOKMARK [3][-]{subsubsection.4.5.7}{\376\377\000\040}{subsection.4.5}% 245
\BOOKMARK [3][-]{subsubsection.4.5.8}{\376\377\000\040}{subsection.4.5}% 246
\BOOKMARK [3][-]{subsubsection.4.5.9}{\376\377\000\040}{subsection.4.5}% 247
