\BOOKMARK [1][-]{section.1}{\376\377\200\003\160\271\0001\000:\144\315\117\134\230\316\226\151\124\214\137\071\140\047}{}% 1
\BOOKMARK [2][-]{Item.4}{\376\377\230\230\123\367\0001\200\003\133\337\000:\000\040\144\315\117\134\137\071\140\047\166\204\151\202\137\365\116\016\162\171\160\271}{section.1}% 2
\BOOKMARK [2][-]{Item.8}{\376\377\230\230\123\367\0002\200\003\133\337\000:\000\040\131\026\220\350\143\137\131\061\145\160\143\156\166\204\162\171\137\201}{section.1}% 3
\BOOKMARK [2][-]{Item.12}{\376\377\230\230\123\367\0003\200\003\133\337\000:\000\040\122\066\133\232\217\320\204\045\137\071\140\047\213\241\122\022\166\204\173\054\116\000\153\145}{section.1}% 4
\BOOKMARK [2][-]{Item.16}{\376\377\230\230\123\367\0004\200\003\133\337\000:\000\040\144\315\117\134\230\316\226\151\143\137\131\061\122\006\136\003\166\204\162\171\137\201}{section.1}% 5
\BOOKMARK [1][-]{section.2}{\376\377\200\003\160\271\0002\000:\230\316\226\151\173\241\154\273}{}% 6
\BOOKMARK [2][-]{Item.20}{\376\377\230\230\123\367\0001\200\003\133\337\000:\000\040\230\316\226\151\145\207\123\026\166\204\162\171\137\201}{section.2}% 7
\BOOKMARK [2][-]{Item.24}{\376\377\230\230\123\367\0002\200\003\133\337\000:\000\040\232\330\134\102\173\241\164\006\116\272\124\130\166\204\000R\000A\000F\127\371\213\255}{section.2}% 8
\BOOKMARK [2][-]{Item.28}{\376\377\230\230\123\367\0003\200\003\133\337\000:\000\040\150\007\121\306\154\325\377\010\000S\000A\377\011\166\204\215\104\147\054\211\201\154\102\213\241\173\227\145\271\154\325}{section.2}% 9
\BOOKMARK [2][-]{Item.32}{\376\377\230\230\123\367\0004\200\003\133\337\000:\000\040\144\315\117\134\230\316\226\151\145\271\154\325}{section.2}% 10
\BOOKMARK [2][-]{Item.36}{\376\377\230\230\123\367\0005\200\003\133\337\000:\000\040\230\316\226\151\142\245\124\112\123\237\122\031\166\204\220\002\165\050\140\047\124\214\162\171\160\271}{section.2}% 11
\BOOKMARK [2][-]{Item.40}{\376\377\230\230\123\367\0006\200\003\133\337\000:\000\040\230\316\226\151\120\117\131\175\150\106\147\266\166\204\154\237\220\032\124\214\133\236\145\275\123\237\122\031}{section.2}% 12
\BOOKMARK [2][-]{Item.44}{\376\377\230\230\123\367\0007\200\003\133\337\000:\000\040\224\366\210\114\154\273\164\006\124\214\230\316\226\151\173\241\164\006\166\204\116\011\220\123\226\062\176\277\123\237\122\031}{section.2}% 13
\BOOKMARK [2][-]{Item.48}{\376\377\230\230\123\367\0008\200\003\133\337\000:\000\040\230\316\226\151\120\117\131\175\150\106\147\266\166\204\133\236\145\275\155\101\172\013\124\214\123\237\122\031}{section.2}% 14
\BOOKMARK [2][-]{Item.52}{\376\377\230\230\123\367\0009\200\003\133\337\000:\000\040\230\316\226\151\120\117\131\175\150\106\147\266\124\214\230\316\226\151\145\207\123\026\166\204\213\304\117\060\211\201\175\040}{section.2}% 15
\BOOKMARK [2][-]{Item.56}{\376\377\230\230\123\367\0001\0000\200\003\133\337\000:\000\040\224\366\210\114\230\316\226\151\143\247\122\066\163\257\130\203\166\204\150\070\137\303\211\201\175\040}{section.2}% 16
\BOOKMARK [2][-]{Item.60}{\376\377\230\230\123\367\0001\0001\200\003\133\337\000:\000\040\224\366\210\114\210\114\116\072\124\214\145\207\123\026\145\071\217\333\166\204\121\163\225\056\211\201\175\040}{section.2}% 17
\BOOKMARK [2][-]{Item.64}{\376\377\230\230\123\367\0001\0002\200\003\133\337\000:\000\040\217\320\204\045\137\071\140\047\173\241\164\006\166\204\221\315\160\271\124\214\123\237\122\031}{section.2}% 18
\BOOKMARK [2][-]{Item.68}{\376\377\230\230\123\367\0001\0003\200\003\133\337\000:\000\040\144\315\117\134\230\316\226\151\154\273\164\006\166\204\116\011\220\123\226\062\176\277\123\237\122\031}{section.2}% 19
\BOOKMARK [2][-]{Item.72}{\376\377\230\230\123\367\0001\0004\200\003\133\337\000:\000\040\204\143\116\213\117\032\230\316\226\151\173\241\164\006\200\114\215\043\166\204\121\150\227\142\140\047}{section.2}% 20
\BOOKMARK [2][-]{Item.76}{\376\377\230\230\123\367\0001\0005\200\003\133\337\000:\000\040\230\316\226\151\145\207\123\026\166\204\150\070\137\303\162\171\137\201\124\214\136\372\213\276\123\237\122\031}{section.2}% 21
\BOOKMARK [2][-]{Item.80}{\376\377\230\230\123\367\0001\0006\200\003\133\337\000:\000\040\224\366\210\114\230\316\226\151\145\207\123\026\124\214\210\114\116\072\145\071\217\333\166\204\121\163\225\056\123\237\122\031}{section.2}% 22
\BOOKMARK [2][-]{Item.84}{\376\377\230\230\123\367\0001\0007\200\003\133\337\000:\000\040\144\315\117\134\230\316\226\151\173\241\164\006\166\204\154\273\164\006\124\214\143\247\122\066\123\237\122\031}{section.2}% 23
\BOOKMARK [2][-]{Item.88}{\376\377\230\230\123\367\0001\0008\200\003\133\337\000:\000\040\230\316\226\151\120\117\131\175\150\106\147\266\166\204\122\066\133\232\124\214\133\236\145\275\123\237\122\031}{section.2}% 24
\BOOKMARK [2][-]{Item.92}{\376\377\230\230\123\367\0001\0009\200\003\133\337\000:\000\040\224\366\210\114\154\273\164\006\124\214\124\130\135\345\210\114\116\072\173\241\164\006\166\204\123\237\122\031}{section.2}% 25
\BOOKMARK [1][-]{section.3}{\376\377\200\003\160\271\0003\000:\230\316\226\151\213\306\122\053}{}% 26
\BOOKMARK [2][-]{Item.96}{\376\377\230\230\123\367\0001\200\003\133\337\000:\000\040\144\315\117\134\230\316\226\151\150\106\147\266\166\204\122\066\133\232\124\214\133\236\145\275\123\237\122\031}{section.3}% 27
\BOOKMARK [2][-]{Item.100}{\376\377\230\230\123\367\0002\200\003\133\337\000:\000\040\144\315\117\134\230\316\226\151\166\204\127\372\147\054\162\171\137\201\124\214\213\241\221\317\123\237\122\031}{section.3}% 28
\BOOKMARK [2][-]{Item.104}{\376\377\230\230\123\367\0003\200\003\133\337\000:\000\040\145\160\143\156\173\241\164\006\116\055\166\204\230\316\226\151\126\340\175\040}{section.3}% 29
\BOOKMARK [2][-]{Item.108}{\376\377\230\230\123\367\0004\200\003\133\337\000:\000\040\144\315\117\134\230\316\226\151\154\273\164\006\124\214\145\077\173\126\150\106\147\266\166\204\123\237\122\031}{section.3}% 30
\BOOKMARK [2][-]{Item.112}{\376\377\230\230\123\367\0005\200\003\133\337\000:\000\040\144\315\117\134\230\316\226\151\116\213\116\366\166\204\122\006\174\173\123\237\122\031}{section.3}% 31
\BOOKMARK [2][-]{Item.116}{\376\377\230\230\123\367\0006\200\003\133\337\000:\000\040\144\315\117\134\230\316\226\151\116\213\116\366\166\204\122\006\174\173\124\214\162\171\137\201}{section.3}% 32
\BOOKMARK [2][-]{Item.120}{\376\377\230\230\123\367\0007\200\003\133\337\000:\000\040\144\315\117\134\230\316\226\151\147\000\134\017\123\026\166\204\121\163\225\056\173\126\165\145}{section.3}% 33
\BOOKMARK [2][-]{Item.124}{\376\377\230\230\123\367\0008\200\003\133\337\000:\000\040\124\130\135\345\230\316\226\151\210\114\116\072\166\204\137\161\124\315\126\340\175\040}{section.3}% 34
\BOOKMARK [2][-]{Item.128}{\376\377\230\230\123\367\0009\200\003\133\337\000:\000\040\154\024\120\031\123\330\123\026\162\151\164\006\230\316\226\151\166\204\221\321\207\215\137\161\124\315}{section.3}% 35
\BOOKMARK [1][-]{section.4}{\376\377\200\003\160\271\0004\000:\230\316\226\151\155\113\221\317\116\016\213\304\117\060}{}% 36
\BOOKMARK [2][-]{Item.132}{\376\377\230\230\123\367\0001\200\003\133\337\000:\000\040\152\041\127\213\230\316\226\151\166\204\147\145\156\220\124\214\162\171\137\201}{section.4}% 37
\BOOKMARK [2][-]{Item.136}{\376\377\230\230\123\367\0002\200\003\133\337\000:\000\040\144\315\117\134\230\316\226\151\000V\000a\000R\124\214\136\002\127\072\230\316\226\151\000V\000a\000R\166\204\153\324\217\203}{section.4}% 38
\BOOKMARK [2][-]{Item.140}{\376\377\230\230\123\367\0003\200\003\133\337\000:\000\040\230\316\226\151\143\247\122\066\201\352\142\021\213\304\117\060\166\204\121\163\225\056\211\201\175\040}{section.4}% 39
\BOOKMARK [2][-]{Item.144}{\376\377\230\230\123\367\0004\200\003\133\337\000:\000\040\224\366\210\114\230\316\226\151\145\160\143\156\200\132\124\010\166\204\121\163\225\056\123\237\122\031}{section.4}% 40
\BOOKMARK [2][-]{Item.148}{\376\377\230\230\123\367\0005\200\003\133\337\000:\000\040\144\315\117\134\230\316\226\151\150\106\147\266\166\204\122\066\133\232\124\214\133\236\145\275\123\237\122\031}{section.4}% 41
\BOOKMARK [2][-]{Item.152}{\376\377\230\230\123\367\0006\200\003\133\337\000:\000\040\121\262\121\373\133\271\137\315\136\246\166\204\117\134\165\050\124\214\162\171\137\201}{section.4}% 42
\BOOKMARK [2][-]{Item.156}{\376\377\230\230\123\367\0007\200\003\133\337\000:\000\040\230\316\226\151\137\161\124\315\213\304\117\060\145\271\154\325\166\204\153\324\217\203}{section.4}% 43
\BOOKMARK [2][-]{Item.160}{\376\377\230\230\123\367\0008\200\003\133\337\000:\000\040\217\320\204\045\137\071\140\047\145\271\154\325\166\204\121\163\225\056\162\171\137\201}{section.4}% 44
\BOOKMARK [2][-]{Item.164}{\376\377\230\230\123\367\0009\200\003\133\337\000:\000\040\131\026\220\350\143\137\131\061\145\160\143\156\166\204\120\117\135\356\162\171\137\201}{section.4}% 45
\BOOKMARK [2][-]{Item.168}{\376\377\230\230\123\367\0001\0000\200\003\133\337\000:\000\040\143\137\131\061\122\006\136\003\145\271\154\325\116\055\166\204\122\006\136\003\220\011\142\351}{section.4}% 46
\BOOKMARK [2][-]{Item.172}{\376\377\230\230\123\367\0001\0001\200\003\133\337\000:\000\040\144\315\117\134\230\316\226\151\230\221\163\207\122\006\136\003\124\214\116\045\221\315\172\013\136\246\122\006\136\003\166\204\162\171\137\201}{section.4}% 47
\BOOKMARK [2][-]{Item.176}{\376\377\230\230\123\367\0001\0002\200\003\133\337\000:\000\040\145\105\226\234\150\021\122\006\147\220\127\050\144\315\117\134\230\316\226\151\116\055\166\204\136\224\165\050}{section.4}% 48
\BOOKMARK [2][-]{Item.180}{\376\377\230\230\123\367\0001\0003\200\003\133\337\000:\000\040\164\136\130\353\131\166\221\152\152\041\127\213\127\050\144\315\117\134\230\316\226\151\173\241\164\006\116\055\166\204\136\224\165\050}{section.4}% 49
\BOOKMARK [1][-]{section.5}{\376\377\200\003\160\271\0005\000:\230\316\226\151\177\023\221\312}{}% 50
\BOOKMARK [2][-]{Item.184}{\376\377\230\230\123\367\0001\200\003\133\337\000:\000\040\144\315\117\134\230\316\226\151\133\371\121\262\135\345\121\167\166\204\162\171\137\201}{section.5}% 51
\BOOKMARK [1][-]{section.6}{\376\377\200\003\160\271\0006\000:\230\316\226\151\142\245\124\112}{}% 52
\BOOKMARK [2][-]{Item.188}{\376\377\230\230\123\367\0001\200\003\133\337\000:\000\040\144\315\117\134\230\316\226\151\174\173\127\213\133\371\121\154\123\370\166\204\137\161\124\315}{section.6}% 53
\BOOKMARK [1][-]{section.7}{\376\377\200\003\160\271\0007\000:\145\164\124\010\230\316\226\151\173\241\164\006}{}% 54
\BOOKMARK [2][-]{Item.192}{\376\377\230\230\123\367\0001\200\003\133\337\000:\000\040\117\001\116\032\230\316\226\151\173\241\164\006\000\050\000E\000R\000M\000\051\166\204\150\070\137\303\162\171\137\201}{section.7}% 55
\BOOKMARK [2][-]{Item.196}{\376\377\230\230\123\367\0002\200\003\133\337\000:\000\040\135\364\130\136\134\024\000I\000I\000I\150\106\147\266\116\013\166\204\215\104\147\054\211\201\154\102\213\241\173\227}{section.7}% 56
\BOOKMARK [2][-]{Item.200}{\376\377\230\230\123\367\0003\200\003\133\337\000:\000\040\230\316\226\151\145\207\123\026\116\016\116\032\122\241\176\351\145\110\166\204\121\163\174\373}{section.7}% 57
\BOOKMARK [2][-]{Item.204}{\376\377\230\230\123\367\0004\200\003\133\337\000:\000\040\121\154\123\370\145\207\123\026\124\214\230\316\226\151\145\207\123\026\166\204\162\171\137\201}{section.7}% 58
\BOOKMARK [2][-]{Item.208}{\376\377\230\230\123\367\0005\200\003\133\337\000:\000\040\117\001\116\032\230\316\226\151\173\241\164\006\000\050\000E\000R\000M\000\051\166\204\150\070\137\303\162\171\137\201}{section.7}% 59
\BOOKMARK [2][-]{Item.212}{\376\377\230\230\123\367\0006\200\003\133\337\000:\000\040\231\226\136\055\230\316\226\151\133\230\000\050\000C\000R\000O\000\051\166\204\200\114\215\043\203\003\126\364}{section.7}% 60
\BOOKMARK [2][-]{Item.216}{\376\377\230\230\123\367\0007\200\003\133\337\000:\000\040\230\316\226\151\120\117\131\175\150\106\147\266\000\050\000R\000A\000F\000\051\166\204\162\171\137\201}{section.7}% 61
\BOOKMARK [2][-]{Item.220}{\376\377\230\230\123\367\0008\200\003\133\337\000:\000\040\117\001\116\032\230\316\226\151\173\241\164\006\000\050\000E\000R\000M\000\051\166\204\127\372\170\100\162\171\137\201}{section.7}% 62
\BOOKMARK [2][-]{Item.224}{\376\377\230\230\123\367\0009\200\003\133\337\000:\000\040\117\001\116\032\230\316\226\151\173\241\164\006\000\050\000E\000R\000M\000\051\166\204\166\356\150\007\213\276\133\232}{section.7}% 63
\BOOKMARK [2][-]{Item.228}{\376\377\230\230\123\367\0001\0000\200\003\133\337\000:\000\040\121\205\220\350\143\247\122\066\127\050\144\315\117\134\230\316\226\151\173\241\164\006\116\055\166\204\136\224\165\050}{section.7}% 64
\BOOKMARK [2][-]{Item.232}{\376\377\230\230\123\367\0001\0001\200\003\133\337\000:\000\040\224\366\210\114\143\247\200\241\121\154\123\370\166\204\203\003\126\364\176\317\155\116\162\171\137\201}{section.7}% 65
