\BOOKMARK [1][-]{section.1}{\376\377\200\003\160\271\0001\000:\210\115\165\037\124\301\230\316\226\151}{}% 1
\BOOKMARK [2][-]{Item.4}{\376\377\230\230\123\367\0001\200\003\133\337\000:\000\040\121\300\230\235\176\323\173\227\377\010\000n\000e\000t\000t\000i\000n\000g\377\011\166\204\133\236\163\260\147\141\116\366}{section.1}% 2
\BOOKMARK [2][-]{Item.8}{\376\377\230\230\123\367\0002\200\003\133\337\000:\000\040\215\104\116\247\145\057\143\001\117\341\165\050\121\163\200\124\171\150\143\156\166\204\126\336\142\245\213\241\173\227}{section.1}% 3
\BOOKMARK [2][-]{Item.12}{\376\377\230\230\123\367\0003\200\003\133\337\000:\000\040\140\073\145\066\166\312\116\222\143\142\377\010\000T\000o\000t\000a\000l\000\040\000R\000e\000t\000u\000r\000n\000\040\000S\000w\000a\000p\377\011\166\204\145\057\116\330\116\111\122\241}{section.1}% 4
\BOOKMARK [2][-]{Item.16}{\376\377\230\230\123\367\0004\200\003\133\337\000:\000\040\140\073\145\066\166\312\116\222\143\142\377\010\000T\000o\000t\000a\000l\000\040\000R\000e\000t\000u\000r\000n\000\040\000S\000w\000a\000p\377\011\166\204\145\057\116\330\116\111\122\241}{section.1}% 5
\BOOKMARK [2][-]{Item.21}{\376\377\230\230\123\367\0005\200\003\133\337\000:\000\040\140\073\145\066\166\312\116\222\143\142\377\010\000T\000o\000t\000a\000l\000\040\000R\000e\000t\000u\000r\000n\000\040\000S\000w\000a\000p\377\011\166\204\145\057\116\330\116\111\122\241}{section.1}% 6
\BOOKMARK [2][-]{Item.25}{\376\377\230\230\123\367\0006\200\003\133\337\000:\000\040\140\073\145\066\166\312\116\222\143\142\377\010\000T\000o\000t\000a\000l\000\040\000R\000e\000t\000u\000r\000n\000\040\000S\000w\000a\000p\377\011\166\204\163\260\221\321\155\101\213\241\173\227}{section.1}% 7
\BOOKMARK [2][-]{Item.29}{\376\377\230\230\123\367\0007\200\003\133\337\000:\000\040\122\051\163\207\116\222\143\142\377\010\000I\000n\000t\000e\000r\000e\000s\000t\000\040\000R\000a\000t\000e\000\040\000S\000w\000a\000p\377\011\116\016\120\072\122\070\166\204\117\341\165\050\230\316\226\151\153\324\217\203}{section.1}% 8
\BOOKMARK [2][-]{Item.33}{\376\377\230\230\123\367\0008\200\003\133\337\000:\000\040\140\073\145\066\166\312\116\222\143\142\377\010\000T\000o\000t\000a\000l\000\040\000R\000e\000t\000u\000r\000n\000\040\000S\000w\000a\000p\377\011\166\204\117\341\165\050\230\316\226\151\116\160\145\271\123\357\116\345\203\267\137\227\150\007\166\204\215\067\153\076\166\204\230\316\226\151\145\136\123\343\124\214\145\066\166\312}{section.1}% 9
\BOOKMARK [2][-]{Item.37}{\376\377\230\230\123\367\0009\200\003\133\337\000:\000\040\124\010\142\020\000C\000D\000O\377\010\000S\000y\000n\000t\000h\000e\000t\000i\000c\000\040\000C\000D\000O\377\011\166\204\134\102\176\247\122\051\135\356\121\163\174\373}{section.1}% 10
\BOOKMARK [2][-]{Item.41}{\376\377\230\230\123\367\0001\0000\200\003\133\337\000:\000\040\217\335\176\246\145\366\166\204\230\316\226\151\145\136\123\343\131\047\116\216\230\204\147\037\133\374\201\364\143\137\131\061\215\205\121\372\230\204\147\037}{section.1}% 11
\BOOKMARK [2][-]{Item.45}{\376\377\230\230\123\367\0001\0001\200\003\133\337\000:\000\040\121\154\123\370\166\204\120\177\116\330\200\375\122\233\122\006\147\220}{section.1}% 12
\BOOKMARK [2][-]{Item.49}{\376\377\230\230\123\367\0001\0002\200\003\133\337\000:\000\040\124\010\142\020\000C\000D\000O\377\010\000S\000y\000n\000t\000h\000e\000t\000i\000c\000\040\000C\000D\000O\377\011\166\204\134\102\176\247\122\051\135\356\121\163\174\373}{section.1}% 13
\BOOKMARK [2][-]{Item.53}{\376\377\230\230\123\367\0001\0003\200\003\133\337\000:\000\040\122\051\163\207\116\222\143\142\377\010\000I\000n\000t\000e\000r\000e\000s\000t\000\040\000R\000a\000t\000e\000\040\000S\000w\000a\000p\377\011}{section.1}% 14
\BOOKMARK [2][-]{Item.57}{\376\377\230\230\123\367\0001\0004\200\003\133\337\000:\000\040\127\072\131\026\210\115\165\037\124\301\136\002\127\072\166\204\211\304\152\041\153\324\217\203}{section.1}% 15
\BOOKMARK [2][-]{Item.61}{\376\377\230\230\123\367\0001\0005\200\003\133\337\000:\000\040\000I\000S\000D\000A\116\073\123\117\213\256\166\204\140\047\215\050\116\016\122\237\200\375}{section.1}% 16
\BOOKMARK [2][-]{Item.65}{\376\377\230\230\123\367\0001\0006\200\003\133\337\000:\000\040\142\265\142\274\124\301\133\371\136\002\127\072\060\001\144\315\117\134\124\214\155\101\122\250\140\047\230\316\226\151\166\204\137\161\124\315}{section.1}% 17
\BOOKMARK [2][-]{Item.69}{\376\377\230\230\123\367\0001\0007\200\003\133\337\000:\000\040\140\073\145\066\166\312\116\222\143\142\377\010\000T\000o\000t\000a\000l\000\040\000R\000e\000t\000u\000r\000n\000\040\000S\000w\000a\000p\377\011\166\204\145\057\116\330\116\111\122\241}{section.1}% 18
\BOOKMARK [2][-]{Item.73}{\376\377\230\230\123\367\0001\0008\200\003\133\337\000:\000\040\140\073\145\066\166\312\116\222\143\142\377\010\000T\000R\000S\377\011\166\204\147\072\122\066\116\016\163\260\221\321\155\101\145\271\124\021}{section.1}% 19
\BOOKMARK [2][-]{Item.77}{\376\377\230\230\123\367\0001\0009\200\003\133\337\000:\000\040\000f\000i\000r\000s\000t\000-\000t\000o\000-\000d\000e\000f\000a\000u\000l\000t\117\341\165\050\173\356\133\120\116\222\143\142\377\010\000F\000i\000r\000s\000t\000-\000t\000o\000-\000D\000e\000f\000a\000u\000l\000t\000\040\000C\000r\000e\000d\000i\000t\000\040\000B\000a\000s\000k\000e\000t\000\040\000S\000w\000a\000p\377\011\166\204\117\335\215\071\121\163\174\373}{section.1}% 20
\BOOKMARK [2][-]{Item.81}{\376\377\230\230\123\367\0002\0000\200\003\133\337\000:\000\040\121\154\123\370\166\204\120\177\116\330\200\375\122\233\122\006\147\220}{section.1}% 21
\BOOKMARK [2][-]{Item.85}{\376\377\230\230\123\367\0002\0001\200\003\133\337\000:\000\040\000C\000D\000S\122\051\135\356\166\204\213\241\173\227\145\271\154\325}{section.1}% 22
\BOOKMARK [1][-]{section.2}{\376\377\200\003\160\271\0002\000:\133\371\142\113\145\271\230\316\226\151}{}% 23
\BOOKMARK [2][-]{Item.89}{\376\377\230\230\123\367\0001\200\003\133\337\000:\000\040\123\072\122\006\116\015\124\014\221\321\207\215\116\247\124\301\133\371\133\371\142\113\145\271\117\341\165\050\230\316\226\151\145\136\123\343\166\204\137\161\124\315}{section.2}% 24
\BOOKMARK [2][-]{Item.93}{\376\377\230\230\123\367\0002\200\003\133\337\000:\000\040\220\006\124\021\220\011\142\351\225\356\230\230}{section.2}% 25
\BOOKMARK [2][-]{Item.97}{\376\377\230\230\123\367\0003\200\003\133\337\000:\000\040\116\055\131\056\133\371\142\113\145\271\377\010\000C\000e\000n\000t\000r\000a\000l\000\040\000C\000o\000u\000n\000t\000e\000r\000p\000a\000r\000t\000i\000e\000s\377\011\166\204\174\373\176\337\140\047\230\316\226\151}{section.2}% 26
\BOOKMARK [2][-]{Item.101}{\376\377\230\230\123\367\0004\200\003\133\337\000:\000\040\147\052\147\145\217\335\176\246\151\202\163\207\124\214\230\316\226\151\116\055\140\047\155\113\136\246}{section.2}% 27
\BOOKMARK [2][-]{Item.105}{\376\377\230\230\123\367\0005\200\003\133\337\000:\000\040\116\244\146\023\133\371\142\113\230\316\226\151\116\016\215\067\153\076\230\316\226\151\166\204\121\163\174\373}{section.2}% 28
\BOOKMARK [2][-]{Item.109}{\376\377\230\230\123\367\0006\200\003\133\337\000:\000\040\116\244\146\023\133\371\142\113\230\316\226\151\116\016\215\067\153\076\230\316\226\151\166\204\123\072\122\053}{section.2}% 29
\BOOKMARK [2][-]{Item.113}{\376\377\230\230\123\367\0007\200\003\133\337\000:\000\040\116\244\146\023\133\371\142\113\230\316\226\151\133\232\116\367\166\204\122\250\147\072}{section.2}% 30
\BOOKMARK [2][-]{Item.117}{\376\377\230\230\123\367\0008\200\003\133\337\000:\000\040\210\115\165\037\124\301\176\304\124\010\116\367\120\074\162\266\140\001\116\016\116\244\146\023\133\371\142\113\230\316\226\151\124\214\207\215\215\104\142\020\147\054\166\204\121\163\174\373}{section.2}% 31
\BOOKMARK [1][-]{section.3}{\376\377\200\003\160\271\0003\000:\121\300\230\235\176\323\173\227\123\312\166\370\121\163\145\271\227\142}{}% 32
\BOOKMARK [2][-]{Item.121}{\376\377\230\230\123\367\0001\200\003\133\337\000:\000\040\116\244\146\023\133\371\142\113\117\341\165\050\230\316\226\151\145\136\123\343\166\204\213\241\173\227\145\271\154\325}{section.3}% 33
\BOOKMARK [2][-]{Item.125}{\376\377\230\230\123\367\0002\200\003\133\337\000:\000\040\140\073\145\066\166\312\116\222\143\142\377\010\000T\000o\000t\000a\000l\000\040\000R\000e\000t\000u\000r\000n\000\040\000S\000w\000a\000p\377\011\166\204\121\300\116\111\122\241\213\241\173\227}{section.3}% 34
\BOOKMARK [2][-]{Item.129}{\376\377\230\230\123\367\0003\200\003\133\337\000:\000\040\145\340\121\300\230\235\123\117\213\256\145\366\377\014\117\341\165\050\230\316\226\151\145\136\123\343\166\204\213\241\173\227\145\271\154\325}{section.3}% 35
\BOOKMARK [2][-]{Item.133}{\376\377\230\230\123\367\0004\200\003\133\337\000:\000\040\176\310\153\142\121\300\230\235\176\323\173\227\377\010\000C\000l\000o\000s\000e\000-\000o\000u\000t\000\040\000N\000e\000t\000t\000i\000n\000g\377\011\166\204\117\030\160\271}{section.3}% 36
\BOOKMARK [2][-]{Item.137}{\376\377\230\230\123\367\0005\200\003\133\337\000:\000\040\121\300\230\235\176\323\173\227\377\010\000N\000e\000t\000t\000i\000n\000g\377\011\166\204\122\237\200\375}{section.3}% 37
\BOOKMARK [2][-]{Item.141}{\376\377\230\230\123\367\0006\200\003\133\337\000:\000\040\117\341\165\050\230\316\226\151\177\023\221\312\142\200\147\057\127\050\116\015\124\014\124\010\176\246\116\367\120\074\140\305\121\265\116\013\166\204\220\002\165\050\140\047\116\016\145\110\147\234}{section.3}% 38
\BOOKMARK [2][-]{Item.145}{\376\377\230\230\123\367\0007\200\003\133\337\000:\000\040\121\300\230\235\126\340\133\120\213\241\173\227}{section.3}% 39
\BOOKMARK [2][-]{Item.149}{\376\377\230\230\123\367\0008\200\003\133\337\000:\000\040\140\073\145\066\166\312\116\222\143\142\377\010\000T\000o\000t\000a\000l\000\040\000R\000e\000t\000u\000r\000n\000\040\000S\000w\000a\000p\377\011\166\204\163\260\221\321\155\101\213\241\173\227}{section.3}% 40
\BOOKMARK [1][-]{section.4}{\376\377\200\003\160\271\0004\000:\117\335\213\301\221\321\377\010\142\265\142\274\124\301\377\011\124\214\176\323\173\227}{}% 41
\BOOKMARK [2][-]{Item.153}{\376\377\230\230\123\367\0001\200\003\133\337\000:\000\040\121\317\134\021\140\157\171\150\145\057\116\330\230\221\163\207\133\371\117\341\165\050\230\316\226\151\145\136\123\343\166\204\137\161\124\315}{section.4}% 42
\BOOKMARK [2][-]{Item.157}{\376\377\230\230\123\367\0002\200\003\133\337\000:\000\040\000C\000S\000A\377\010\000C\000r\000e\000d\000i\000t\000\040\000S\000u\000p\000p\000o\000r\000t\000\040\000A\000n\000n\000e\000x\377\011\166\204\140\047\215\050\116\016\122\237\200\375}{section.4}% 43
\BOOKMARK [2][-]{Item.161}{\376\377\230\230\123\367\0003\200\003\133\337\000:\000\040\224\366\210\114\133\266\140\226\213\272\377\010\000B\000a\000n\000k\000e\000r\000'\000s\000\040\000P\000a\000r\000a\000d\000o\000x\377\011\166\204\147\054\215\050\116\016\137\161\124\315}{section.4}% 44
\BOOKMARK [2][-]{Item.165}{\376\377\230\230\123\367\0004\200\003\133\337\000:\000\040\224\366\210\114\133\266\140\226\213\272\377\010\000B\000a\000n\000k\000e\000r\000'\000s\000\040\000P\000a\000r\000a\000d\000o\000x\377\011\166\204\147\054\215\050\116\016\137\161\124\315}{section.4}% 45
\BOOKMARK [2][-]{Item.169}{\376\377\230\230\123\367\0005\200\003\133\337\000:\000\040\142\265\142\274\124\301\133\371\117\341\165\050\230\316\226\151\145\136\123\343\166\204\137\161\124\315}{section.4}% 46
\BOOKMARK [2][-]{Item.173}{\376\377\230\230\123\367\0006\200\003\133\337\000:\000\040\142\265\142\274\124\301\133\371\117\341\165\050\230\316\226\151\145\136\123\343\166\204\137\161\124\315}{section.4}% 47
\BOOKMARK [2][-]{Item.177}{\376\377\230\230\123\367\0007\200\003\133\337\000:\000\040\142\265\142\274\124\301\133\371\117\341\165\050\230\316\226\151\145\136\123\343\166\204\137\161\124\315}{section.4}% 48
\BOOKMARK [1][-]{section.5}{\376\377\200\003\160\271\0005\000:\116\055\131\056\176\323\173\227}{}% 49
\BOOKMARK [2][-]{Item.181}{\376\377\230\230\123\367\0001\200\003\133\337\000:\000\040\127\072\131\026\210\115\165\037\124\301\116\055\131\056\156\005\173\227\377\010\000C\000e\000n\000t\000r\000a\000l\000\040\000C\000l\000e\000a\000r\000i\000n\000g\377\011\166\204\116\073\211\201\143\021\142\030}{section.5}% 50
\BOOKMARK [2][-]{Item.185}{\376\377\230\230\123\367\0002\200\003\133\337\000:\000\040\116\055\131\056\133\371\142\113\145\271\377\010\000C\000C\000P\377\011\166\204\174\373\176\337\140\047\230\316\226\151\173\241\164\006\147\072\122\066}{section.5}% 51
\BOOKMARK [2][-]{Item.189}{\376\377\230\230\123\367\0003\200\003\133\337\000:\000\040\116\055\131\056\133\371\142\113\145\271\377\010\000C\000C\000P\377\011\166\204\174\373\176\337\140\047\230\316\226\151\173\241\164\006\147\072\122\066}{section.5}% 52
\BOOKMARK [2][-]{Item.193}{\376\377\230\230\123\367\0004\200\003\133\337\000:\000\040\116\055\131\056\133\371\142\113\145\271\377\010\000C\000C\000P\377\011\166\204\174\373\176\337\140\047\230\316\226\151\173\241\164\006\147\072\122\066}{section.5}% 53
\BOOKMARK [1][-]{section.6}{\376\377\200\003\160\271\0006\000:\147\052\147\145\120\074\124\214\145\136\123\343}{}% 54
\BOOKMARK [2][-]{Item.197}{\376\377\230\230\123\367\0001\200\003\133\337\000:\000\040\157\134\127\050\147\052\147\145\145\136\123\343\377\010\000P\000F\000E\377\011\166\204\133\232\116\111}{section.6}% 55
\BOOKMARK [2][-]{Item.201}{\376\377\230\230\123\367\0002\200\003\133\337\000:\000\040\147\037\147\033\153\143\145\136\123\343\377\010\000E\000P\000E\377\011\166\204\126\376\137\142\210\150\171\072}{section.6}% 56
\BOOKMARK [2][-]{Item.205}{\376\377\230\230\123\367\0003\200\003\133\337\000:\000\040\147\037\147\103\172\172\131\064\131\064\133\370\166\204\117\341\165\050\230\316\226\151\162\171\137\201}{section.6}% 57
\BOOKMARK [2][-]{Item.209}{\376\377\230\230\123\367\0004\200\003\133\337\000:\000\040\122\051\163\207\116\222\143\142\377\010\000I\000n\000t\000e\000r\000e\000s\000t\000\040\000R\000a\000t\000e\000\040\000S\000w\000a\000p\377\011\166\204\117\341\165\050\230\316\226\151\162\171\137\201}{section.6}% 58
\BOOKMARK [2][-]{Item.213}{\376\377\230\230\123\367\0005\200\003\133\337\000:\000\040\131\026\154\107\217\334\147\037\377\010\000F\000X\000\040\000f\000o\000r\000w\000a\000r\000d\000s\377\011\124\214\215\350\136\001\171\315\116\222\143\142\377\010\000C\000r\000o\000s\000s\000\040\000C\000u\000r\000r\000e\000n\000c\000y\000\040\000S\000w\000a\000p\000s\377\011\166\204\117\341\165\050\230\316\226\151\162\171\137\201}{section.6}% 59
\BOOKMARK [2][-]{Item.217}{\376\377\230\230\123\367\0006\200\003\133\337\000:\000\040\116\222\143\142\377\010\000S\000w\000a\000p\377\011\166\204\117\341\165\050\230\316\226\151\162\171\137\201}{section.6}% 60
\BOOKMARK [2][-]{Item.221}{\376\377\230\230\123\367\0007\200\003\133\337\000:\000\040\157\134\127\050\147\052\147\145\145\136\123\343\377\010\000P\000F\000E\377\011\166\204\133\232\116\111}{section.6}% 61
\BOOKMARK [1][-]{section.7}{\376\377\200\003\160\271\0007\000:\000C\000V\000A}{}% 62
\BOOKMARK [2][-]{Item.225}{\376\377\230\230\123\367\0001\200\003\133\337\000:\000\040\117\341\165\050\211\346\123\321\147\141\153\076}{section.7}% 63
\BOOKMARK [2][-]{Item.229}{\376\377\230\230\123\367\0002\200\003\133\337\000:\000\040\217\271\226\105\000C\000V\000A\124\214\130\236\221\317\000C\000V\000A\166\204\133\232\116\111}{section.7}% 64
\BOOKMARK [2][-]{Item.233}{\376\377\230\230\123\367\0003\200\003\133\337\000:\000\040\217\271\226\105\000C\000V\000A\124\214\130\236\221\317\000C\000V\000A\166\204\133\232\116\111}{section.7}% 65
\BOOKMARK [2][-]{Item.237}{\376\377\230\230\123\367\0004\200\003\133\337\000:\000\040\126\336\145\066\163\207\143\320\232\330\226\115\117\116\000C\000V\000A\377\014\117\341\165\050\122\051\135\356\146\362\176\277\124\021\116\012\120\076\145\234\226\115\117\116\000C\000V\000A}{section.7}% 66
\BOOKMARK [2][-]{Item.241}{\376\377\230\230\123\367\0005\200\003\133\337\000:\000\040\000B\000C\000V\000A\377\010\000B\000i\000l\000a\000t\000e\000r\000a\000l\000\040\000C\000V\000A\377\011\166\204\133\232\116\111}{section.7}% 67
\BOOKMARK [2][-]{Item.245}{\376\377\230\230\123\367\0006\200\003\133\337\000:\000\040\225\031\215\357\230\316\226\151\377\010\000W\000r\000o\000n\000g\000-\000w\000a\000y\000\040\000R\000i\000s\000k\377\011\124\214\153\143\215\357\230\316\226\151\377\010\000R\000i\000g\000h\000t\000-\000w\000a\000y\000\040\000R\000i\000s\000k\377\011\166\204\133\232\116\111}{section.7}% 68
\BOOKMARK [2][-]{Item.249}{\376\377\230\230\123\367\0007\200\003\133\337\000:\000\040\225\031\215\357\230\316\226\151\377\010\000w\000r\000o\000n\000g\000-\000w\000a\000y\000\040\000r\000i\000s\000k\377\011\124\214\133\371\215\357\230\316\226\151\377\010\000r\000i\000g\000h\000t\000-\000w\000a\000y\000\040\000r\000i\000s\000k\377\011\166\204\151\202\137\365\116\016\213\306\122\053}{section.7}% 69
\BOOKMARK [2][-]{Item.253}{\376\377\230\230\123\367\0008\200\003\133\337\000:\000\040\000B\000C\000V\000A\213\241\173\227\145\271\154\325}{section.7}% 70
\BOOKMARK [1][-]{section.8}{\376\377\200\003\160\271\0008\000:\123\213\122\233\155\113\213\325}{}% 71
\BOOKMARK [2][-]{Item.257}{\376\377\230\230\123\367\0001\200\003\133\337\000:\000\040\147\037\147\033\145\136\123\343\377\010\000E\000x\000p\000e\000c\000t\000e\000d\000\040\000E\000x\000p\000o\000s\000u\000r\000e\377\011\166\204\133\232\116\111}{section.8}% 72
\BOOKMARK [2][-]{Item.261}{\376\377\230\230\123\367\0002\200\003\133\337\000:\000\040\230\204\147\037\153\143\145\136\123\343\377\010\000E\000P\000E\377\011\123\213\122\233\155\113\213\325\116\016\215\067\153\076\176\304\124\010\230\316\226\151\173\241\164\006\166\204\123\072\122\053}{section.8}% 73
\BOOKMARK [2][-]{Item.265}{\376\377\230\230\123\367\0003\200\003\133\337\000:\000\040\134\006\116\244\146\023\133\371\142\113\117\341\165\050\230\316\226\151\377\010\000C\000C\000R\377\011\211\306\116\072\136\002\127\072\230\316\226\151\166\204\137\161\124\315}{section.8}% 74
\BOOKMARK [2][-]{Item.269}{\376\377\230\230\123\367\0004\200\003\133\337\000:\000\040\123\213\122\233\155\113\213\325\377\010\000S\000t\000r\000e\000s\000s\000\040\000T\000e\000s\000t\000i\000n\000g\377\011\166\204\134\100\226\120\140\047}{section.8}% 75
\BOOKMARK [2][-]{Item.273}{\376\377\230\230\123\367\0005\200\003\133\337\000:\000\040\157\134\127\050\147\052\147\145\145\136\123\343\377\010\000P\000F\000E\377\011\166\204\133\232\116\111}{section.8}% 76
\BOOKMARK [2][-]{Item.277}{\376\377\230\230\123\367\0006\200\003\133\337\000:\000\040\230\204\147\037\153\143\145\136\123\343\377\010\000E\000P\000E\377\011\123\213\122\233\155\113\213\325\116\016\215\067\153\076\176\304\124\010\230\316\226\151\173\241\164\006\166\204\123\072\122\053}{section.8}% 77
\BOOKMARK [2][-]{Item.281}{\376\377\230\230\123\367\0007\200\003\133\337\000:\000\040\123\213\122\233\155\113\213\325\116\055\133\371\142\113\145\271\217\335\176\246\151\202\163\207\116\016\145\136\123\343\166\204\121\163\174\373}{section.8}% 78
\BOOKMARK [2][-]{Item.285}{\376\377\230\230\123\367\0008\200\003\133\337\000:\000\040\123\213\122\233\155\113\213\325\116\055\133\371\142\113\145\271\217\335\176\246\151\202\163\207\116\016\145\136\123\343\166\204\121\163\174\373}{section.8}% 79
