\BOOKMARK [1][-]{section.1}{\376\377\200\003\160\271\0001\000:\230\316\226\151\215\104\147\054\137\122\134\136\124\214\230\316\226\151\214\003\145\164\124\016\176\351\145\110\210\141\221\317}{}% 1
\BOOKMARK [2][-]{Item.4}{\376\377\230\230\123\367\0001\200\003\133\337\000:\000\040\176\317\155\116\215\104\147\054\150\106\147\266\116\055\230\316\226\151\166\370\121\163\140\047\166\204\173\241\164\006}{section.1}% 2
\BOOKMARK [2][-]{Item.8}{\376\377\230\230\123\367\0002\200\003\133\337\000:\000\040\176\317\155\116\215\104\147\054\116\016\166\321\173\241\215\104\147\054\166\204\123\072\122\053\116\016\200\124\174\373}{section.1}% 3
\BOOKMARK [2][-]{Item.12}{\376\377\230\230\123\367\0003\200\003\133\337\000:\000\040\116\015\124\014\230\316\226\151\174\173\127\213\000V\000a\000R\166\204\122\240\140\073\145\271\154\325}{section.1}% 4
\BOOKMARK [2][-]{Item.16}{\376\377\230\230\123\367\0004\200\003\133\337\000:\000\040\155\101\122\250\140\047\230\316\226\151\116\016\136\002\127\072\230\316\226\151\166\204\121\163\174\373}{section.1}% 5
\BOOKMARK [2][-]{Item.20}{\376\377\230\230\123\367\0005\200\003\133\337\000:\000\040\155\101\122\250\140\047\214\003\145\164\000V\000a\000R\166\204\213\241\173\227\145\271\154\325}{section.1}% 6
\BOOKMARK [2][-]{Item.24}{\376\377\230\230\123\367\0006\200\003\133\337\000:\000\040\155\101\122\250\140\047\214\003\145\164\133\371\000V\000a\000R\166\204\137\161\124\315\213\241\173\227}{section.1}% 7
\BOOKMARK [2][-]{Item.28}{\376\377\230\230\123\367\0007\200\003\133\337\000:\000\040\137\252\163\257\117\341\215\067\230\235\136\246\176\317\155\116\215\104\147\054\213\241\173\227}{section.1}% 8
\BOOKMARK [2][-]{Item.32}{\376\377\230\230\123\367\0008\200\003\133\337\000:\000\040\117\335\213\301\221\321\116\244\146\023\166\204\147\140\147\106\145\110\136\224\213\241\173\227}{section.1}% 9
\BOOKMARK [2][-]{Item.36}{\376\377\230\230\123\367\0009\200\003\133\337\000:\000\040\155\101\122\250\140\047\214\003\145\164\000V\000a\000R\166\204\213\241\173\227\145\271\154\325}{section.1}% 10
\BOOKMARK [2][-]{Item.40}{\376\377\230\230\123\367\0001\0000\200\003\133\337\000:\000\040\000A\000R\000A\000R\000O\000C\116\016\136\002\127\072\230\316\226\151\156\242\116\367\166\204\153\324\217\203}{section.1}% 11
\BOOKMARK [2][-]{Item.44}{\376\377\230\230\123\367\0001\0001\200\003\133\337\000:\000\040\000R\000A\000R\000O\000C\166\204\213\241\173\227\145\271\154\325}{section.1}% 12
\BOOKMARK [2][-]{Item.48}{\376\377\230\230\123\367\0001\0002\200\003\133\337\000:\000\040\147\000\127\117\140\305\121\265\143\137\131\061\166\204\213\241\173\227\145\271\154\325}{section.1}% 13
\BOOKMARK [2][-]{Item.52}{\376\377\230\230\123\367\0001\0003\200\003\133\337\000:\000\040\176\317\155\116\215\104\147\054\150\106\147\266\116\055\230\316\226\151\166\370\121\163\140\047\166\204\173\241\164\006}{section.1}% 14
\BOOKMARK [2][-]{Item.56}{\376\377\230\230\123\367\0001\0004\200\003\133\337\000:\000\040\172\016\124\016\000R\000A\000R\000O\000C\166\204\213\241\173\227\145\271\154\325}{section.1}% 15
\BOOKMARK [1][-]{section.2}{\376\377\200\003\160\271\0002\000:\176\317\155\116\215\104\147\054\150\106\147\266\116\055\166\204\124\004\171\315\120\132\154\325\124\214\225\356\230\230}{}% 16
\BOOKMARK [2][-]{Item.60}{\376\377\230\230\123\367\0001\200\003\133\337\000:\000\040\136\002\127\072\230\316\226\151\116\016\144\315\117\134\230\316\226\151\000V\000a\000R\166\204\123\072\122\053}{section.2}% 17
\BOOKMARK [2][-]{Item.64}{\376\377\230\230\123\367\0002\200\003\133\337\000:\000\040\155\101\122\250\140\047\230\316\226\151\166\204\145\351\147\037\230\204\213\146\143\007\150\007}{section.2}% 18
\BOOKMARK [2][-]{Item.68}{\376\377\230\230\123\367\0003\200\003\133\337\000:\000\040\230\316\226\151\122\006\145\143\123\026\145\066\166\312\166\204\232\161\122\250\126\340\175\040}{section.2}% 19
\BOOKMARK [2][-]{Item.72}{\376\377\230\230\123\367\0004\200\003\133\337\000:\000\040\224\366\210\114\215\104\147\054\121\105\215\263\140\047\166\204\230\316\226\151\211\206\166\326\203\003\126\364}{section.2}% 20
\BOOKMARK [2][-]{Item.76}{\376\377\230\230\123\367\0005\200\003\133\337\000:\000\040\121\154\121\101\116\367\120\074\123\357\227\140\140\047\166\204\213\304\117\060\126\340\175\040}{section.2}% 21
\BOOKMARK [2][-]{Item.80}{\376\377\230\230\123\367\0006\200\003\133\337\000:\000\040\152\041\127\213\232\214\213\301\166\204\116\015\124\014\226\066\153\265}{section.2}% 22
\BOOKMARK [2][-]{Item.84}{\376\377\230\230\123\367\0007\200\003\133\337\000:\000\040\230\316\226\151\122\240\140\073\145\271\154\325\166\204\123\302\145\160\232\214\213\301\226\276\136\246}{section.2}% 23
\BOOKMARK [2][-]{Item.88}{\376\377\230\230\123\367\0008\200\003\133\337\000:\000\040\152\041\127\213\232\214\213\301\145\271\154\325\166\204\134\100\226\120\140\047}{section.2}% 24
\BOOKMARK [2][-]{Item.92}{\376\377\230\230\123\367\0009\200\003\133\337\000:\000\040\215\067\153\076\176\304\124\010\230\316\226\151\122\006\145\143\123\026\123\237\122\031}{section.2}% 25
\BOOKMARK [2][-]{Item.96}{\376\377\230\230\123\367\0001\0000\200\003\133\337\000:\000\040\224\366\210\114\210\114\116\072\116\016\145\207\123\026\142\245\124\112\166\204\116\073\211\201\143\021\142\030}{section.2}% 26
\BOOKMARK [2][-]{Item.100}{\376\377\230\230\123\367\0001\0001\200\003\133\337\000:\000\040\230\316\226\151\140\166\123\026\226\062\203\003\135\345\121\167\166\204\220\011\142\351}{section.2}% 27
\BOOKMARK [2][-]{Item.104}{\376\377\230\230\123\367\0001\0002\200\003\133\337\000:\000\040\230\316\226\151\136\246\221\317\145\271\154\325\166\204\153\324\217\203}{section.2}% 28
\BOOKMARK [2][-]{Item.108}{\376\377\230\230\123\367\0001\0003\200\003\133\337\000:\000\040\176\317\155\116\215\104\147\054\150\106\147\266\166\204\133\236\145\275\145\110\166\312}{section.2}% 29
\BOOKMARK [1][-]{section.3}{\376\377\200\003\160\271\0003\000:\131\047\127\213\224\366\210\114\143\247\200\241\121\154\123\370\166\204\215\104\147\054\211\304\122\022}{}% 30
\BOOKMARK [2][-]{Item.112}{\376\377\230\230\123\367\0001\200\003\133\337\000:\000\040\155\101\122\250\140\047\230\316\226\151\166\204\145\351\147\037\230\204\213\146\143\007\150\007}{section.3}% 31
\BOOKMARK [1][-]{section.4}{\376\377\200\003\160\271\0004\000:\224\366\210\114\123\213\122\233\155\113\213\325}{}% 32
\BOOKMARK [2][-]{Item.116}{\376\377\230\230\123\367\0001\200\003\133\337\000:\000\040\123\213\122\233\155\113\213\325\116\016\230\316\226\151\122\240\140\073\166\204\136\224\165\050\123\237\122\031}{section.4}% 33
\BOOKMARK [2][-]{Item.120}{\376\377\230\230\123\367\0002\200\003\133\337\000:\000\040\123\213\122\233\155\113\213\325\127\072\146\157\213\276\213\241\166\204\217\336\215\057\140\047\123\237\122\031}{section.4}% 34
\BOOKMARK [2][-]{Item.124}{\376\377\230\230\123\367\0003\200\003\133\337\000:\000\040\136\002\127\072\135\051\166\330\145\366\166\204\155\101\122\250\140\047\116\016\122\051\135\356\123\330\123\026}{section.4}% 35
\BOOKMARK [2][-]{Item.128}{\376\377\230\230\123\367\0004\200\003\133\337\000:\000\040\123\213\122\233\155\113\213\325\213\276\213\241\116\055\166\204\217\336\215\057\140\047\123\237\122\031}{section.4}% 36
\BOOKMARK [2][-]{Item.132}{\376\377\230\230\123\367\0005\200\003\133\337\000:\000\040\123\213\122\233\155\113\213\325\116\055\116\015\124\014\215\067\153\076\174\173\127\213\133\371\131\061\116\032\163\207\166\204\145\117\141\037\136\246}{section.4}% 37
