\BOOKMARK [1][-]{section.1}{\376\377\200\003\160\271\0001\000:\230\204\213\146\143\007\150\007}{}% 1
\BOOKMARK [2][-]{Item.4}{\376\377\230\230\123\367\0001\200\003\133\337\000:\000\040\230\204\213\146\143\007\150\007\226\010\120\074\150\041\121\306}{section.1}% 2
\BOOKMARK [2][-]{Item.8}{\376\377\230\230\123\367\0002\200\003\133\337\000:\000\040\230\204\213\146\143\007\150\007\162\171\137\201\122\006\147\220}{section.1}% 3
\BOOKMARK [2][-]{Item.12}{\376\377\230\230\123\367\0003\200\003\133\337\000:\000\040\230\204\213\146\143\007\150\007\226\010\120\074\150\041\121\306}{section.1}% 4
\BOOKMARK [1][-]{section.2}{\376\377\200\003\160\271\0002\000:\145\345\121\205\155\101\122\250\140\047\230\316\226\151\173\241\164\006}{}% 5
\BOOKMARK [2][-]{Item.16}{\376\377\230\230\123\367\0001\200\003\133\337\000:\000\040\145\345\225\364\155\101\122\250\140\047\173\241\164\006\122\006\147\220}{section.2}% 6
\BOOKMARK [2][-]{Item.20}{\376\377\230\230\123\367\0002\200\003\133\337\000:\000\040\224\366\210\114\154\273\164\006\176\323\147\204\122\006\147\220}{section.2}% 7
\BOOKMARK [2][-]{Item.24}{\376\377\230\230\123\367\0003\200\003\133\337\000:\000\040\145\345\225\364\155\101\122\250\140\047\230\316\226\151\173\241\164\006}{section.2}% 8
\BOOKMARK [2][-]{Item.28}{\376\377\230\230\123\367\0004\200\003\133\337\000:\000\040\145\345\225\364\155\101\122\250\140\047\143\007\150\007\122\006\147\220}{section.2}% 9
\BOOKMARK [2][-]{Item.32}{\376\377\230\230\123\367\0005\200\003\133\337\000:\000\040\145\345\225\364\155\101\122\250\140\047\117\177\165\050\122\006\147\220}{section.2}% 10
\BOOKMARK [1][-]{section.3}{\376\377\200\003\160\271\0003\000:\155\101\122\250\140\047\123\213\122\233\155\113\213\325}{}% 11
\BOOKMARK [2][-]{Item.36}{\376\377\230\230\123\367\0001\200\003\133\337\000:\000\040\133\130\153\076\155\101\121\372\210\114\116\072\122\006\147\220}{section.3}% 12
\BOOKMARK [2][-]{Item.40}{\376\377\230\230\123\367\0002\200\003\133\337\000:\000\040\155\101\122\250\140\047\174\173\127\213\122\006\147\220}{section.3}% 13
\BOOKMARK [1][-]{section.4}{\376\377\200\003\160\271\0004\000:\155\101\122\250\140\047\230\316\226\151\142\245\124\112}{}% 14
\BOOKMARK [2][-]{Item.44}{\376\377\230\230\123\367\0001\200\003\133\337\000:\000\040\155\101\122\250\140\047\123\213\122\233\155\113\213\325\122\006\147\220}{section.4}% 15
\BOOKMARK [1][-]{section.5}{\376\377\200\003\160\271\0005\000:\136\224\140\045\215\104\221\321\211\304\122\022}{}% 16
\BOOKMARK [2][-]{Item.48}{\376\377\230\230\123\367\0001\200\003\133\337\000:\000\040\136\224\140\045\207\215\215\104\213\241\122\022\154\273\164\006}{section.5}% 17
\BOOKMARK [2][-]{Item.52}{\376\377\230\230\123\367\0002\200\003\133\337\000:\000\040\123\213\122\233\140\305\121\265\136\224\133\371\143\252\145\275}{section.5}% 18
\BOOKMARK [2][-]{Item.56}{\376\377\230\230\123\367\0003\200\003\133\337\000:\000\040\136\224\140\045\207\215\215\104\213\241\122\022\123\107\176\247}{section.5}% 19
\BOOKMARK [2][-]{Item.60}{\376\377\230\230\123\367\0004\200\003\133\337\000:\000\040\136\224\140\045\207\215\215\104\213\241\122\022\213\276\213\241}{section.5}% 20
\BOOKMARK [2][-]{Item.64}{\376\377\230\230\123\367\0005\200\003\133\337\000:\000\040\136\224\140\045\207\215\215\104\213\241\122\022\213\276\213\241\200\003\206\121\126\340\175\040}{section.5}% 21
