\BOOKMARK [1][-]{section.1}{\376\377\000L\000i\000q\000u\000i\000d\000i\000t\000y\000\040\000R\000i\000s\000k\000\040\000A\000n\000d\000\040\000L\000e\000v\000e\000r\000a\000g\000e}{}% 1
\BOOKMARK [2][-]{subsection.1.1}{\376\377\000I\000n\000t\000r\000o\000d\000u\000c\000t\000i\000o\000n\000\040\000t\000o\000\040\000l\000i\000q\000u\000i\000d\000i\000t\000y\000\040\000r\000i\000s\000k}{section.1}% 2
\BOOKMARK [3][-]{subsubsection.1.1.1}{\376\377\000S\000o\000u\000r\000c\000e\000s\000\040\000o\000f\000\040\000l\000i\000q\000u\000i\000d\000i\000t\000y\000\040\000r\000i\000s\000k}{subsection.1.1}% 3
\BOOKMARK [3][-]{subsubsection.1.1.2}{\376\377\000M\000e\000a\000s\000u\000r\000i\000n\000g\000\040\000m\000a\000r\000k\000e\000t\000\040\000l\000i\000q\000u\000i\000d\000i\000t\000y}{subsection.1.1}% 4
\BOOKMARK [3][-]{subsubsection.1.1.3}{\376\377\000F\000u\000n\000d\000i\000n\000g\000\040\000l\000i\000q\000u\000i\000d\000i\000t\000y\000\040\000r\000i\000s\000k}{subsection.1.1}% 5
\BOOKMARK [3][-]{subsubsection.1.1.4}{\376\377\000C\000a\000s\000e\000\040\000o\000f\000\040\000N\000o\000r\000t\000h\000e\000r\000n\000\040\000R\000o\000c\000k}{subsection.1.1}% 6
\BOOKMARK [3][-]{subsubsection.1.1.5}{\376\377\000C\000a\000s\000e\000\040\000o\000f\000\040\000A\000s\000h\000a\000n\000t\000i\000\040\000G\000o\000l\000d\000f\000i\000e\000l\000d\000s}{subsection.1.1}% 7
\BOOKMARK [3][-]{subsubsection.1.1.6}{\376\377\000C\000a\000s\000e\000\040\000o\000f\000\040\000M\000e\000t\000a\000l\000l\000g\000e\000s\000e\000l\000l\000s\000c\000h\000a\000f\000t}{subsection.1.1}% 8
\BOOKMARK [2][-]{subsection.1.2}{\376\377\000l\000i\000q\000u\000i\000d\000i\000t\000y\000\040\000c\000h\000a\000l\000l\000e\000n\000g\000e\000s}{section.1}% 9
\BOOKMARK [3][-]{subsubsection.1.2.1}{\376\377\000C\000h\000a\000l\000l\000e\000n\000g\000e\000s\000\040\000f\000a\000c\000e\000d\000\040\000b\000y\000\040\000d\000i\000f\000f\000e\000r\000e\000n\000t\000\040\000i\000n\000s\000t\000i\000t\000u\000t\000i\000o\000n\000s}{subsection.1.2}% 10
\BOOKMARK [3][-]{subsubsection.1.2.2}{\376\377\000S\000o\000u\000r\000c\000e\000s\000\040\000o\000f\000\040\000L\000i\000q\000u\000i\000d\000i\000t\000y}{subsection.1.2}% 11
\BOOKMARK [3][-]{subsubsection.1.2.3}{\376\377\000R\000e\000g\000u\000l\000a\000t\000i\000o\000n\000s}{subsection.1.2}% 12
\BOOKMARK [3][-]{subsubsection.1.2.4}{\376\377\000L\000i\000q\000u\000i\000d\000i\000t\000y\000\040\000b\000l\000a\000c\000k\000\040\000h\000o\000l\000e\000s}{subsection.1.2}% 13
\BOOKMARK [3][-]{subsubsection.1.2.5}{\376\377\000P\000o\000s\000i\000t\000i\000v\000e\000\040\000a\000n\000d\000\040\000n\000e\000g\000a\000t\000i\000v\000e\000\040\000f\000e\000e\000d\000b\000a\000c\000k\000\040\000t\000r\000a\000d\000e\000r\000s}{subsection.1.2}% 14
\BOOKMARK [3][-]{subsubsection.1.2.6}{\376\377\000R\000e\000a\000s\000o\000n\000s\000\040\000o\000f\000\040\000p\000o\000s\000i\000t\000i\000v\000e\000\040\000f\000e\000e\000d\000b\000a\000c\000k\000\040\000t\000r\000a\000d\000i\000n\000g}{subsection.1.2}% 15
\BOOKMARK [2][-]{subsection.1.3}{\376\377\000C\000o\000l\000l\000a\000t\000e\000r\000a\000l\000\040\000a\000n\000d\000\040\000l\000e\000v\000e\000r\000a\000g\000e}{section.1}% 16
\BOOKMARK [3][-]{subsubsection.1.3.1}{\376\377\000C\000o\000l\000l\000a\000t\000e\000r\000a\000l\000\040\000m\000a\000r\000k\000e\000t}{subsection.1.3}% 17
\BOOKMARK [3][-]{subsubsection.1.3.2}{\376\377\000L\000e\000v\000e\000r\000a\000g\000e}{subsection.1.3}% 18
\BOOKMARK [3][-]{subsubsection.1.3.3}{\376\377\000L\000e\000v\000e\000r\000a\000g\000e\000:\000\040\000m\000a\000r\000g\000i\000n\000\040\000l\000o\000a\000n\000s}{subsection.1.3}% 19
\BOOKMARK [3][-]{subsubsection.1.3.4}{\376\377\000L\000e\000v\000e\000r\000a\000g\000e\000:\000\040\000s\000h\000o\000r\000t\000\040\000p\000o\000s\000i\000t\000i\000o\000n\000s}{subsection.1.3}% 20
\BOOKMARK [3][-]{subsubsection.1.3.5}{\376\377\000L\000e\000v\000e\000r\000a\000g\000e\000:\000\040\000d\000e\000r\000i\000v\000a\000t\000i\000v\000e\000s}{subsection.1.3}% 21
\BOOKMARK [3][-]{subsubsection.1.3.6}{\376\377\000L\000e\000v\000e\000r\000a\000g\000e\000:\000\040\000s\000t\000r\000u\000c\000t\000u\000r\000e\000d\000\040\000c\000r\000e\000d\000i\000t}{subsection.1.3}% 22
\BOOKMARK [1][-]{section.2}{\376\377\000A\000s\000s\000e\000t\000\040\000L\000i\000a\000b\000i\000l\000i\000t\000y\000\040\000M\000a\000n\000a\000g\000e\000m\000e\000n\000t}{}% 23
\BOOKMARK [2][-]{subsection.2.1}{\376\377\000T\000h\000e\000\040\000I\000n\000v\000e\000s\000t\000m\000e\000n\000t\000\040\000a\000n\000d\000\040\000d\000e\000a\000l\000e\000r\000\040\000F\000u\000n\000c\000t\000i\000o\000n\000\040\000I\000n\000\040\000F\000i\000n\000a\000n\000c\000i\000a\000l\000-\000s\000e\000r\000v\000i\000c\000e\000s\000\040\000M\000a\000n\000a\000g\000e\000m\000e\000n\000t\000\040\000C\000h\0004\000\046\0008}{section.2}% 24
\BOOKMARK [3][-]{subsubsection.2.1.1}{\376\377\000I\000n\000v\000e\000s\000t\000m\000e\000n\000t\000s\000:\000\040\000t\000h\000e\000\040\000c\000r\000o\000s\000s\000r\000o\000a\000d\000s\000\040\000a\000c\000c\000o\000u\000n\000t}{subsection.2.1}% 25
\BOOKMARK [3][-]{subsubsection.2.1.2}{\376\377\000I\000n\000v\000e\000s\000t\000m\000e\000n\000t\000\040\000i\000n\000s\000t\000r\000u\000m\000e\000n\000t\000s}{subsection.2.1}% 26
\BOOKMARK [3][-]{subsubsection.2.1.3}{\376\377\000M\000o\000n\000e\000y\000\040\000m\000a\000r\000k\000e\000t\000\040\000i\000n\000v\000e\000s\000t\000m\000e\000n\000t\000\040\000i\000n\000s\000t\000r\000u\000m\000e\000n\000t\000s}{subsection.2.1}% 27
\BOOKMARK [3][-]{subsubsection.2.1.4}{\376\377\000F\000a\000c\000t\000o\000r\000s\000\040\000a\000f\000f\000e\000c\000t\000i\000n\000g\000\040\000c\000h\000o\000i\000c\000e\000\040\000o\000f\000\040\000i\000n\000v\000e\000s\000t\000m\000e\000n\000t\000\040\000s\000e\000c\000u\000r\000i\000t\000i\000e\000s}{subsection.2.1}% 28
\BOOKMARK [3][-]{subsubsection.2.1.5}{\376\377\000I\000n\000v\000e\000s\000t\000m\000e\000n\000t\000\040\000m\000a\000t\000u\000r\000i\000t\000y\000\040\000s\000t\000r\000a\000t\000e\000g\000i\000e\000s}{subsection.2.1}% 29
\BOOKMARK [3][-]{subsubsection.2.1.6}{\376\377\000M\000a\000t\000u\000r\000i\000t\000y\000\040\000m\000a\000n\000a\000g\000e\000m\000e\000n\000t\000\040\000t\000o\000o\000l\000s}{subsection.2.1}% 30
\BOOKMARK [3][-]{subsubsection.2.1.7}{\376\377\000M\000a\000j\000o\000r\000\040\000l\000i\000n\000e\000s\000\040\000o\000f\000\040\000b\000u\000s\000i\000n\000e\000s\000s\000\040\000o\000f\000\040\000d\000e\000a\000l\000e\000r\000\040\000b\000a\000n\000k\000s}{subsection.2.1}% 31
\BOOKMARK [3][-]{subsubsection.2.1.8}{\376\377\000F\000a\000i\000l\000u\000r\000e\000\040\000m\000e\000c\000h\000a\000n\000i\000s\000m\000s}{subsection.2.1}% 32
\BOOKMARK [3][-]{subsubsection.2.1.9}{\376\377\000P\000o\000l\000i\000c\000y\000\040\000r\000e\000s\000p\000o\000n\000s\000e\000s\000\040\000t\000o\000\040\000a\000l\000l\000e\000v\000i\000a\000t\000e\000\040\000d\000e\000a\000l\000e\000r\000'\000s\000\040\000r\000i\000s\000k}{subsection.2.1}% 33
\BOOKMARK [2][-]{subsection.2.2}{\376\377\000M\000a\000n\000a\000g\000i\000n\000g\000\040\000D\000e\000p\000o\000s\000i\000t\000\040\000S\000e\000r\000v\000i\000c\000e\000s\000\040\000a\000n\000d\000\040\000N\000o\000n\000-\000d\000e\000p\000o\000s\000i\000t\000\040\000L\000i\000a\000b\000i\000l\000i\000t\000i\000e\000s\000\040\000C\000h\0001\0002\000\046\000\040\0001\0003}{section.2}% 34
\BOOKMARK [3][-]{subsubsection.2.2.1}{\376\377\000D\000e\000p\000o\000s\000i\000t\000\040\000S\000e\000r\000v\000i\000c\000e\000s}{subsection.2.2}% 35
\BOOKMARK [3][-]{subsubsection.2.2.2}{\376\377\000D\000e\000p\000o\000s\000i\000t\000\040\000t\000y\000p\000e\000s}{subsection.2.2}% 36
\BOOKMARK [3][-]{subsubsection.2.2.3}{\376\377\000T\000r\000a\000n\000s\000a\000c\000t\000i\000o\000n\000\040\000d\000e\000p\000o\000s\000i\000t\000s}{subsection.2.2}% 37
\BOOKMARK [3][-]{subsubsection.2.2.4}{\376\377\000N\000o\000n\000-\000t\000r\000a\000n\000s\000a\000c\000t\000i\000o\000n\000\040\000d\000e\000p\000o\000s\000i\000t\000s}{subsection.2.2}% 38
\BOOKMARK [3][-]{subsubsection.2.2.5}{\376\377\000P\000r\000i\000c\000i\000n\000g\000\040\000D\000e\000p\000o\000s\000i\000t\000s}{subsection.2.2}% 39
\BOOKMARK [3][-]{subsubsection.2.2.6}{\376\377\000D\000e\000p\000o\000s\000i\000t\000s\000\040\000a\000n\000d\000\040\000D\000e\000p\000o\000s\000i\000t\000\040\000S\000e\000r\000v\000i\000c\000e\000s\000\040\000P\000r\000i\000c\000i\000n\000g\000\040\000M\000e\000t\000h\000o\000d\000s}{subsection.2.2}% 40
\BOOKMARK [3][-]{subsubsection.2.2.7}{\376\377\000D\000e\000p\000o\000s\000i\000t\000s\000\040\000P\000r\000i\000c\000i\000n\000g\000\040\000M\000e\000t\000h\000o\000d\000s}{subsection.2.2}% 41
\BOOKMARK [3][-]{subsubsection.2.2.8}{\376\377\000D\000e\000p\000o\000s\000i\000t\000\040\000S\000e\000r\000v\000i\000c\000e\000s\000\040\000P\000r\000i\000c\000i\000n\000g\000\040\000M\000e\000t\000h\000o\000d\000s}{subsection.2.2}% 42
\BOOKMARK [3][-]{subsubsection.2.2.9}{\376\377\000O\000v\000e\000r\000d\000r\000a\000f\000t\000\040\000p\000r\000o\000t\000e\000c\000t\000i\000o\000n}{subsection.2.2}% 43
\BOOKMARK [3][-]{subsubsection.2.2.10}{\376\377\000B\000a\000s\000i\000c\000\040\000\050\000L\000i\000f\000e\000l\000i\000n\000e\000\051\000\040\000B\000a\000n\000k\000i\000n\000g}{subsection.2.2}% 44
\BOOKMARK [3][-]{subsubsection.2.2.11}{\376\377\000P\000r\000a\000c\000t\000i\000c\000e\000s}{subsection.2.2}% 45
\BOOKMARK [3][-]{subsubsection.2.2.12}{\376\377\000S\000o\000u\000r\000c\000e\000s\000\040\000o\000f\000\040\000N\000o\000n\000-\000d\000e\000p\000o\000s\000i\000t\000\040\000L\000i\000a\000b\000i\000l\000i\000t\000i\000e\000s}{subsection.2.2}% 46
\BOOKMARK [3][-]{subsubsection.2.2.13}{\376\377\000N\000o\000n\000-\000d\000e\000p\000o\000s\000i\000t\000\040\000F\000u\000n\000d\000i\000n\000g\000\040\000C\000h\000o\000i\000c\000e}{subsection.2.2}% 47
\BOOKMARK [3][-]{subsubsection.2.2.14}{\376\377\000A\000v\000a\000i\000l\000a\000b\000l\000e\000\040\000F\000u\000n\000d\000s\000\040\000G\000a\000p\000\040\000\050\000A\000F\000G\000\051}{subsection.2.2}% 48
\BOOKMARK [3][-]{subsubsection.2.2.15}{\376\377\000F\000a\000c\000t\000o\000r\000s\000\040\000o\000f\000\040\000c\000h\000o\000o\000s\000i\000n\000g\000\040\000a\000l\000t\000e\000r\000n\000a\000t\000i\000v\000e\000\040\000n\000o\000n\000-\000d\000e\000p\000o\000s\000i\000t\000\040\000s\000o\000u\000r\000c\000e\000s}{subsection.2.2}% 49
\BOOKMARK [3][-]{subsubsection.2.2.16}{\376\377\000O\000v\000e\000r\000a\000l\000l\000\040\000c\000o\000s\000t\000\040\000o\000f\000\040\000f\000u\000n\000d\000s\000\040\000c\000a\000l\000c\000u\000l\000a\000t\000i\000o\000n}{subsection.2.2}% 50
\BOOKMARK [2][-]{subsection.2.3}{\376\377\000R\000e\000p\000o\000s\000\040\000A\000n\000d\000\040\000F\000i\000n\000a\000n\000c\000i\000n\000g\000\040\000C\000h\0001\0004}{section.2}% 51
\BOOKMARK [3][-]{subsubsection.2.3.1}{\376\377\000R\000e\000p\000u\000r\000c\000h\000a\000s\000e\000\040\000A\000g\000r\000e\000e\000m\000e\000n\000t\000s\000\040\000I\000n\000t\000r\000o\000d\000u\000c\000t\000i\000o\000n}{subsection.2.3}% 52
\BOOKMARK [3][-]{subsubsection.2.3.2}{\376\377\000R\000e\000p\000u\000r\000c\000h\000a\000s\000e\000\040\000A\000g\000r\000e\000e\000m\000e\000n\000t\000s\000\040\000c\000a\000l\000c\000u\000l\000a\000t\000i\000o\000n}{subsection.2.3}% 53
\BOOKMARK [3][-]{subsubsection.2.3.3}{\376\377\000E\000x\000a\000m\000p\000l\000e}{subsection.2.3}% 54
\BOOKMARK [3][-]{subsubsection.2.3.4}{\376\377\000C\000o\000m\000m\000o\000n\000\040\000m\000o\000t\000i\000v\000a\000t\000i\000o\000n\000s\000\040\000f\000o\000r\000\040\000i\000n\000v\000e\000s\000t\000i\000n\000g\000\040\000r\000e\000p\000o}{subsection.2.3}% 55
\BOOKMARK [3][-]{subsubsection.2.3.5}{\376\377\000R\000i\000s\000k\000\040\000f\000o\000r\000\040\000e\000n\000t\000e\000r\000i\000n\000g\000\040\000r\000e\000p\000o}{subsection.2.3}% 56
\BOOKMARK [3][-]{subsubsection.2.3.6}{\376\377\000R\000e\000p\000o\000\040\000F\000i\000n\000a\000n\000c\000i\000n\000g\000\040\000a\000n\000d\000\040\000t\000h\000e\000\040\000C\000o\000l\000l\000a\000p\000s\000e\000\040\000o\000f\000\040\000B\000e\000a\000r\000\040\000S\000t\000e\000a\000r\000n\000s}{subsection.2.3}% 57
\BOOKMARK [3][-]{subsubsection.2.3.7}{\376\377\000R\000e\000p\000o\000\040\000F\000i\000n\000a\000n\000c\000i\000n\000g\000\040\000a\000n\000d\000\040\000t\000h\000e\000\040\000C\000o\000l\000l\000a\000p\000s\000e\000\040\000o\000f\000\040\000L\000e\000h\000m\000a\000n\000\040\000B\000r\000o\000t\000h\000e\000r\000s}{subsection.2.3}% 58
\BOOKMARK [3][-]{subsubsection.2.3.8}{\376\377\000G\000e\000n\000e\000r\000a\000l\000\040\000a\000n\000d\000\040\000s\000p\000e\000c\000i\000a\000l\000\040\000r\000e\000p\000o\000\040\000r\000a\000t\000e\000s}{subsection.2.3}% 59
\BOOKMARK [3][-]{subsubsection.2.3.9}{\376\377\000S\000p\000e\000c\000i\000a\000l\000\040\000s\000p\000r\000e\000a\000d\000s\000\040\000a\000n\000d\000\040\000a\000u\000c\000t\000i\000o\000n\000\040\000c\000y\000c\000l\000e}{subsection.2.3}% 60
\BOOKMARK [3][-]{subsubsection.2.3.10}{\376\377\000F\000i\000n\000a\000n\000c\000i\000n\000g\000\040\000V\000a\000l\000u\000e\000\040\000o\000f\000\040\000a\000\040\000B\000o\000n\000d\000\040\000T\000r\000a\000d\000i\000n\000g\000\040\000S\000p\000e\000c\000i\000a\000l\000\040\000i\000n\000\040\000R\000e\000p\000o}{subsection.2.3}% 61
\BOOKMARK [2][-]{subsection.2.4}{\376\377\000R\000i\000s\000k\000\040\000M\000a\000n\000a\000g\000e\000m\000e\000n\000t\000\040\000F\000o\000r\000\040\000c\000h\000a\000n\000g\000i\000n\000g\000\040\000I\000n\000t\000e\000r\000e\000s\000t\000\040\000R\000a\000t\000e\000s\000\040\000C\000h\0001\0008}{section.2}% 62
\BOOKMARK [3][-]{subsubsection.2.4.1}{\376\377\000A\000s\000s\000e\000t\000-\000l\000i\000a\000b\000i\000l\000i\000t\000y\000\040\000M\000a\000n\000a\000g\000e\000m\000e\000n\000t\000\040\000S\000t\000r\000a\000t\000e\000g\000y}{subsection.2.4}% 63
\BOOKMARK [3][-]{subsubsection.2.4.2}{\376\377\000T\000h\000e\000\040\000i\000m\000p\000a\000c\000t\000\040\000o\000f\000\040\000i\000n\000t\000e\000r\000e\000s\000t\000\040\000r\000a\000t\000e\000\040\000r\000i\000s\000k}{subsection.2.4}% 64
\BOOKMARK [3][-]{subsubsection.2.4.3}{\376\377\000N\000e\000t\000\040\000i\000n\000t\000e\000r\000e\000s\000t\000\040\000m\000a\000r\000g\000i\000n}{subsection.2.4}% 65
\BOOKMARK [3][-]{subsubsection.2.4.4}{\376\377\000I\000n\000t\000e\000r\000e\000s\000t\000-\000S\000e\000n\000s\000i\000t\000i\000v\000e\000\040\000G\000a\000p\000\040\000m\000a\000n\000a\000g\000e\000m\000e\000n\000t}{subsection.2.4}% 66
\BOOKMARK [3][-]{subsubsection.2.4.5}{\376\377\000L\000i\000m\000i\000t\000a\000t\000i\000o\000n\000\040\000o\000f\000\040\000I\000n\000t\000e\000r\000e\000s\000t\000-\000s\000e\000n\000s\000i\000t\000i\000v\000e\000\040\000G\000a\000p\000\040\000m\000a\000n\000a\000g\000e\000m\000e\000n\000t}{subsection.2.4}% 67
\BOOKMARK [3][-]{subsubsection.2.4.6}{\376\377\000D\000u\000r\000a\000t\000i\000o\000n\000\040\000G\000a\000p\000\040\000m\000a\000n\000a\000g\000e\000m\000e\000n\000t}{subsection.2.4}% 68
\BOOKMARK [3][-]{subsubsection.2.4.7}{\376\377\000L\000i\000m\000i\000t\000a\000t\000i\000o\000n\000\040\000o\000f\000\040\000D\000u\000r\000a\000t\000i\000o\000n\000\040\000G\000a\000p\000\040\000m\000a\000n\000a\000g\000e\000m\000e\000n\000t}{subsection.2.4}% 69
\BOOKMARK [2][-]{subsection.2.5}{\376\377\000I\000l\000l\000i\000q\000u\000i\000d\000\040\000A\000s\000s\000e\000t\000\040\000C\000h\0001\0009}{section.2}% 70
\BOOKMARK [3][-]{subsubsection.2.5.1}{\376\377\000C\000h\000a\000r\000a\000c\000t\000e\000r\000i\000s\000t\000i\000c\000s\000\040\000o\000f\000\040\000i\000l\000l\000i\000q\000u\000i\000d\000\040\000m\000a\000r\000k\000e\000t\000s}{subsection.2.5}% 71
\BOOKMARK [3][-]{subsubsection.2.5.2}{\376\377\000I\000l\000l\000i\000q\000u\000i\000d\000\040\000a\000s\000s\000e\000t\000\040\000m\000a\000r\000k\000e\000t\000s}{subsection.2.5}% 72
\BOOKMARK [3][-]{subsubsection.2.5.3}{\376\377\000B\000i\000a\000s\000e\000s\000\040\000o\000n\000\040\000r\000e\000p\000o\000r\000t\000e\000d\000\040\000r\000e\000t\000u\000r\000n\000s}{subsection.2.5}% 73
\BOOKMARK [3][-]{subsubsection.2.5.4}{\376\377\000I\000l\000l\000i\000q\000u\000i\000d\000i\000t\000y\000\040\000r\000i\000s\000k\000\040\000p\000r\000e\000m\000i\000u\000m\000s}{subsection.2.5}% 74
\BOOKMARK [3][-]{subsubsection.2.5.5}{\376\377\000I\000l\000l\000i\000q\000u\000i\000d\000i\000t\000y\000\040\000r\000i\000s\000k\000\040\000p\000r\000e\000m\000i\000u\000m\000s\000\040\000a\000c\000r\000o\000s\000s\000\040\000a\000s\000s\000e\000t\000\040\000c\000l\000a\000s\000s\000e\000s}{subsection.2.5}% 75
\BOOKMARK [3][-]{subsubsection.2.5.6}{\376\377\000L\000i\000q\000u\000i\000d\000i\000t\000y\000\040\000p\000r\000o\000v\000i\000d\000i\000n\000g\000\040\000a\000c\000t\000i\000v\000i\000t\000i\000e\000s}{subsection.2.5}% 76
\BOOKMARK [3][-]{subsubsection.2.5.7}{\376\377\000P\000o\000r\000t\000f\000o\000l\000i\000o\000\040\000c\000h\000o\000i\000c\000e\000\040\000w\000i\000t\000h\000\040\000i\000l\000l\000i\000q\000u\000i\000d\000\040\000a\000s\000s\000e\000t\000s}{subsection.2.5}% 77
\BOOKMARK [1][-]{section.3}{\376\377\000L\000i\000q\000u\000i\000d\000i\000t\000y\000\040\000M\000a\000n\000a\000g\000e\000m\000e\000n\000t\000\040\000S\000t\000r\000a\000t\000e\000g\000i\000e\000s\000\040\000A\000n\000d\000\040\000M\000o\000d\000e\000l\000i\000n\000g}{}% 78
\BOOKMARK [2][-]{subsection.3.1}{\376\377\000L\000i\000q\000u\000i\000d\000i\000t\000y\000\040\000A\000n\000d\000\040\000R\000e\000s\000e\000r\000v\000e\000s\000\040\000M\000a\000n\000a\000g\000e\000m\000e\000n\000t\000:\000\040\000S\000t\000r\000a\000t\000e\000g\000i\000e\000s\000\040\000A\000n\000d\000\040\000P\000o\000l\000i\000c\000i\000e\000s\000\040\000C\000h\0005}{section.3}% 79
\BOOKMARK [3][-]{subsubsection.3.1.1}{\376\377\000T\000h\000e\000\040\000d\000e\000m\000a\000n\000d\000\040\000-\000\040\000s\000u\000p\000p\000l\000y\000\040\000f\000r\000a\000m\000e\000w\000o\000r\000k}{subsection.3.1}% 80
\BOOKMARK [3][-]{subsubsection.3.1.2}{\376\377\000S\000t\000r\000a\000t\000e\000g\000i\000e\000s\000\040\000f\000o\000r\000\040\000l\000i\000q\000u\000i\000d\000i\000t\000y\000\040\000m\000a\000n\000a\000g\000e\000m\000e\000n\000t}{subsection.3.1}% 81
\BOOKMARK [3][-]{subsubsection.3.1.3}{\376\377\000E\000s\000t\000i\000m\000a\000t\000i\000n\000g\000\040\000l\000i\000q\000u\000i\000d\000i\000t\000y\000\040\000n\000e\000e\000d\000s}{subsection.3.1}% 82
\BOOKMARK [3][-]{subsubsection.3.1.4}{\376\377\000E\000x\000a\000m\000p\000l\000e\000:\000\040\000T\000h\000e\000\040\000s\000t\000r\000u\000c\000t\000u\000r\000e\000\040\000o\000f\000\040\000f\000u\000n\000d\000s\000\040\000a\000p\000p\000r\000o\000a\000c\000h}{subsection.3.1}% 83
\BOOKMARK [3][-]{subsubsection.3.1.5}{\376\377\000E\000s\000t\000i\000m\000a\000t\000i\000n\000g\000\040\000l\000i\000q\000u\000i\000d\000i\000t\000y\000\040\000n\000e\000e\000d\000s}{subsection.3.1}% 84
\BOOKMARK [3][-]{subsubsection.3.1.6}{\376\377\000E\000x\000a\000m\000p\000l\000e\000:\000\040\000r\000e\000f\000i\000n\000e\000\040\000t\000h\000e\000\040\000s\000t\000r\000u\000c\000t\000u\000r\000e\000\040\000o\000f\000\040\000f\000u\000n\000d\000s\000\040\000a\000p\000p\000r\000o\000a\000c\000h}{subsection.3.1}% 85
\BOOKMARK [3][-]{subsubsection.3.1.7}{\376\377\000E\000s\000t\000i\000m\000a\000t\000i\000n\000g\000\040\000l\000i\000q\000u\000i\000d\000i\000t\000y\000\040\000n\000e\000e\000d\000s}{subsection.3.1}% 86
\BOOKMARK [3][-]{subsubsection.3.1.8}{\376\377\000L\000e\000g\000a\000l\000\040\000r\000e\000s\000e\000r\000v\000e}{subsection.3.1}% 87
\BOOKMARK [2][-]{subsection.3.2}{\376\377\000M\000o\000n\000i\000t\000o\000r\000i\000n\000g\000\040\000L\000i\000q\000u\000i\000d\000i\000t\000y\000\040\000C\000h\0007}{section.3}% 88
\BOOKMARK [3][-]{subsubsection.3.2.1}{\376\377\000L\000i\000q\000u\000i\000d\000i\000t\000y\000\040\000o\000p\000t\000i\000o\000n\000s}{subsection.3.2}% 89
\BOOKMARK [3][-]{subsubsection.3.2.2}{\376\377\000L\000i\000q\000u\000i\000d\000i\000t\000y\000\040\000o\000p\000t\000i\000o\000n\000s\000\040\000E\000x\000a\000m\000p\000l\000e\000s\000:}{subsection.3.2}% 90
\BOOKMARK [3][-]{subsubsection.3.2.3}{\376\377\000I\000m\000p\000a\000c\000t\000\040\000o\000f\000\040\000l\000i\000q\000u\000i\000d\000i\000t\000y\000\040\000o\000p\000t\000i\000o\000n\000s}{subsection.3.2}% 91
\BOOKMARK [3][-]{subsubsection.3.2.4}{\376\377\000A\000\040\000t\000a\000x\000o\000n\000o\000m\000y\000\040\000o\000f\000\040\000c\000a\000s\000h\000\040\000f\000l\000o\000w\000s}{subsection.3.2}% 92
\BOOKMARK [3][-]{subsubsection.3.2.5}{\376\377\000T\000e\000r\000m\000\040\000s\000t\000r\000u\000c\000t\000u\000r\000e\000\040\000o\000f\000\040\000e\000x\000p\000e\000c\000t\000e\000d\000\040\000c\000a\000s\000h\000\040\000f\000l\000o\000w\000s\000\040\000\050\000T\000S\000E\000C\000F\000\051\000:}{subsection.3.2}% 93
\BOOKMARK [3][-]{subsubsection.3.2.6}{\376\377\000T\000e\000r\000m\000\040\000s\000t\000r\000u\000c\000t\000u\000r\000e\000\040\000o\000f\000\040\000e\000x\000p\000e\000c\000t\000e\000d\000\040\000c\000u\000m\000u\000l\000a\000t\000e\000d\000\040\000c\000a\000s\000h\000\040\000f\000l\000o\000w\000s\000\040\000\050\000T\000S\000E\000C\000C\000F\000\051\000:}{subsection.3.2}% 94
\BOOKMARK [3][-]{subsubsection.3.2.7}{\376\377\000E\000x\000a\000m\000p\000l\000e\000:\000\040\000T\000S\000E\000C\000F\000\040\000\046\000\040\000T\000S\000E\000C\000C\000F}{subsection.3.2}% 95
\BOOKMARK [3][-]{subsubsection.3.2.8}{\376\377\000L\000i\000q\000u\000i\000d\000i\000t\000y\000\040\000g\000e\000n\000e\000r\000a\000t\000i\000o\000n\000\040\000c\000a\000p\000a\000c\000i\000t\000y\000\040\000\050\000L\000G\000C\000\051}{subsection.3.2}% 96
\BOOKMARK [3][-]{subsubsection.3.2.9}{\376\377\000T\000h\000e\000\040\000t\000e\000r\000m\000\040\000s\000t\000r\000u\000c\000t\000u\000r\000e\000\040\000o\000f\000\040\000L\000G\000C\000\040\000\050\000T\000S\000L\000G\000C\000\051}{subsection.3.2}% 97
\BOOKMARK [3][-]{subsubsection.3.2.10}{\376\377\000E\000x\000a\000m\000p\000l\000e\000:\000\040\000T\000S\000L\000G\000C\000\040\000\046\000\040\000T\000E\000C\000L\000G\000C}{subsection.3.2}% 98
\BOOKMARK [3][-]{subsubsection.3.2.11}{\376\377\000T\000h\000e\000\040\000t\000e\000r\000m\000\040\000s\000t\000r\000u\000c\000t\000u\000r\000e\000\040\000o\000f\000\040\000e\000x\000p\000e\000c\000t\000e\000d\000\040\000l\000i\000q\000u\000i\000d\000i\000t\000y\000\040\000\050\000T\000S\000L\000e\000\051}{subsection.3.2}% 99
\BOOKMARK [3][-]{subsubsection.3.2.12}{\376\377\000E\000x\000a\000m\000p\000l\000e\000:\000\040\000T\000S\000L\000e}{subsection.3.2}% 100
\BOOKMARK [3][-]{subsubsection.3.2.13}{\376\377\000T\000h\000e\000\040\000t\000e\000r\000m\000\040\000s\000t\000r\000u\000c\000t\000u\000r\000e\000\040\000o\000f\000\040\000a\000v\000a\000i\000l\000a\000b\000l\000e\000\040\000a\000s\000s\000e\000t\000s\000\040\000\050\000T\000S\000A\000A\000\051}{subsection.3.2}% 101
\BOOKMARK [3][-]{subsubsection.3.2.14}{\376\377\000T\000r\000a\000n\000s\000a\000c\000t\000i\000o\000n\000s\000\040\000a\000f\000f\000e\000c\000t\000\040\000T\000E\000S\000C\000F\000/\000T\000S\000A\000A\000/\000T\000S\000L\000G\000C}{subsection.3.2}% 102
\BOOKMARK [3][-]{subsubsection.3.2.15}{\376\377\000C\000a\000s\000h\000\040\000f\000l\000o\000w\000s\000\040\000a\000t\000\040\000r\000i\000s\000k\000\040\000\050\000c\000f\000a\000R\000\051\000:}{subsection.3.2}% 103
\BOOKMARK [3][-]{subsubsection.3.2.16}{\376\377\000M\000o\000n\000i\000t\000o\000r\000i\000n\000g\000\040\000l\000i\000q\000u\000i\000d\000i\000t\000y\000\040\000f\000r\000a\000m\000e\000w\000o\000r\000k\000\040\000s\000u\000m\000m\000a\000r\000y}{subsection.3.2}% 104
\BOOKMARK [2][-]{subsection.3.3}{\376\377\000L\000i\000q\000u\000i\000d\000i\000t\000y\000\040\000T\000r\000a\000n\000s\000f\000e\000r\000\040\000P\000r\000i\000c\000i\000n\000g\000:\000\040\000A\000\040\000G\000u\000i\000d\000e\000\040\000B\000e\000t\000t\000e\000r\000\040\000P\000r\000a\000c\000t\000i\000c\000e\000\040\000C\000h\0001\0005}{section.3}% 105
\BOOKMARK [3][-]{subsubsection.3.3.1}{\376\377\000I\000n\000t\000r\000o\000d\000u\000c\000t\000i\000o\000n\000\040\000o\000f\000\040\000L\000T\000P}{subsection.3.3}% 106
\BOOKMARK [3][-]{subsubsection.3.3.2}{\376\377\000P\000r\000o\000c\000e\000s\000s\000\040\000o\000f\000\040\000L\000T\000P}{subsection.3.3}% 107
\BOOKMARK [3][-]{subsubsection.3.3.3}{\376\377\000B\000e\000s\000t\000\040\000P\000r\000a\000c\000t\000i\000c\000e\000s\000\040\000f\000o\000r\000\040\000L\000T\000P\000\040\000P\000r\000o\000c\000e\000s\000s}{subsection.3.3}% 108
\BOOKMARK [3][-]{subsubsection.3.3.4}{\376\377\000C\000h\000a\000l\000l\000e\000n\000g\000e\000s\000\040\000i\000n\000\040\000L\000T\000P\000\040\000I\000m\000p\000l\000e\000m\000e\000n\000t\000a\000t\000i\000o\000n}{subsection.3.3}% 109
\BOOKMARK [3][-]{subsubsection.3.3.5}{\376\377\000A\000p\000p\000r\000o\000a\000c\000h\000e\000s\000\040\000o\000f\000\040\000L\000T\000P}{subsection.3.3}% 110
\BOOKMARK [3][-]{subsubsection.3.3.6}{\376\377\000C\000o\000n\000t\000i\000n\000g\000e\000n\000t\000\040\000L\000i\000q\000u\000i\000d\000i\000t\000y\000\040\000R\000i\000s\000k\000\040\000P\000r\000i\000c\000i\000n\000g}{subsection.3.3}% 111
\BOOKMARK [3][-]{subsubsection.3.3.7}{\376\377\000C\000o\000n\000t\000i\000n\000g\000e\000n\000t\000\040\000l\000i\000q\000u\000i\000d\000i\000t\000y\000\040\000r\000i\000s\000k\000\040\000p\000r\000i\000c\000i\000n\000g\000\040\000p\000r\000o\000c\000e\000s\000s}{subsection.3.3}% 112
\BOOKMARK [3][-]{subsubsection.3.3.8}{\376\377\000C\000o\000n\000t\000i\000n\000g\000e\000n\000t\000\040\000l\000i\000q\000u\000i\000d\000i\000t\000y\000\040\000r\000i\000s\000k\000\040\000p\000r\000i\000c\000i\000n\000g\000\040\000c\000a\000l\000c\000u\000l\000a\000t\000i\000o\000n}{subsection.3.3}% 113
\BOOKMARK [2][-]{subsection.3.4}{\376\377\000U\000S\000\040\000d\000o\000l\000l\000a\000r\000\040\000S\000h\000o\000r\000t\000a\000g\000e\000\040\000a\000n\000d\000\040\000C\000o\000v\000e\000r\000e\000d\000\040\000I\000n\000t\000e\000r\000e\000s\000t\000\040\000P\000a\000r\000i\000t\000y\000\040\000l\000o\000s\000t\000\040\000C\000h\000\040\0001\0006\000\040\000\046\000\040\0001\0007}{section.3}% 114
\BOOKMARK [3][-]{subsubsection.3.4.1}{\376\377\000C\000o\000v\000e\000r\000e\000d\000\040\000I\000n\000t\000e\000r\000e\000s\000t\000\040\000P\000a\000r\000i\000t\000y}{subsection.3.4}% 115
\BOOKMARK [3][-]{subsubsection.3.4.2}{\376\377\000F\000X\000\040\000S\000w\000a\000p\000s\000\040\000v\000s\000.\000\040\000C\000r\000o\000s\000s\000-\000c\000u\000r\000r\000e\000n\000c\000y\000\040\000S\000w\000a\000p\000s}{subsection.3.4}% 116
\BOOKMARK [3][-]{subsubsection.3.4.3}{\376\377\000I\000n\000t\000r\000o\000d\000u\000c\000t\000i\000o\000n\000\040\000o\000f\000\040\000C\000r\000o\000s\000s\000-\000C\000u\000r\000r\000e\000n\000c\000y\000\040\000B\000a\000s\000i\000s}{subsection.3.4}% 117
\BOOKMARK [3][-]{subsubsection.3.4.4}{\376\377\000T\000h\000e\000\040\000v\000i\000o\000l\000a\000t\000i\000o\000n\000\040\000o\000f\000\040\000C\000I\000P}{subsection.3.4}% 118
\BOOKMARK [3][-]{subsubsection.3.4.5}{\376\377\000C\000a\000u\000s\000e\000s\000\040\000O\000f\000\040\000C\000I\000P\000\040\000V\000i\000o\000l\000a\000t\000i\000o\000n}{subsection.3.4}% 119
\BOOKMARK [3][-]{subsubsection.3.4.6}{\376\377\000D\000e\000m\000a\000n\000d\000\040\000f\000o\000r\000\040\000c\000u\000r\000r\000e\000n\000c\000y\000\040\000h\000e\000d\000g\000e\000s}{subsection.3.4}% 120
\BOOKMARK [3][-]{subsubsection.3.4.7}{\376\377\000N\000e\000w\000\040\000c\000o\000n\000s\000t\000r\000a\000i\000n\000t\000s\000\040\000o\000n\000\040\000a\000r\000b\000i\000t\000r\000a\000g\000e\000\040\000a\000c\000t\000i\000v\000i\000t\000y}{subsection.3.4}% 121
\BOOKMARK [3][-]{subsubsection.3.4.8}{\376\377\000B\000a\000c\000k\000g\000r\000o\000u\000n\000d\000\040\000i\000n\000t\000r\000o\000d\000u\000c\000t\000i\000o\000n}{subsection.3.4}% 122
\BOOKMARK [3][-]{subsubsection.3.4.9}{\376\377\000M\000a\000t\000u\000r\000i\000t\000y\000/\000c\000u\000r\000r\000e\000n\000c\000y\000\040\000t\000r\000a\000n\000s\000f\000o\000r\000m\000a\000t\000i\000o\000n}{subsection.3.4}% 123
\BOOKMARK [3][-]{subsubsection.3.4.10}{\376\377\000C\000a\000u\000s\000e\000s\000\040\000o\000f\000\040\000t\000h\000e\000\040\000s\000h\000o\000r\000t\000a\000g\000e\000\040\000o\000f\000\040\000U\000S\000\040\000d\000o\000l\000l\000a\000r\000s}{subsection.3.4}% 124
\BOOKMARK [3][-]{subsubsection.3.4.11}{\376\377\000T\000h\000e\000\040\000i\000n\000t\000e\000r\000n\000a\000t\000i\000o\000n\000a\000l\000\040\000p\000o\000l\000i\000c\000y\000\040\000r\000e\000s\000p\000o\000n\000s\000e}{subsection.3.4}% 125
\BOOKMARK [1][-]{section.4}{\376\377\000L\000i\000q\000u\000i\000d\000i\000t\000y\000\040\000R\000i\000s\000k\000\040\000M\000a\000n\000a\000g\000e\000m\000e\000n\000t\000\040\000T\000o\000o\000l\000s}{}% 126
\BOOKMARK [2][-]{subsection.4.1}{\376\377\000E\000a\000r\000l\000y\000\040\000W\000a\000r\000n\000i\000n\000g\000\040\000I\000n\000d\000i\000c\000a\000t\000o\000r\000s\000\040\000c\000h\000a\000p\0003}{section.4}% 127
\BOOKMARK [3][-]{subsubsection.4.1.1}{\376\377\000D\000e\000f\000i\000n\000i\000t\000i\000o\000n}{subsection.4.1}% 128
\BOOKMARK [3][-]{subsubsection.4.1.2}{\376\377\000E\000W\000I\000\040\000\046\000\040\000L\000i\000q\000u\000i\000d\000i\000t\000y\000\040\000r\000i\000s\000k\000\040\000m\000a\000n\000a\000g\000e\000m\000e\000n\000t\000\040\000p\000r\000o\000c\000e\000s\000s\000\040\000\050\000L\000R\000M\000\051}{subsection.4.1}% 129
\BOOKMARK [3][-]{subsubsection.4.1.3}{\376\377\000F\000r\000a\000m\000e\000w\000o\000r\000k\000\040\000C\000o\000m\000p\000o\000n\000e\000n\000t\000s\000:\000\040\000M\000.\000E\000.\000R\000.\000I\000.\000T}{subsection.4.1}% 130
\BOOKMARK [3][-]{subsubsection.4.1.4}{\376\377\000G\000u\000i\000d\000e\000l\000i\000n\000e\000s\000\040\000f\000r\000o\000m\000\040\000O\000C\000C}{subsection.4.1}% 131
\BOOKMARK [3][-]{subsubsection.4.1.5}{\376\377\000G\000u\000i\000d\000e\000l\000i\000n\000e\000s\000\040\000f\000r\000o\000m\000\040\000B\000C\000B\000S}{subsection.4.1}% 132
\BOOKMARK [3][-]{subsubsection.4.1.6}{\376\377\000G\000u\000i\000d\000e\000l\000i\000n\000e\000s\000\040\000f\000r\000o\000m\000\040\000F\000e\000d\000e\000r\000a\000l\000\040\000R\000e\000s\000e\000r\000v\000e}{subsection.4.1}% 133
\BOOKMARK [2][-]{subsection.4.2}{\376\377\000I\000n\000t\000r\000a\000d\000a\000y\000\040\000L\000i\000q\000u\000i\000d\000i\000t\000y\000\040\000R\000i\000s\000k\000\040\000M\000a\000n\000a\000g\000e\000m\000e\000n\000t\000\040\000C\000h\0006}{section.4}% 134
\BOOKMARK [3][-]{subsubsection.4.2.1}{\376\377\000B\000a\000s\000i\000c\000s\000\040\000o\000f\000\040\000i\000n\000t\000r\000a\000d\000a\000v\000\040\000l\000i\000a\000u\000i\000d\000i\000t\000v}{subsection.4.2}% 135
\BOOKMARK [3][-]{subsubsection.4.2.2}{\376\377\000U\000s\000e\000s\000\040\000o\000f\000\040\000i\000n\000t\000r\000a\000d\000a\000y\000\040\000l\000i\000q\000u\000i\000d\000i\000t\000y\000\040\000f\000u\000n\000d}{subsection.4.2}% 136
\BOOKMARK [3][-]{subsubsection.4.2.3}{\376\377\000S\000o\000u\000r\000c\000e\000s\000\040\000o\000f\000\040\000i\000n\000t\000r\000a\000d\000a\000y\000\040\000l\000i\000q\000u\000i\000d\000i\000t\000y\000\040\000f\000u\000n\000d}{subsection.4.2}% 137
\BOOKMARK [3][-]{subsubsection.4.2.4}{\376\377\000G\000o\000v\000e\000r\000n\000a\000n\000c\000e\000\040\000o\000f\000\040\000l\000n\000t\000r\000a\000d\000a\000y\000\040\000L\000R\000M}{subsection.4.2}% 138
\BOOKMARK [3][-]{subsubsection.4.2.5}{\376\377\000M\000e\000a\000s\000u\000r\000e\000s\000\040\000f\000o\000r\000\040\000u\000n\000d\000e\000r\000s\000t\000a\000n\000d\000i\000n\000g\000\040\000i\000n\000t\000r\000a\000d\000a\000y\000\040\000f\000l\000o\000w\000s}{subsection.4.2}% 139
\BOOKMARK [3][-]{subsubsection.4.2.6}{\376\377\000M\000e\000a\000s\000u\000r\000e\000s\000\040\000f\000o\000r\000\040\000q\000u\000a\000n\000t\000i\000f\000y\000i\000n\000g\000\040\000a\000n\000d\000\040\000m\000o\000n\000i\000t\000o\000r\000i\000n\000g\000\040\000r\000i\000s\000k\000\040\000l\000e\000v\000e\000l\000s}{subsection.4.2}% 140
\BOOKMARK [2][-]{subsection.4.3}{\376\377\000l\000i\000q\000u\000i\000d\000i\000t\000y\000\040\000S\000t\000r\000e\000s\000s\000\040\000T\000e\000s\000t\000i\000n\000g\000\040\000a\000n\000d\000\040\000R\000e\000p\000o\000r\000t\000i\000n\000g\000\040\000C\000h\0009}{section.4}% 141
\BOOKMARK [3][-]{subsubsection.4.3.1}{\376\377\000F\000o\000u\000r\000\040\000c\000a\000t\000e\000g\000o\000r\000i\000e\000s\000\040\000o\000f\000\040\000f\000u\000n\000d\000i\000n\000g\000\040\000l\000i\000q\000u\000i\000d\000i\000t\000y}{subsection.4.3}% 142
\BOOKMARK [3][-]{subsubsection.4.3.2}{\376\377\000E\000s\000t\000i\000m\000a\000t\000i\000n\000g\000\040\000s\000t\000r\000e\000s\000s\000e\000d\000\040\000l\000i\000q\000u\000i\000d\000i\000t\000y\000\040\000a\000s\000s\000e\000t\000\040\000b\000u\000f\000f\000e\000r}{subsection.4.3}% 143
\BOOKMARK [3][-]{subsubsection.4.3.3}{\376\377\000D\000e\000s\000i\000g\000n\000\040\000o\000f\000\040\000t\000h\000e\000\040\000m\000o\000d\000e\000l}{subsection.4.3}% 144
\BOOKMARK [3][-]{subsubsection.4.3.4}{\376\377\000O\000r\000g\000a\000n\000i\000z\000a\000t\000i\000o\000n\000a\000l\000\040\000s\000c\000o\000p\000e}{subsection.4.3}% 145
\BOOKMARK [3][-]{subsubsection.4.3.5}{\376\377\000S\000c\000e\000n\000a\000r\000i\000o\000\040\000d\000e\000v\000e\000l\000o\000p\000m\000e\000n\000t}{subsection.4.3}% 146
\BOOKMARK [3][-]{subsubsection.4.3.6}{\376\377\000D\000e\000v\000e\000l\000o\000p\000m\000e\000n\000t\000\040\000o\000f\000\040\000A\000s\000s\000u\000m\000p\000t\000i\000o\000n\000s}{subsection.4.3}% 147
\BOOKMARK [3][-]{subsubsection.4.3.7}{\376\377\000O\000u\000t\000p\000u\000t\000s\000\040\000o\000f\000\040\000t\000h\000e\000\040\000m\000o\000d\000e\000l}{subsection.4.3}% 148
\BOOKMARK [3][-]{subsubsection.4.3.8}{\376\377\000G\000o\000v\000e\000r\000n\000a\000n\000c\000e\000\040\000a\000n\000d\000\040\000c\000o\000n\000t\000r\000o\000l\000s}{subsection.4.3}% 149
\BOOKMARK [3][-]{subsubsection.4.3.9}{\376\377\000I\000n\000t\000e\000g\000r\000a\000t\000i\000o\000n\000s\000\040\000w\000i\000t\000h\000\040\000o\000t\000h\000e\000r\000\040\000r\000i\000s\000k\000\040\000m\000o\000d\000e\000l\000s}{subsection.4.3}% 150
\BOOKMARK [3][-]{subsubsection.4.3.10}{\376\377\000L\000i\000q\000u\000i\000d\000i\000t\000y\000\040\000S\000t\000r\000e\000s\000s\000\040\000t\000e\000s\000t\000\040\000r\000e\000p\000o\000r\000t}{subsection.4.3}% 151
\BOOKMARK [3][-]{subsubsection.4.3.11}{\376\377\000C\000a\000s\000h\000\040\000f\000l\000o\000w\000\040\000s\000u\000r\000v\000i\000v\000a\000l\000\040\000r\000e\000p\000o\000r\000t}{subsection.4.3}% 152
\BOOKMARK [3][-]{subsubsection.4.3.12}{\376\377\000S\000t\000r\000e\000s\000s\000e\000d\000\040\000c\000u\000m\000u\000l\000a\000t\000i\000v\000e\000\040\000c\000a\000s\000h\000\040\000f\000l\000o\000w\000\040\000f\000o\000r\000e\000c\000a\000s\000t}{subsection.4.3}% 153
\BOOKMARK [3][-]{subsubsection.4.3.13}{\376\377\000L\000i\000n\000e\000-\000b\000y\000-\000l\000i\000n\000e\000\040\000s\000t\000r\000e\000s\000s\000\040\000t\000e\000s\000t\000\040\000r\000e\000s\000u\000l\000t\000\040\000r\000e\000p\000o\000r\000t}{subsection.4.3}% 154
\BOOKMARK [2][-]{subsection.4.4}{\376\377\000L\000i\000q\000u\000i\000d\000i\000t\000y\000\040\000R\000i\000s\000k\000\040\000R\000e\000p\000o\000r\000t\000i\000n\000g\000\040\000C\000h\0001\0000}{section.4}% 155
\BOOKMARK [3][-]{subsubsection.4.4.1}{\376\377\000L\000i\000q\000u\000i\000d\000i\000t\000y\000\040\000R\000i\000s\000k\000\040\000R\000e\000p\000o\000r\000t\000i\000n\000g}{subsection.4.4}% 156
\BOOKMARK [3][-]{subsubsection.4.4.2}{\376\377\000B\000e\000n\000c\000h\000m\000a\000r\000k\000\040\000l\000i\000q\000u\000i\000d\000i\000t\000y\000\040\000r\000e\000p\000o\000r\000t\000s\000\040\000f\000o\000r\000\040\000r\000e\000g\000u\000l\000a\000t\000e\000d\000\040\000b\000a\000n\000k\000s\000\040\000i\000n\000\040\000t\000h\000e\000\040\000U\000K}{subsection.4.4}% 157
\BOOKMARK [3][-]{subsubsection.4.4.3}{\376\377\000D\000e\000p\000o\000s\000i\000t\000\040\000t\000r\000a\000c\000k\000e\000r\000\040\000r\000e\000p\000o\000r\000t}{subsection.4.4}% 158
\BOOKMARK [3][-]{subsubsection.4.4.4}{\376\377\000D\000a\000i\000l\000y\000\040\000l\000i\000q\000u\000i\000d\000i\000t\000y\000\040\000r\000e\000p\000o\000r\000t}{subsection.4.4}% 159
\BOOKMARK [3][-]{subsubsection.4.4.5}{\376\377\000F\000u\000n\000d\000i\000n\000g\000\040\000m\000a\000t\000u\000r\000i\000t\000y\000\040\000g\000a\000p\000\040\000\050\000m\000i\000s\000m\000a\000t\000c\000h\000\051\000\040\000r\000e\000p\000o\000r\000t}{subsection.4.4}% 160
\BOOKMARK [3][-]{subsubsection.4.4.6}{\376\377\000F\000u\000n\000d\000i\000n\000g\000\040\000C\000o\000n\000c\000e\000n\000t\000r\000a\000t\000i\000o\000n\000\040\000R\000e\000p\000o\000r\000t}{subsection.4.4}% 161
\BOOKMARK [3][-]{subsubsection.4.4.7}{\376\377\000U\000n\000d\000r\000a\000w\000n\000\040\000C\000o\000m\000m\000i\000t\000m\000e\000n\000t\000\040\000R\000e\000p\000o\000r\000t}{subsection.4.4}% 162
\BOOKMARK [3][-]{subsubsection.4.4.8}{\376\377\000L\000i\000a\000b\000i\000l\000i\000t\000y\000\040\000P\000r\000o\000f\000i\000l\000e}{subsection.4.4}% 163
\BOOKMARK [3][-]{subsubsection.4.4.9}{\376\377\000W\000h\000o\000l\000e\000s\000a\000l\000e\000\040\000P\000r\000i\000c\000i\000n\000g\000\040\000a\000n\000d\000\040\000V\000o\000l\000u\000m\000e}{subsection.4.4}% 164
\BOOKMARK [2][-]{subsection.4.5}{\376\377\000C\000o\000n\000t\000i\000n\000g\000e\000n\000c\000y\000\040\000F\000u\000n\000d\000i\000n\000g\000\040\000P\000l\000a\000n\000n\000i\000n\000g\000\040\000C\000h\0001\0001}{section.4}% 165
\BOOKMARK [3][-]{subsubsection.4.5.1}{\376\377\000I\000n\000t\000r\000o\000d\000u\000c\000t\000i\000o\000n}{subsection.4.5}% 166
\BOOKMARK [3][-]{subsubsection.4.5.2}{\376\377\000R\000e\000l\000a\000t\000i\000o\000n\000s\000h\000i\000p\000\040\000w\000i\000t\000h\000\040\000l\000i\000q\000u\000i\000d\000i\000t\000y\000\040\000s\000t\000r\000e\000s\000s\000\040\000t\000e\000s\000t}{subsection.4.5}% 167
\BOOKMARK [3][-]{subsubsection.4.5.3}{\376\377\000K\000e\000y\000\040\000d\000e\000s\000i\000g\000n\000\040\000c\000o\000n\000s\000i\000d\000e\000r\000a\000t\000i\000o\000n\000s}{subsection.4.5}% 168
\BOOKMARK [3][-]{subsubsection.4.5.4}{\376\377\000K\000e\000y\000\040\000c\000o\000m\000p\000o\000n\000e\000n\000t\000s\000\040\000o\000f\000\040\000a\000\040\000C\000F\000P\000\040\000f\000r\000a\000m\000e\000w\000o\000r\000k}{subsection.4.5}% 169
